Archive member included to satisfy reference by file (symbol)

C:/STM32_IDE/STM32CubeIDE_1.16.1/STM32CubeIDE/plugins/com.st.stm32cube.ide.mcu.externaltools.gnu-tools-for-stm32.12.3.rel1.win32_1.0.200.202406191623/tools/bin/../lib/gcc/arm-none-eabi/12.3.1/../../../../arm-none-eabi/lib/thumb/v7-m/nofp\libc_nano.a(libc_a-atoi.o)
                              ./BSP/Two_Wheat/bsp_two_wheat.o (atoi)
C:/STM32_IDE/STM32CubeIDE_1.16.1/STM32CubeIDE/plugins/com.st.stm32cube.ide.mcu.externaltools.gnu-tools-for-stm32.12.3.rel1.win32_1.0.200.202406191623/tools/bin/../lib/gcc/arm-none-eabi/12.3.1/../../../../arm-none-eabi/lib/thumb/v7-m/nofp\libc_nano.a(libc_a-exit.o)
                              C:/STM32_IDE/STM32CubeIDE_1.16.1/STM32CubeIDE/plugins/com.st.stm32cube.ide.mcu.externaltools.gnu-tools-for-stm32.12.3.rel1.win32_1.0.200.202406191623/tools/bin/../lib/gcc/arm-none-eabi/12.3.1/../../../../arm-none-eabi/lib/thumb/v7-m/nofp/crt0.o (exit)
C:/STM32_IDE/STM32CubeIDE_1.16.1/STM32CubeIDE/plugins/com.st.stm32cube.ide.mcu.externaltools.gnu-tools-for-stm32.12.3.rel1.win32_1.0.200.202406191623/tools/bin/../lib/gcc/arm-none-eabi/12.3.1/../../../../arm-none-eabi/lib/thumb/v7-m/nofp\libc_nano.a(libc_a-strtol.o)
                              C:/STM32_IDE/STM32CubeIDE_1.16.1/STM32CubeIDE/plugins/com.st.stm32cube.ide.mcu.externaltools.gnu-tools-for-stm32.12.3.rel1.win32_1.0.200.202406191623/tools/bin/../lib/gcc/arm-none-eabi/12.3.1/../../../../arm-none-eabi/lib/thumb/v7-m/nofp\libc_nano.a(libc_a-atoi.o) (_strtol_r)
C:/STM32_IDE/STM32CubeIDE_1.16.1/STM32CubeIDE/plugins/com.st.stm32cube.ide.mcu.externaltools.gnu-tools-for-stm32.12.3.rel1.win32_1.0.200.202406191623/tools/bin/../lib/gcc/arm-none-eabi/12.3.1/../../../../arm-none-eabi/lib/thumb/v7-m/nofp\libc_nano.a(libc_a-ctype_.o)
                              C:/STM32_IDE/STM32CubeIDE_1.16.1/STM32CubeIDE/plugins/com.st.stm32cube.ide.mcu.externaltools.gnu-tools-for-stm32.12.3.rel1.win32_1.0.200.202406191623/tools/bin/../lib/gcc/arm-none-eabi/12.3.1/../../../../arm-none-eabi/lib/thumb/v7-m/nofp\libc_nano.a(libc_a-strtol.o) (_ctype_)
C:/STM32_IDE/STM32CubeIDE_1.16.1/STM32CubeIDE/plugins/com.st.stm32cube.ide.mcu.externaltools.gnu-tools-for-stm32.12.3.rel1.win32_1.0.200.202406191623/tools/bin/../lib/gcc/arm-none-eabi/12.3.1/../../../../arm-none-eabi/lib/thumb/v7-m/nofp\libc_nano.a(libc_a-findfp.o)
                              C:/STM32_IDE/STM32CubeIDE_1.16.1/STM32CubeIDE/plugins/com.st.stm32cube.ide.mcu.externaltools.gnu-tools-for-stm32.12.3.rel1.win32_1.0.200.202406191623/tools/bin/../lib/gcc/arm-none-eabi/12.3.1/../../../../arm-none-eabi/lib/thumb/v7-m/nofp\libc_nano.a(libc_a-exit.o) (__stdio_exit_handler)
C:/STM32_IDE/STM32CubeIDE_1.16.1/STM32CubeIDE/plugins/com.st.stm32cube.ide.mcu.externaltools.gnu-tools-for-stm32.12.3.rel1.win32_1.0.200.202406191623/tools/bin/../lib/gcc/arm-none-eabi/12.3.1/../../../../arm-none-eabi/lib/thumb/v7-m/nofp\libc_nano.a(libc_a-fwalk.o)
                              C:/STM32_IDE/STM32CubeIDE_1.16.1/STM32CubeIDE/plugins/com.st.stm32cube.ide.mcu.externaltools.gnu-tools-for-stm32.12.3.rel1.win32_1.0.200.202406191623/tools/bin/../lib/gcc/arm-none-eabi/12.3.1/../../../../arm-none-eabi/lib/thumb/v7-m/nofp\libc_nano.a(libc_a-findfp.o) (_fwalk_sglue)
C:/STM32_IDE/STM32CubeIDE_1.16.1/STM32CubeIDE/plugins/com.st.stm32cube.ide.mcu.externaltools.gnu-tools-for-stm32.12.3.rel1.win32_1.0.200.202406191623/tools/bin/../lib/gcc/arm-none-eabi/12.3.1/../../../../arm-none-eabi/lib/thumb/v7-m/nofp\libc_nano.a(libc_a-sprintf.o)
                              ./BSP/Two_Wheat/bsp_two_wheat.o (sprintf)
C:/STM32_IDE/STM32CubeIDE_1.16.1/STM32CubeIDE/plugins/com.st.stm32cube.ide.mcu.externaltools.gnu-tools-for-stm32.12.3.rel1.win32_1.0.200.202406191623/tools/bin/../lib/gcc/arm-none-eabi/12.3.1/../../../../arm-none-eabi/lib/thumb/v7-m/nofp\libc_nano.a(libc_a-stdio.o)
                              C:/STM32_IDE/STM32CubeIDE_1.16.1/STM32CubeIDE/plugins/com.st.stm32cube.ide.mcu.externaltools.gnu-tools-for-stm32.12.3.rel1.win32_1.0.200.202406191623/tools/bin/../lib/gcc/arm-none-eabi/12.3.1/../../../../arm-none-eabi/lib/thumb/v7-m/nofp\libc_nano.a(libc_a-findfp.o) (__sread)
C:/STM32_IDE/STM32CubeIDE_1.16.1/STM32CubeIDE/plugins/com.st.stm32cube.ide.mcu.externaltools.gnu-tools-for-stm32.12.3.rel1.win32_1.0.200.202406191623/tools/bin/../lib/gcc/arm-none-eabi/12.3.1/../../../../arm-none-eabi/lib/thumb/v7-m/nofp\libc_nano.a(libc_a-memset.o)
                              C:/STM32_IDE/STM32CubeIDE_1.16.1/STM32CubeIDE/plugins/com.st.stm32cube.ide.mcu.externaltools.gnu-tools-for-stm32.12.3.rel1.win32_1.0.200.202406191623/tools/bin/../lib/gcc/arm-none-eabi/12.3.1/../../../../arm-none-eabi/lib/thumb/v7-m/nofp/crt0.o (memset)
C:/STM32_IDE/STM32CubeIDE_1.16.1/STM32CubeIDE/plugins/com.st.stm32cube.ide.mcu.externaltools.gnu-tools-for-stm32.12.3.rel1.win32_1.0.200.202406191623/tools/bin/../lib/gcc/arm-none-eabi/12.3.1/../../../../arm-none-eabi/lib/thumb/v7-m/nofp\libc_nano.a(libc_a-closer.o)
[...]
Memory Configuration

Name             Origin             Length             Attributes
RAM              0x20000000         0x00010000         xrw
FLASH            0x08000000         0x00080000         xr
*default*        0x00000000         0xffffffff

Linker script and memory map

LOAD C:/STM32_IDE/STM32CubeIDE_1.16.1/STM32CubeIDE/plugins/com.st.stm32cube.ide.mcu.externaltools.gnu-tools-for-stm32.12.3.rel1.win32_1.0.200.202406191623/tools/bin/../lib/gcc/arm-none-eabi/12.3.1/thumb/v7-m/nofp/crti.o
LOAD C:/STM32_IDE/STM32CubeIDE_1.16.1/STM32CubeIDE/plugins/com.st.stm32cube.ide.mcu.externaltools.gnu-tools-for-stm32.12.3.rel1.win32_1.0.200.202406191623/tools/bin/../lib/gcc/arm-none-eabi/12.3.1/thumb/v7-m/nofp/crtbegin.o
LOAD C:/STM32_IDE/STM32CubeIDE_1.16.1/STM32CubeIDE/plugins/com.st.stm32cube.ide.mcu.externaltools.gnu-tools-for-stm32.12.3.rel1.win32_1.0.200.202406191623/tools/bin/../lib/gcc/arm-none-eabi/12.3.1/../../../../arm-none-eabi/lib/thumb/v7-m/nofp/crt0.o
LOAD ./BSP/RGB/bsp_rgb.o
LOAD ./BSP/Two_Wheat/bsp_two_wheat.o
LOAD ./BSP/USART/bsp_usrt4.o
LOAD ./BSP/bsp.o
LOAD ./BSP/encoder/bsp_encoder.o
LOAD ./BSP/motor/app_motor.o
LOAD ./BSP/motor/bsp_PID_motor.o
LOAD ./BSP/motor/bsp_motor.o
LOAD ./BSP/tim/bsp_tim.o
LOAD ./Core/Src/gpio.o
LOAD ./Core/Src/main.o
LOAD ./Core/Src/stm32f1xx_hal_msp.o
LOAD ./Core/Src/stm32f1xx_it.o
LOAD ./Core/Src/syscalls.o
LOAD ./Core/Src/sysmem.o
LOAD ./Core/Src/system_stm32f1xx.o
LOAD ./Core/Src/tim.o
LOAD ./Core/Src/usart.o
LOAD ./Core/Startup/startup_stm32f103zetx.o
LOAD ./Drivers/STM32F1xx_HAL_Driver/Src/stm32f1xx_hal.o
LOAD ./Drivers/STM32F1xx_HAL_Driver/Src/stm32f1xx_hal_cortex.o
LOAD ./Drivers/STM32F1xx_HAL_Driver/Src/stm32f1xx_hal_dma.o
LOAD ./Drivers/STM32F1xx_HAL_Driver/Src/stm32f1xx_hal_exti.o
LOAD ./Drivers/STM32F1xx_HAL_Driver/Src/stm32f1xx_hal_flash.o
LOAD ./Drivers/STM32F1xx_HAL_Driver/Src/stm32f1xx_hal_flash_ex.o
LOAD ./Drivers/STM32F1xx_HAL_Driver/Src/stm32f1xx_hal_gpio.o
LOAD ./Drivers/STM32F1xx_HAL_Driver/Src/stm32f1xx_hal_gpio_ex.o
LOAD ./Drivers/STM32F1xx_HAL_Driver/Src/stm32f1xx_hal_pwr.o
LOAD ./Drivers/STM32F1xx_HAL_Driver/Src/stm32f1xx_hal_rcc.o
LOAD ./Drivers/STM32F1xx_HAL_Driver/Src/stm32f1xx_hal_rcc_ex.o
LOAD ./Drivers/STM32F1xx_HAL_Driver/Src/stm32f1xx_hal_tim.o
LOAD ./Drivers/STM32F1xx_HAL_Driver/Src/stm32f1xx_hal_tim_ex.o
LOAD ./Drivers/STM32F1xx_HAL_Driver/Src/stm32f1xx_ll_dma.o
LOAD ./Drivers/STM32F1xx_HAL_Driver/Src/stm32f1xx_ll_exti.o
LOAD ./Drivers/STM32F1xx_HAL_Driver/Src/stm32f1xx_ll_gpio.o
LOAD ./Drivers/STM32F1xx_HAL_Driver/Src/stm32f1xx_ll_rcc.o
LOAD ./Drivers/STM32F1xx_HAL_Driver/Src/stm32f1xx_ll_usart.o
LOAD ./Drivers/STM32F1xx_HAL_Driver/Src/stm32f1xx_ll_utils.o
START GROUP
LOAD C:/STM32_IDE/STM32CubeIDE_1.16.1/STM32CubeIDE/plugins/com.st.stm32cube.ide.mcu.externaltools.gnu-tools-for-stm32.12.3.rel1.win32_1.0.200.202406191623/tools/bin/../lib/gcc/arm-none-eabi/12.3.1/../../../../arm-none-eabi/lib/thumb/v7-m/nofp\libc_nano.a
LOAD C:/STM32_IDE/STM32CubeIDE_1.16.1/STM32CubeIDE/plugins/com.st.stm32cube.ide.mcu.externaltools.gnu-tools-for-stm32.12.3.rel1.win32_1.0.200.202406191623/tools/bin/../lib/gcc/arm-none-eabi/12.3.1/../../../../arm-none-eabi/lib/thumb/v7-m/nofp\libm.a
END GROUP
START GROUP
LOAD C:/STM32_IDE/STM32CubeIDE_1.16.1/STM32CubeIDE/plugins/com.st.stm32cube.ide.mcu.externaltools.gnu-tools-for-stm32.12.3.rel1.win32_1.0.200.202406191623/tools/bin/../lib/gcc/arm-none-eabi/12.3.1/thumb/v7-m/nofp\libgcc.a
LOAD C:/STM32_IDE/STM32CubeIDE_1.16.1/STM32CubeIDE/plugins/com.st.stm32cube.ide.mcu.externaltools.gnu-tools-for-stm32.12.3.rel1.win32_1.0.200.202406191623/tools/bin/../lib/gcc/arm-none-eabi/12.3.1/../../../../arm-none-eabi/lib/thumb/v7-m/nofp\libc_nano.a
END GROUP
START GROUP
LOAD C:/STM32_IDE/STM32CubeIDE_1.16.1/STM32CubeIDE/plugins/com.st.stm32cube.ide.mcu.externaltools.gnu-tools-for-stm32.12.3.rel1.win32_1.0.200.202406191623/tools/bin/../lib/gcc/arm-none-eabi/12.3.1/thumb/v7-m/nofp\libgcc.a
LOAD C:/STM32_IDE/STM32CubeIDE_1.16.1/STM32CubeIDE/plugins/com.st.stm32cube.ide.mcu.externaltools.gnu-tools-for-stm32.12.3.rel1.win32_1.0.200.202406191623/tools/bin/../lib/gcc/arm-none-eabi/12.3.1/../../../../arm-none-eabi/lib/thumb/v7-m/nofp\libc_nano.a
LOAD C:/STM32_IDE/STM32CubeIDE_1.16.1/STM32CubeIDE/plugins/com.st.stm32cube.ide.mcu.externaltools.gnu-tools-for-stm32.12.3.rel1.win32_1.0.200.202406191623/tools/bin/../lib/gcc/arm-none-eabi/12.3.1/../../../../arm-none-eabi/lib/thumb/v7-m/nofp\libnosys.a
END GROUP
START GROUP
LOAD C:/STM32_IDE/STM32CubeIDE_1.16.1/STM32CubeIDE/plugins/com.st.stm32cube.ide.mcu.externaltools.gnu-tools-for-stm32.12.3.rel1.win32_1.0.200.202406191623/tools/bin/../lib/gcc/arm-none-eabi/12.3.1/thumb/v7-m/nofp\libgcc.a
LOAD C:/STM32_IDE/STM32CubeIDE_1.16.1/STM32CubeIDE/plugins/com.st.stm32cube.ide.mcu.externaltools.gnu-tools-for-stm32.12.3.rel1.win32_1.0.200.202406191623/tools/bin/../lib/gcc/arm-none-eabi/12.3.1/../../../../arm-none-eabi/lib/thumb/v7-m/nofp\libc_nano.a
LOAD C:/STM32_IDE/STM32CubeIDE_1.16.1/STM32CubeIDE/plugins/com.st.stm32cube.ide.mcu.externaltools.gnu-tools-for-stm32.12.3.rel1.win32_1.0.200.202406191623/tools/bin/../lib/gcc/arm-none-eabi/12.3.1/../../../../arm-none-eabi/lib/thumb/v7-m/nofp\libnosys.a
END GROUP
LOAD C:/STM32_IDE/STM32CubeIDE_1.16.1/STM32CubeIDE/plugins/com.st.stm32cube.ide.mcu.externaltools.gnu-tools-for-stm32.12.3.rel1.win32_1.0.200.202406191623/tools/bin/../lib/gcc/arm-none-eabi/12.3.1/thumb/v7-m/nofp/crtend.o
LOAD C:/STM32_IDE/STM32CubeIDE_1.16.1/STM32CubeIDE/plugins/com.st.stm32cube.ide.mcu.externaltools.gnu-tools-for-stm32.12.3.rel1.win32_1.0.200.202406191623/tools/bin/../lib/gcc/arm-none-eabi/12.3.1/thumb/v7-m/nofp/crtn.o
                0x20010000                        _estack = (ORIGIN (RAM) + LENGTH (RAM))
                0x00000200                        _Min_Heap_Size = 0x200
                0x00000400                        _Min_Stack_Size = 0x400

.isr_vector     0x08000000      0x1e4
                0x08000000                        . = ALIGN (0x4)
 *(.isr_vector)
 .isr_vector    0x08000000      0x1e4 ./Core/Startup/startup_stm32f103zetx.o
                0x08000000                g_pfnVectors
                0x080001e4                        . = ALIGN (0x4)

.text           0x080001e4     0x7d68
                0x080001e4                        . = ALIGN (0x4)
 *(.text)
 .text          0x080001e4       0x40 C:/STM32_IDE/STM32CubeIDE_1.16.1/STM32CubeIDE/plugins/com.st.stm32cube.ide.mcu.externaltools.gnu-tools-for-stm32.12.3.rel1.win32_1.0.200.202406191623/tools/bin/../lib/gcc/arm-none-eabi/12.3.1/thumb/v7-m/nofp/crtbegin.o
 .text          0x08000224       0x10 C:/STM32_IDE/STM32CubeIDE_1.16.1/STM32CubeIDE/plugins/com.st.stm32cube.ide.mcu.externaltools.gnu-tools-for-stm32.12.3.rel1.win32_1.0.200.202406191623/tools/bin/../lib/gcc/arm-none-eabi/12.3.1/../../../../arm-none-eabi/lib/thumb/v7-m/nofp\libc_nano.a(libc_a-strlen.o)
                0x08000224                strlen
 .text          0x08000234      0x378 C:/STM32_IDE/STM32CubeIDE_1.16.1/STM32CubeIDE/plugins/com.st.stm32cube.ide.mcu.externaltools.gnu-tools-for-stm32.12.3.rel1.win32_1.0.200.202406191623/tools/bin/../lib/gcc/arm-none-eabi/12.3.1/thumb/v7-m/nofp\libgcc.a(_arm_addsubdf3.o)
                0x08000234                __aeabi_drsub
                0x0800023c                __aeabi_dsub
                0x0800023c                __subdf3
                0x08000240                __aeabi_dadd
                0x08000240                __adddf3
                0x080004b8                __floatunsidf
                0x080004b8                __aeabi_ui2d
                0x080004d8                __floatsidf
                0x080004d8                __aeabi_i2d
                0x080004fc                __aeabi_f2d
                0x080004fc                __extendsfdf2
                0x08000540                __floatundidf
                0x08000540                __aeabi_ul2d
                0x08000550                __floatdidf
                0x08000550                __aeabi_l2d
 .text          0x080005ac       0xa0 C:/STM32_IDE/STM32CubeIDE_1.16.1/STM32CubeIDE/plugins/com.st.stm32cube.ide.mcu.externaltools.gnu-tools-for-stm32.12.3.rel1.win32_1.0.200.202406191623/tools/bin/../lib/gcc/arm-none-eabi/12.3.1/thumb/v7-m/nofp\libgcc.a(_arm_truncdfsf2.o)
                0x080005ac                __truncdfsf2
                0x080005ac                __aeabi_d2f
 .text          0x0800064c      0x21c C:/STM32_IDE/STM32CubeIDE_1.16.1/STM32CubeIDE/plugins/com.st.stm32cube.ide.mcu.externaltools.gnu-tools-for-stm32.12.3.rel1.win32_1.0.200.202406191623/tools/bin/../lib/gcc/arm-none-eabi/12.3.1/thumb/v7-m/nofp\libgcc.a(_arm_addsubsf3.o)
                0x0800064c                __aeabi_frsub
                0x08000654                __subsf3
                0x08000654                __aeabi_fsub
                0x08000658                __aeabi_fadd
                0x08000658                __addsf3
                0x080007b8                __aeabi_ui2f
                0x080007b8                __floatunsisf
                0x080007c0                __aeabi_i2f
                0x080007c0                __floatsisf
                0x080007dc                __aeabi_ul2f
                0x080007dc                __floatundisf
                0x080007ec                __aeabi_l2f
                0x080007ec                __floatdisf
 .text          0x08000868      0x2a0 C:/STM32_IDE/STM32CubeIDE_1.16.1/STM32CubeIDE/plugins/com.st.stm32cube.ide.mcu.externaltools.gnu-tools-for-stm32.12.3.rel1.win32_1.0.200.202406191623/tools/bin/../lib/gcc/arm-none-eabi/12.3.1/thumb/v7-m/nofp\libgcc.a(_arm_muldivsf3.o)
                0x08000868                __mulsf3
                0x08000868                __aeabi_fmul
                0x080009d0                __aeabi_fdiv
                0x080009d0                __divsf3
 .text          0x08000b08       0xec C:/STM32_IDE/STM32CubeIDE_1.16.1/STM32CubeIDE/plugins/com.st.stm32cube.ide.mcu.externaltools.gnu-tools-for-stm32.12.3.rel1.win32_1.0.200.202406191623/tools/bin/../lib/gcc/arm-none-eabi/12.3.1/thumb/v7-m/nofp\libgcc.a(_arm_cmpsf2.o)
                0x08000b08                __gesf2
                0x08000b08                __gtsf2
                0x08000b10                __lesf2
                0x08000b10                __ltsf2
                0x08000b18                __nesf2
                0x08000b18                __eqsf2
                0x08000b18                __cmpsf2
                0x08000b78                __aeabi_cfrcmple
                0x08000b80                __aeabi_cfcmpeq
                0x08000b80                __aeabi_cfcmple
                0x08000b90                __aeabi_fcmpeq
                0x08000ba4                __aeabi_fcmplt
                0x08000bb8                __aeabi_fcmple
                0x08000bcc                __aeabi_fcmpge
                0x08000be0                __aeabi_fcmpgt
 .text          0x08000bf4       0x4c C:/STM32_IDE/STM32CubeIDE_1.16.1/STM32CubeIDE/plugins/com.st.stm32cube.ide.mcu.externaltools.gnu-tools-for-stm32.12.3.rel1.win32_1.0.200.202406191623/tools/bin/../lib/gcc/arm-none-eabi/12.3.1/thumb/v7-m/nofp\libgcc.a(_arm_fixsfsi.o)
                0x08000bf4                __aeabi_f2iz
                0x08000bf4                __fixsfsi
 *(.text*)
 .text.Set_color_R
                0x08000c40      0x140 ./BSP/RGB/bsp_rgb.o
                0x08000c40                Set_color_R
 .text.Set_color_L
                0x08000d80      0x144 ./BSP/RGB/bsp_rgb.o
                0x08000d80                Set_color_L
 .text.Deal_Two_Massage
                0x08000ec4       0xb4 ./BSP/Two_Wheat/bsp_two_wheat.o
                0x08000ec4                Deal_Two_Massage
 .text.Massage_Deal
                0x08000f78       0x50 ./BSP/Two_Wheat/bsp_two_wheat.o
                0x08000f78                Massage_Deal
 .text.Get_Massage
                0x08000fc8       0x14 ./BSP/Two_Wheat/bsp_two_wheat.o
                0x08000fc8                Get_Massage
 .text.Send_Massage
                0x08000fdc       0xd4 ./BSP/Two_Wheat/bsp_two_wheat.o
                0x08000fdc                Send_Massage
 .text.my_strcmp
                0x080010b0       0x38 ./BSP/Two_Wheat/bsp_two_wheat.o
                0x080010b0                my_strcmp
 .text.LL_USART_IsActiveFlag_TXE
                0x080010e8       0x24 ./BSP/USART/bsp_usrt4.o
 .text.LL_USART_EnableIT_RXNE
                0x0800110c       0x44 ./BSP/USART/bsp_usrt4.o
 .text.LL_USART_IsEnabledIT_RXNE
                0x08001150       0x24 ./BSP/USART/bsp_usrt4.o
 .text.LL_USART_ReceiveData8
                0x08001174       0x18 ./BSP/USART/bsp_usrt4.o
 .text.LL_USART_TransmitData8
                0x0800118c       0x1c ./BSP/USART/bsp_usrt4.o
 .text.UART4_Init
                0x080011a8       0x14 ./BSP/USART/bsp_usrt4.o
                0x080011a8                UART4_Init
 .text.UART4_IRQHandler
                0x080011bc       0x30 ./BSP/USART/bsp_usrt4.o
                0x080011bc                UART4_IRQHandler
 .text.USRT4_DataByte
                0x080011ec       0x30 ./BSP/USART/bsp_usrt4.o
                0x080011ec                USRT4_DataByte
 .text.USRT4_DataString
                0x0800121c       0x3a ./BSP/USART/bsp_usrt4.o
                0x0800121c                USRT4_DataString
 .text.BSP_Init
                0x08001256       0x14 ./BSP/bsp.o
                0x08001256                BSP_Init
 *fill*         0x0800126a        0x2 
 .text.BSP_Loop
                0x0800126c       0x54 ./BSP/bsp.o
                0x0800126c                BSP_Loop
 .text.Change_RGB
                0x080012c0       0xbc ./BSP/bsp.o
                0x080012c0                Change_RGB
 .text.Control_Car
                0x0800137c      0x320 ./BSP/bsp.o
                0x0800137c                Control_Car
 .text.Control_speed
                0x0800169c       0x64 ./BSP/bsp.o
                0x0800169c                Control_speed
 .text.Encoder_Read_CNT
                0x08001700       0xb4 ./BSP/encoder/bsp_encoder.o
 .text.Encoder_Get_ALL
                0x080017b4       0x48 ./BSP/encoder/bsp_encoder.o
                0x080017b4                Encoder_Get_ALL
 .text.Encoder_Update_Count
                0x080017fc       0x68 ./BSP/encoder/bsp_encoder.o
                0x080017fc                Encoder_Update_Count
 .text.Motion_Get_Circle_Pulse
                0x08001864       0x14 ./BSP/motor/app_motor.o
 .text.Motion_Set_Yaw_Adjust
                0x08001878       0x2c ./BSP/motor/app_motor.o
                0x08001878                Motion_Set_Yaw_Adjust
 .text.Motion_Set_Pwm
                0x080018a4       0xa6 ./BSP/motor/app_motor.o
                0x080018a4                Motion_Set_Pwm
 *fill*         0x0800194a        0x2 
 .text.Motion_Stop
                0x0800194c       0x40 ./BSP/motor/app_motor.o
                0x0800194c                Motion_Stop
 .text.Motion_Set_Speed
                0x0800198c       0x88 ./BSP/motor/app_motor.o
                0x0800198c                Motion_Set_Speed
 .text.Motion_Get_Speed
                0x08001a14      0x1b0 ./BSP/motor/app_motor.o
                0x08001a14                Motion_Get_Speed
 .text.Motion_Get_APB
                0x08001bc4       0x14 ./BSP/motor/app_motor.o
                0x08001bc4                Motion_Get_APB
 .text.Motion_Get_Circle_MM
                0x08001bd8       0x14 ./BSP/motor/app_motor.o
                0x08001bd8                Motion_Get_Circle_MM
 .text.Motion_Get_Encoder
                0x08001bec       0x60 ./BSP/motor/app_motor.o
                0x08001bec                Motion_Get_Encoder
 .text.wheel_State
                0x08001c4c      0x114 ./BSP/motor/app_motor.o
                0x08001c4c                wheel_State
 .text.wheel_Ctrl
                0x08001d60      0x1fc ./BSP/motor/app_motor.o
                0x08001d60                wheel_Ctrl
 .text.Motion_Handle
                0x08001f5c       0x64 ./BSP/motor/app_motor.o
                0x08001f5c                Motion_Handle
 .text.PID_Param_Init
                0x08001fc0      0x110 ./BSP/motor/bsp_PID_motor.o
                0x08001fc0                PID_Param_Init
 .text.PID_Incre_Calc
                0x080020d0      0x110 ./BSP/motor/bsp_PID_motor.o
                0x080020d0                PID_Incre_Calc
 .text.PID_Calc_Motor
                0x080021e0       0x50 ./BSP/motor/bsp_PID_motor.o
                0x080021e0                PID_Calc_Motor
 .text.PID_Clear_Motor
                0x08002230      0x118 ./BSP/motor/bsp_PID_motor.o
                0x08002230                PID_Clear_Motor
 .text.PID_Set_Motor_Target
                0x08002348       0x60 ./BSP/motor/bsp_PID_motor.o
                0x08002348                PID_Set_Motor_Target
 .text.Motor_Ignore_Dead_Zone
                0x080023a8       0x3e ./BSP/motor/bsp_motor.o
 *fill*         0x080023e6        0x2 
 .text.Motor_Stop
                0x080023e8       0x98 ./BSP/motor/bsp_motor.o
                0x080023e8                Motor_Stop
 .text.Motor_Set_Pwm
                0x08002480      0x128 ./BSP/motor/bsp_motor.o
                0x08002480                Motor_Set_Pwm
 .text.Bsp_Tim_Init
                0x080025a8       0xb8 ./BSP/tim/bsp_tim.o
                0x080025a8                Bsp_Tim_Init
 .text.HAL_TIM_PeriodElapsedCallback
                0x08002660       0x28 ./BSP/tim/bsp_tim.o
                0x08002660                HAL_TIM_PeriodElapsedCallback
 .text.MX_GPIO_Init
                0x08002688      0x104 ./Core/Src/gpio.o
                0x08002688                MX_GPIO_Init
 .text.main     0x0800278c       0x3a ./Core/Src/main.o
                0x0800278c                main
 .text.SystemClock_Config
                0x080027c6       0x8a ./Core/Src/main.o
                0x080027c6                SystemClock_Config
 .text.Error_Handler
                0x08002850        0xc ./Core/Src/main.o
                0x08002850                Error_Handler
 .text.assert_failed
                0x0800285c       0x14 ./Core/Src/main.o
                0x0800285c                assert_failed
 .text.HAL_MspInit
                0x08002870       0x68 ./Core/Src/stm32f1xx_hal_msp.o
                0x08002870                HAL_MspInit
 .text.NMI_Handler
                0x080028d8        0x8 ./Core/Src/stm32f1xx_it.o
                0x080028d8                NMI_Handler
 .text.HardFault_Handler
                0x080028e0        0x8 ./Core/Src/stm32f1xx_it.o
                0x080028e0                HardFault_Handler
 .text.MemManage_Handler
                0x080028e8        0x8 ./Core/Src/stm32f1xx_it.o
                0x080028e8                MemManage_Handler
 .text.BusFault_Handler
                0x080028f0        0x8 ./Core/Src/stm32f1xx_it.o
                0x080028f0                BusFault_Handler
 .text.UsageFault_Handler
                0x080028f8        0x8 ./Core/Src/stm32f1xx_it.o
                0x080028f8                UsageFault_Handler
 .text.SVC_Handler
                0x08002900        0xc ./Core/Src/stm32f1xx_it.o
                0x08002900                SVC_Handler
 .text.DebugMon_Handler
                0x0800290c        0xc ./Core/Src/stm32f1xx_it.o
                0x0800290c                DebugMon_Handler
 .text.PendSV_Handler
                0x08002918        0xc ./Core/Src/stm32f1xx_it.o
                0x08002918                PendSV_Handler
 .text.SysTick_Handler
                0x08002924        0xc ./Core/Src/stm32f1xx_it.o
                0x08002924                SysTick_Handler
 .text.TIM6_IRQHandler
                0x08002930       0x14 ./Core/Src/stm32f1xx_it.o
                0x08002930                TIM6_IRQHandler
 .text._sbrk    0x08002944       0x6c ./Core/Src/sysmem.o
                0x08002944                _sbrk
 .text.SystemInit
                0x080029b0        0xc ./Core/Src/system_stm32f1xx.o
                0x080029b0                SystemInit
 .text.MX_TIM1_Init
                0x080029bc      0x188 ./Core/Src/tim.o
                0x080029bc                MX_TIM1_Init
 .text.MX_TIM2_Init
                0x08002b44       0xa8 ./Core/Src/tim.o
                0x08002b44                MX_TIM2_Init
 .text.MX_TIM3_Init
                0x08002bec       0xa8 ./Core/Src/tim.o
                0x08002bec                MX_TIM3_Init
 .text.MX_TIM4_Init
                0x08002c94       0xa8 ./Core/Src/tim.o
                0x08002c94                MX_TIM4_Init
 .text.MX_TIM5_Init
                0x08002d3c       0xa8 ./Core/Src/tim.o
                0x08002d3c                MX_TIM5_Init
 .text.MX_TIM6_Init
                0x08002de4       0x6c ./Core/Src/tim.o
                0x08002de4                MX_TIM6_Init
 .text.MX_TIM8_Init
                0x08002e50      0x188 ./Core/Src/tim.o
                0x08002e50                MX_TIM8_Init
 .text.HAL_TIM_Base_MspInit
                0x08002fd8       0x9c ./Core/Src/tim.o
                0x08002fd8                HAL_TIM_Base_MspInit
 .text.HAL_TIM_Encoder_MspInit
                0x08003074      0x224 ./Core/Src/tim.o
                0x08003074                HAL_TIM_Encoder_MspInit
 .text.HAL_TIM_MspPostInit
                0x08003298       0xd4 ./Core/Src/tim.o
                0x08003298                HAL_TIM_MspPostInit
 .text.__NVIC_GetPriorityGrouping
                0x0800336c       0x1c ./Core/Src/usart.o
 .text.__NVIC_EnableIRQ
                0x08003388       0x38 ./Core/Src/usart.o
 .text.__NVIC_SetPriority
                0x080033c0       0x54 ./Core/Src/usart.o
 .text.NVIC_EncodePriority
                0x08003414       0x64 ./Core/Src/usart.o
 .text.LL_USART_Enable
                0x08003478       0x1e ./Core/Src/usart.o
 .text.LL_USART_ConfigAsyncMode
                0x08003496       0x2a ./Core/Src/usart.o
 .text.LL_APB1_GRP1_EnableClock
                0x080034c0       0x30 ./Core/Src/usart.o
 .text.LL_APB2_GRP1_EnableClock
                0x080034f0       0x30 ./Core/Src/usart.o
 .text.MX_UART4_Init
                0x08003520       0xcc ./Core/Src/usart.o
                0x08003520                MX_UART4_Init
 .text.Reset_Handler
                0x080035ec       0x48 ./Core/Startup/startup_stm32f103zetx.o
                0x080035ec                Reset_Handler
 .text.Default_Handler
                0x08003634        0x2 ./Core/Startup/startup_stm32f103zetx.o
                0x08003634                RTC_Alarm_IRQHandler
                0x08003634                EXTI2_IRQHandler
                0x08003634                TIM8_TRG_COM_IRQHandler
                0x08003634                TIM8_CC_IRQHandler
                0x08003634                TIM1_CC_IRQHandler
                0x08003634                PVD_IRQHandler
                0x08003634                SDIO_IRQHandler
                0x08003634                EXTI3_IRQHandler
                0x08003634                EXTI0_IRQHandler
                0x08003634                I2C2_EV_IRQHandler
                0x08003634                ADC1_2_IRQHandler
                0x08003634                SPI1_IRQHandler
                0x08003634                TAMPER_IRQHandler
                0x08003634                TIM8_UP_IRQHandler
                0x08003634                DMA2_Channel2_IRQHandler
                0x08003634                DMA1_Channel4_IRQHandler
                0x08003634                USART3_IRQHandler
                0x08003634                RTC_IRQHandler
                0x08003634                DMA1_Channel7_IRQHandler
                0x08003634                CAN1_RX1_IRQHandler
                0x08003634                UART5_IRQHandler
                0x08003634                ADC3_IRQHandler
                0x08003634                TIM4_IRQHandler
                0x08003634                DMA2_Channel1_IRQHandler
                0x08003634                I2C1_EV_IRQHandler
                0x08003634                DMA1_Channel6_IRQHandler
                0x08003634                TIM3_IRQHandler
                0x08003634                RCC_IRQHandler
                0x08003634                TIM1_TRG_COM_IRQHandler
                0x08003634                DMA1_Channel1_IRQHandler
                0x08003634                Default_Handler
                0x08003634                EXTI15_10_IRQHandler
                0x08003634                TIM7_IRQHandler
                0x08003634                TIM5_IRQHandler
                0x08003634                EXTI9_5_IRQHandler
                0x08003634                SPI2_IRQHandler
                0x08003634                DMA1_Channel5_IRQHandler
                0x08003634                EXTI4_IRQHandler
                0x08003634                USB_LP_CAN1_RX0_IRQHandler
                0x08003634                USB_HP_CAN1_TX_IRQHandler
                0x08003634                DMA1_Channel3_IRQHandler
                0x08003634                FSMC_IRQHandler
                0x08003634                TIM1_UP_IRQHandler
                0x08003634                WWDG_IRQHandler
                0x08003634                TIM2_IRQHandler
                0x08003634                TIM1_BRK_IRQHandler
                0x08003634                EXTI1_IRQHandler
                0x08003634                DMA2_Channel4_5_IRQHandler
                0x08003634                USART2_IRQHandler
                0x08003634                I2C2_ER_IRQHandler
                0x08003634                DMA1_Channel2_IRQHandler
                0x08003634                TIM8_BRK_IRQHandler
                0x08003634                CAN1_SCE_IRQHandler
                0x08003634                FLASH_IRQHandler
                0x08003634                USART1_IRQHandler
                0x08003634                SPI3_IRQHandler
                0x08003634                I2C1_ER_IRQHandler
                0x08003634                USBWakeUp_IRQHandler
                0x08003634                DMA2_Channel3_IRQHandler
 *fill*         0x08003636        0x2 
 .text.HAL_Init
                0x08003638       0x2c ./Drivers/STM32F1xx_HAL_Driver/Src/stm32f1xx_hal.o
                0x08003638                HAL_Init
 .text.HAL_InitTick
                0x08003664       0x60 ./Drivers/STM32F1xx_HAL_Driver/Src/stm32f1xx_hal.o
                0x08003664                HAL_InitTick
 .text.HAL_IncTick
                0x080036c4       0x24 ./Drivers/STM32F1xx_HAL_Driver/Src/stm32f1xx_hal.o
                0x080036c4                HAL_IncTick
 .text.HAL_GetTick
                0x080036e8       0x14 ./Drivers/STM32F1xx_HAL_Driver/Src/stm32f1xx_hal.o
                0x080036e8                HAL_GetTick
 .text.HAL_Delay
                0x080036fc       0x48 ./Drivers/STM32F1xx_HAL_Driver/Src/stm32f1xx_hal.o
                0x080036fc                HAL_Delay
 .text.__NVIC_SetPriorityGrouping
                0x08003744       0x48 ./Drivers/STM32F1xx_HAL_Driver/Src/stm32f1xx_hal_cortex.o
 .text.__NVIC_GetPriorityGrouping
                0x0800378c       0x1c ./Drivers/STM32F1xx_HAL_Driver/Src/stm32f1xx_hal_cortex.o
 .text.__NVIC_EnableIRQ
                0x080037a8       0x38 ./Drivers/STM32F1xx_HAL_Driver/Src/stm32f1xx_hal_cortex.o
 .text.__NVIC_SetPriority
                0x080037e0       0x54 ./Drivers/STM32F1xx_HAL_Driver/Src/stm32f1xx_hal_cortex.o
 .text.NVIC_EncodePriority
                0x08003834       0x64 ./Drivers/STM32F1xx_HAL_Driver/Src/stm32f1xx_hal_cortex.o
 .text.SysTick_Config
                0x08003898       0x44 ./Drivers/STM32F1xx_HAL_Driver/Src/stm32f1xx_hal_cortex.o
 .text.HAL_NVIC_SetPriorityGrouping
                0x080038dc       0x40 ./Drivers/STM32F1xx_HAL_Driver/Src/stm32f1xx_hal_cortex.o
                0x080038dc                HAL_NVIC_SetPriorityGrouping
 .text.HAL_NVIC_SetPriority
                0x0800391c       0x58 ./Drivers/STM32F1xx_HAL_Driver/Src/stm32f1xx_hal_cortex.o
                0x0800391c                HAL_NVIC_SetPriority
 .text.HAL_NVIC_EnableIRQ
                0x08003974       0x30 ./Drivers/STM32F1xx_HAL_Driver/Src/stm32f1xx_hal_cortex.o
                0x08003974                HAL_NVIC_EnableIRQ
 .text.HAL_SYSTICK_Config
                0x080039a4       0x18 ./Drivers/STM32F1xx_HAL_Driver/Src/stm32f1xx_hal_cortex.o
                0x080039a4                HAL_SYSTICK_Config
 .text.HAL_GPIO_Init
                0x080039bc      0x528 ./Drivers/STM32F1xx_HAL_Driver/Src/stm32f1xx_hal_gpio.o
                0x080039bc                HAL_GPIO_Init
 .text.HAL_GPIO_WritePin
                0x08003ee4       0x58 ./Drivers/STM32F1xx_HAL_Driver/Src/stm32f1xx_hal_gpio.o
                0x08003ee4                HAL_GPIO_WritePin
 .text.HAL_RCC_OscConfig
                0x08003f3c      0x6dc ./Drivers/STM32F1xx_HAL_Driver/Src/stm32f1xx_hal_rcc.o
                0x08003f3c                HAL_RCC_OscConfig
 .text.HAL_RCC_ClockConfig
                0x08004618      0x320 ./Drivers/STM32F1xx_HAL_Driver/Src/stm32f1xx_hal_rcc.o
                0x08004618                HAL_RCC_ClockConfig
 .text.HAL_RCC_GetSysClockFreq
                0x08004938       0xa8 ./Drivers/STM32F1xx_HAL_Driver/Src/stm32f1xx_hal_rcc.o
                0x08004938                HAL_RCC_GetSysClockFreq
 .text.RCC_Delay
                0x080049e0       0x3c ./Drivers/STM32F1xx_HAL_Driver/Src/stm32f1xx_hal_rcc.o
 .text.HAL_TIM_Base_Init
                0x08004a1c      0x1a8 ./Drivers/STM32F1xx_HAL_Driver/Src/stm32f1xx_hal_tim.o
                0x08004a1c                HAL_TIM_Base_Init
 .text.HAL_TIM_Base_Start_IT
                0x08004bc4      0x124 ./Drivers/STM32F1xx_HAL_Driver/Src/stm32f1xx_hal_tim.o
                0x08004bc4                HAL_TIM_Base_Start_IT
 .text.HAL_TIM_PWM_Init
                0x08004ce8      0x1a8 ./Drivers/STM32F1xx_HAL_Driver/Src/stm32f1xx_hal_tim.o
                0x08004ce8                HAL_TIM_PWM_Init
 .text.HAL_TIM_PWM_MspInit
                0x08004e90       0x12 ./Drivers/STM32F1xx_HAL_Driver/Src/stm32f1xx_hal_tim.o
                0x08004e90                HAL_TIM_PWM_MspInit
 *fill*         0x08004ea2        0x2 
 .text.HAL_TIM_PWM_Start
                0x08004ea4      0x250 ./Drivers/STM32F1xx_HAL_Driver/Src/stm32f1xx_hal_tim.o
                0x08004ea4                HAL_TIM_PWM_Start
 .text.HAL_TIM_Encoder_Init
                0x080050f4      0x348 ./Drivers/STM32F1xx_HAL_Driver/Src/stm32f1xx_hal_tim.o
                0x080050f4                HAL_TIM_Encoder_Init
 .text.HAL_TIM_Encoder_Start
                0x0800543c      0x17c ./Drivers/STM32F1xx_HAL_Driver/Src/stm32f1xx_hal_tim.o
                0x0800543c                HAL_TIM_Encoder_Start
 .text.HAL_TIM_IRQHandler
                0x080055b8      0x210 ./Drivers/STM32F1xx_HAL_Driver/Src/stm32f1xx_hal_tim.o
                0x080055b8                HAL_TIM_IRQHandler
 .text.HAL_TIM_PWM_ConfigChannel
                0x080057c8      0x344 ./Drivers/STM32F1xx_HAL_Driver/Src/stm32f1xx_hal_tim.o
                0x080057c8                HAL_TIM_PWM_ConfigChannel
 .text.HAL_TIM_ConfigClockSource
                0x08005b0c      0x62c ./Drivers/STM32F1xx_HAL_Driver/Src/stm32f1xx_hal_tim.o
                0x08005b0c                HAL_TIM_ConfigClockSource
 .text.HAL_TIM_OC_DelayElapsedCallback
                0x08006138       0x12 ./Drivers/STM32F1xx_HAL_Driver/Src/stm32f1xx_hal_tim.o
                0x08006138                HAL_TIM_OC_DelayElapsedCallback
 .text.HAL_TIM_IC_CaptureCallback
                0x0800614a       0x12 ./Drivers/STM32F1xx_HAL_Driver/Src/stm32f1xx_hal_tim.o
                0x0800614a                HAL_TIM_IC_CaptureCallback
 .text.HAL_TIM_PWM_PulseFinishedCallback
                0x0800615c       0x12 ./Drivers/STM32F1xx_HAL_Driver/Src/stm32f1xx_hal_tim.o
                0x0800615c                HAL_TIM_PWM_PulseFinishedCallback
 .text.HAL_TIM_TriggerCallback
                0x0800616e       0x12 ./Drivers/STM32F1xx_HAL_Driver/Src/stm32f1xx_hal_tim.o
                0x0800616e                HAL_TIM_TriggerCallback
 .text.TIM_Base_SetConfig
                0x08006180       0xf4 ./Drivers/STM32F1xx_HAL_Driver/Src/stm32f1xx_hal_tim.o
                0x08006180                TIM_Base_SetConfig
 .text.TIM_OC1_SetConfig
                0x08006274      0x134 ./Drivers/STM32F1xx_HAL_Driver/Src/stm32f1xx_hal_tim.o
 .text.TIM_OC2_SetConfig
                0x080063a8      0x13c ./Drivers/STM32F1xx_HAL_Driver/Src/stm32f1xx_hal_tim.o
                0x080063a8                TIM_OC2_SetConfig
 .text.TIM_OC3_SetConfig
                0x080064e4      0x13c ./Drivers/STM32F1xx_HAL_Driver/Src/stm32f1xx_hal_tim.o
 .text.TIM_OC4_SetConfig
                0x08006620       0xc8 ./Drivers/STM32F1xx_HAL_Driver/Src/stm32f1xx_hal_tim.o
 .text.TIM_TI1_ConfigInputStage
                0x080066e8       0x5c ./Drivers/STM32F1xx_HAL_Driver/Src/stm32f1xx_hal_tim.o
 .text.TIM_TI2_ConfigInputStage
                0x08006744       0x5e ./Drivers/STM32F1xx_HAL_Driver/Src/stm32f1xx_hal_tim.o
 .text.TIM_ITRx_SetConfig
                0x080067a2       0x34 ./Drivers/STM32F1xx_HAL_Driver/Src/stm32f1xx_hal_tim.o
 .text.TIM_ETR_SetConfig
                0x080067d6       0x3e ./Drivers/STM32F1xx_HAL_Driver/Src/stm32f1xx_hal_tim.o
                0x080067d6                TIM_ETR_SetConfig
 .text.TIM_CCxChannelCmd
                0x08006814       0xc0 ./Drivers/STM32F1xx_HAL_Driver/Src/stm32f1xx_hal_tim.o
                0x08006814                TIM_CCxChannelCmd
 .text.HAL_TIMEx_MasterConfigSynchronization
                0x080068d4      0x1a0 ./Drivers/STM32F1xx_HAL_Driver/Src/stm32f1xx_hal_tim_ex.o
                0x080068d4                HAL_TIMEx_MasterConfigSynchronization
 .text.HAL_TIMEx_ConfigBreakDeadTime
                0x08006a74      0x198 ./Drivers/STM32F1xx_HAL_Driver/Src/stm32f1xx_hal_tim_ex.o
                0x08006a74                HAL_TIMEx_ConfigBreakDeadTime
 .text.HAL_TIMEx_CommutCallback
                0x08006c0c       0x12 ./Drivers/STM32F1xx_HAL_Driver/Src/stm32f1xx_hal_tim_ex.o
                0x08006c0c                HAL_TIMEx_CommutCallback
 .text.HAL_TIMEx_BreakCallback
                0x08006c1e       0x12 ./Drivers/STM32F1xx_HAL_Driver/Src/stm32f1xx_hal_tim_ex.o
                0x08006c1e                HAL_TIMEx_BreakCallback
 .text.LL_GPIO_SetPinMode
                0x08006c30       0x64 ./Drivers/STM32F1xx_HAL_Driver/Src/stm32f1xx_ll_gpio.o
 .text.LL_GPIO_SetPinSpeed
                0x08006c94       0x64 ./Drivers/STM32F1xx_HAL_Driver/Src/stm32f1xx_ll_gpio.o
 .text.LL_GPIO_SetPinOutputType
                0x08006cf8       0x64 ./Drivers/STM32F1xx_HAL_Driver/Src/stm32f1xx_ll_gpio.o
 .text.LL_GPIO_SetPinPull
                0x08006d5c       0x44 ./Drivers/STM32F1xx_HAL_Driver/Src/stm32f1xx_ll_gpio.o
 .text.LL_GPIO_Init
                0x08006da0      0x1d0 ./Drivers/STM32F1xx_HAL_Driver/Src/stm32f1xx_ll_gpio.o
                0x08006da0                LL_GPIO_Init
 .text.LL_RCC_GetSysClkSource
                0x08006f70       0x18 ./Drivers/STM32F1xx_HAL_Driver/Src/stm32f1xx_ll_rcc.o
 .text.LL_RCC_GetAHBPrescaler
                0x08006f88       0x18 ./Drivers/STM32F1xx_HAL_Driver/Src/stm32f1xx_ll_rcc.o
 .text.LL_RCC_GetAPB1Prescaler
                0x08006fa0       0x18 ./Drivers/STM32F1xx_HAL_Driver/Src/stm32f1xx_ll_rcc.o
 .text.LL_RCC_GetAPB2Prescaler
                0x08006fb8       0x18 ./Drivers/STM32F1xx_HAL_Driver/Src/stm32f1xx_ll_rcc.o
 .text.LL_RCC_PLL_GetMainSource
                0x08006fd0       0x18 ./Drivers/STM32F1xx_HAL_Driver/Src/stm32f1xx_ll_rcc.o
 .text.LL_RCC_PLL_GetMultiplicator
                0x08006fe8       0x18 ./Drivers/STM32F1xx_HAL_Driver/Src/stm32f1xx_ll_rcc.o
 .text.LL_RCC_PLL_GetPrediv
                0x08007000       0x1c ./Drivers/STM32F1xx_HAL_Driver/Src/stm32f1xx_ll_rcc.o
 .text.LL_RCC_GetSystemClocksFreq
                0x0800701c       0x4a ./Drivers/STM32F1xx_HAL_Driver/Src/stm32f1xx_ll_rcc.o
                0x0800701c                LL_RCC_GetSystemClocksFreq
 *fill*         0x08007066        0x2 
 .text.RCC_GetSystemClockFreq
                0x08007068       0x4c ./Drivers/STM32F1xx_HAL_Driver/Src/stm32f1xx_ll_rcc.o
                0x08007068                RCC_GetSystemClockFreq
 .text.RCC_GetHCLKClockFreq
                0x080070b4       0x2c ./Drivers/STM32F1xx_HAL_Driver/Src/stm32f1xx_ll_rcc.o
                0x080070b4                RCC_GetHCLKClockFreq
 .text.RCC_GetPCLK1ClockFreq
                0x080070e0       0x28 ./Drivers/STM32F1xx_HAL_Driver/Src/stm32f1xx_ll_rcc.o
                0x080070e0                RCC_GetPCLK1ClockFreq
 .text.RCC_GetPCLK2ClockFreq
                0x08007108       0x28 ./Drivers/STM32F1xx_HAL_Driver/Src/stm32f1xx_ll_rcc.o
                0x08007108                RCC_GetPCLK2ClockFreq
 .text.RCC_PLL_GetFreqDomain_SYS
                0x08007130       0x64 ./Drivers/STM32F1xx_HAL_Driver/Src/stm32f1xx_ll_rcc.o
                0x08007130                RCC_PLL_GetFreqDomain_SYS
 .text.LL_USART_IsEnabled
                0x08007194       0x26 ./Drivers/STM32F1xx_HAL_Driver/Src/stm32f1xx_ll_usart.o
 .text.LL_USART_SetStopBitsLength
                0x080071ba       0x24 ./Drivers/STM32F1xx_HAL_Driver/Src/stm32f1xx_ll_usart.o
 .text.LL_USART_SetHWFlowCtrl
                0x080071de       0x24 ./Drivers/STM32F1xx_HAL_Driver/Src/stm32f1xx_ll_usart.o
 *fill*         0x08007202        0x2 
 .text.LL_USART_SetBaudRate
                0x08007204       0xbc ./Drivers/STM32F1xx_HAL_Driver/Src/stm32f1xx_ll_usart.o
 .text.LL_USART_Init
                0x080072c0      0x204 ./Drivers/STM32F1xx_HAL_Driver/Src/stm32f1xx_ll_usart.o
                0x080072c0                LL_USART_Init
 .text.atoi     0x080074c4        0x8 C:/STM32_IDE/STM32CubeIDE_1.16.1/STM32CubeIDE/plugins/com.st.stm32cube.ide.mcu.externaltools.gnu-tools-for-stm32.12.3.rel1.win32_1.0.200.202406191623/tools/bin/../lib/gcc/arm-none-eabi/12.3.1/../../../../arm-none-eabi/lib/thumb/v7-m/nofp\libc_nano.a(libc_a-atoi.o)
                0x080074c4                atoi
 .text._strtol_l.constprop.0
                0x080074cc       0xf4 C:/STM32_IDE/STM32CubeIDE_1.16.1/STM32CubeIDE/plugins/com.st.stm32cube.ide.mcu.externaltools.gnu-tools-for-stm32.12.3.rel1.win32_1.0.200.202406191623/tools/bin/../lib/gcc/arm-none-eabi/12.3.1/../../../../arm-none-eabi/lib/thumb/v7-m/nofp\libc_nano.a(libc_a-strtol.o)
 .text.strtol   0x080075c0       0x14 C:/STM32_IDE/STM32CubeIDE_1.16.1/STM32CubeIDE/plugins/com.st.stm32cube.ide.mcu.externaltools.gnu-tools-for-stm32.12.3.rel1.win32_1.0.200.202406191623/tools/bin/../lib/gcc/arm-none-eabi/12.3.1/../../../../arm-none-eabi/lib/thumb/v7-m/nofp\libc_nano.a(libc_a-strtol.o)
                0x080075c0                strtol
 .text.sprintf  0x080075d4       0x40 C:/STM32_IDE/STM32CubeIDE_1.16.1/STM32CubeIDE/plugins/com.st.stm32cube.ide.mcu.externaltools.gnu-tools-for-stm32.12.3.rel1.win32_1.0.200.202406191623/tools/bin/../lib/gcc/arm-none-eabi/12.3.1/../../../../arm-none-eabi/lib/thumb/v7-m/nofp\libc_nano.a(libc_a-sprintf.o)
                0x080075d4                siprintf
                0x080075d4                sprintf
 .text.memset   0x08007614       0x10 C:/STM32_IDE/STM32CubeIDE_1.16.1/STM32CubeIDE/plugins/com.st.stm32cube.ide.mcu.externaltools.gnu-tools-for-stm32.12.3.rel1.win32_1.0.200.202406191623/tools/bin/../lib/gcc/arm-none-eabi/12.3.1/../../../../arm-none-eabi/lib/thumb/v7-m/nofp\libc_nano.a(libc_a-memset.o)
                0x08007614                memset
 .text.__errno  0x08007624        0xc C:/STM32_IDE/STM32CubeIDE_1.16.1/STM32CubeIDE/plugins/com.st.stm32cube.ide.mcu.externaltools.gnu-tools-for-stm32.12.3.rel1.win32_1.0.200.202406191623/tools/bin/../lib/gcc/arm-none-eabi/12.3.1/../../../../arm-none-eabi/lib/thumb/v7-m/nofp\libc_nano.a(libc_a-errno.o)
                0x08007624                __errno
 .text.__libc_init_array
                0x08007630       0x48 C:/STM32_IDE/STM32CubeIDE_1.16.1/STM32CubeIDE/plugins/com.st.stm32cube.ide.mcu.externaltools.gnu-tools-for-stm32.12.3.rel1.win32_1.0.200.202406191623/tools/bin/../lib/gcc/arm-none-eabi/12.3.1/../../../../arm-none-eabi/lib/thumb/v7-m/nofp\libc_nano.a(libc_a-init.o)
                0x08007630                __libc_init_array
 .text.__retarget_lock_acquire_recursive
                0x08007678        0x2 C:/STM32_IDE/STM32CubeIDE_1.16.1/STM32CubeIDE/plugins/com.st.stm32cube.ide.mcu.externaltools.gnu-tools-for-stm32.12.3.rel1.win32_1.0.200.202406191623/tools/bin/../lib/gcc/arm-none-eabi/12.3.1/../../../../arm-none-eabi/lib/thumb/v7-m/nofp\libc_nano.a(libc_a-lock.o)
                0x08007678                __retarget_lock_acquire_recursive
 .text.__retarget_lock_release_recursive
                0x0800767a        0x2 C:/STM32_IDE/STM32CubeIDE_1.16.1/STM32CubeIDE/plugins/com.st.stm32cube.ide.mcu.externaltools.gnu-tools-for-stm32.12.3.rel1.win32_1.0.200.202406191623/tools/bin/../lib/gcc/arm-none-eabi/12.3.1/../../../../arm-none-eabi/lib/thumb/v7-m/nofp\libc_nano.a(libc_a-lock.o)
                0x0800767a                __retarget_lock_release_recursive
 .text._free_r  0x0800767c       0x90 C:/STM32_IDE/STM32CubeIDE_1.16.1/STM32CubeIDE/plugins/com.st.stm32cube.ide.mcu.externaltools.gnu-tools-for-stm32.12.3.rel1.win32_1.0.200.202406191623/tools/bin/../lib/gcc/arm-none-eabi/12.3.1/../../../../arm-none-eabi/lib/thumb/v7-m/nofp\libc_nano.a(libc_a-freer.o)
                0x0800767c                _free_r
 .text.sbrk_aligned
                0x0800770c       0x44 C:/STM32_IDE/STM32CubeIDE_1.16.1/STM32CubeIDE/plugins/com.st.stm32cube.ide.mcu.externaltools.gnu-tools-for-stm32.12.3.rel1.win32_1.0.200.202406191623/tools/bin/../lib/gcc/arm-none-eabi/12.3.1/../../../../arm-none-eabi/lib/thumb/v7-m/nofp\libc_nano.a(libc_a-mallocr.o)
 .text._malloc_r
                0x08007750      0x100 C:/STM32_IDE/STM32CubeIDE_1.16.1/STM32CubeIDE/plugins/com.st.stm32cube.ide.mcu.externaltools.gnu-tools-for-stm32.12.3.rel1.win32_1.0.200.202406191623/tools/bin/../lib/gcc/arm-none-eabi/12.3.1/../../../../arm-none-eabi/lib/thumb/v7-m/nofp\libc_nano.a(libc_a-mallocr.o)
                0x08007750                _malloc_r
 .text.__malloc_lock
                0x08007850        0xc C:/STM32_IDE/STM32CubeIDE_1.16.1/STM32CubeIDE/plugins/com.st.stm32cube.ide.mcu.externaltools.gnu-tools-for-stm32.12.3.rel1.win32_1.0.200.202406191623/tools/bin/../lib/gcc/arm-none-eabi/12.3.1/../../../../arm-none-eabi/lib/thumb/v7-m/nofp\libc_nano.a(libc_a-mlock.o)
                0x08007850                __malloc_lock
 .text.__malloc_unlock
                0x0800785c        0xc C:/STM32_IDE/STM32CubeIDE_1.16.1/STM32CubeIDE/plugins/com.st.stm32cube.ide.mcu.externaltools.gnu-tools-for-stm32.12.3.rel1.win32_1.0.200.202406191623/tools/bin/../lib/gcc/arm-none-eabi/12.3.1/../../../../arm-none-eabi/lib/thumb/v7-m/nofp\libc_nano.a(libc_a-mlock.o)
                0x0800785c                __malloc_unlock
 .text.__ssputs_r
                0x08007868       0xb6 C:/STM32_IDE/STM32CubeIDE_1.16.1/STM32CubeIDE/plugins/com.st.stm32cube.ide.mcu.externaltools.gnu-tools-for-stm32.12.3.rel1.win32_1.0.200.202406191623/tools/bin/../lib/gcc/arm-none-eabi/12.3.1/../../../../arm-none-eabi/lib/thumb/v7-m/nofp\libc_nano.a(libc_a-nano-svfprintf.o)
                0x08007868                __ssputs_r
 *fill*         0x0800791e        0x2 
 .text._svfprintf_r
                0x08007920      0x1f8 C:/STM32_IDE/STM32CubeIDE_1.16.1/STM32CubeIDE/plugins/com.st.stm32cube.ide.mcu.externaltools.gnu-tools-for-stm32.12.3.rel1.win32_1.0.200.202406191623/tools/bin/../lib/gcc/arm-none-eabi/12.3.1/../../../../arm-none-eabi/lib/thumb/v7-m/nofp\libc_nano.a(libc_a-nano-svfprintf.o)
                0x08007920                _svfiprintf_r
                0x08007920                _svfprintf_r
 .text._printf_common
                0x08007b18       0xe4 C:/STM32_IDE/STM32CubeIDE_1.16.1/STM32CubeIDE/plugins/com.st.stm32cube.ide.mcu.externaltools.gnu-tools-for-stm32.12.3.rel1.win32_1.0.200.202406191623/tools/bin/../lib/gcc/arm-none-eabi/12.3.1/../../../../arm-none-eabi/lib/thumb/v7-m/nofp\libc_nano.a(libc_a-nano-vfprintf_i.o)
                0x08007b18                _printf_common
 .text._printf_i
                0x08007bfc      0x240 C:/STM32_IDE/STM32CubeIDE_1.16.1/STM32CubeIDE/plugins/com.st.stm32cube.ide.mcu.externaltools.gnu-tools-for-stm32.12.3.rel1.win32_1.0.200.202406191623/tools/bin/../lib/gcc/arm-none-eabi/12.3.1/../../../../arm-none-eabi/lib/thumb/v7-m/nofp\libc_nano.a(libc_a-nano-vfprintf_i.o)
                0x08007bfc                _printf_i
 .text.memmove  0x08007e3c       0x34 C:/STM32_IDE/STM32CubeIDE_1.16.1/STM32CubeIDE/plugins/com.st.stm32cube.ide.mcu.externaltools.gnu-tools-for-stm32.12.3.rel1.win32_1.0.200.202406191623/tools/bin/../lib/gcc/arm-none-eabi/12.3.1/../../../../arm-none-eabi/lib/thumb/v7-m/nofp\libc_nano.a(libc_a-memmove.o)
                0x08007e3c                memmove
 .text._sbrk_r  0x08007e70       0x20 C:/STM32_IDE/STM32CubeIDE_1.16.1/STM32CubeIDE/plugins/com.st.stm32cube.ide.mcu.externaltools.gnu-tools-for-stm32.12.3.rel1.win32_1.0.200.202406191623/tools/bin/../lib/gcc/arm-none-eabi/12.3.1/../../../../arm-none-eabi/lib/thumb/v7-m/nofp\libc_nano.a(libc_a-sbrkr.o)
                0x08007e70                _sbrk_r
 .text.memchr   0x08007e90       0x1c C:/STM32_IDE/STM32CubeIDE_1.16.1/STM32CubeIDE/plugins/com.st.stm32cube.ide.mcu.externaltools.gnu-tools-for-stm32.12.3.rel1.win32_1.0.200.202406191623/tools/bin/../lib/gcc/arm-none-eabi/12.3.1/../../../../arm-none-eabi/lib/thumb/v7-m/nofp\libc_nano.a(libc_a-memchr-stub.o)
                0x08007e90                memchr
 .text.memcpy   0x08007eac       0x1c C:/STM32_IDE/STM32CubeIDE_1.16.1/STM32CubeIDE/plugins/com.st.stm32cube.ide.mcu.externaltools.gnu-tools-for-stm32.12.3.rel1.win32_1.0.200.202406191623/tools/bin/../lib/gcc/arm-none-eabi/12.3.1/../../../../arm-none-eabi/lib/thumb/v7-m/nofp\libc_nano.a(libc_a-memcpy-stub.o)
                0x08007eac                memcpy
 .text._realloc_r
                0x08007ec8       0x5c C:/STM32_IDE/STM32CubeIDE_1.16.1/STM32CubeIDE/plugins/com.st.stm32cube.ide.mcu.externaltools.gnu-tools-for-stm32.12.3.rel1.win32_1.0.200.202406191623/tools/bin/../lib/gcc/arm-none-eabi/12.3.1/../../../../arm-none-eabi/lib/thumb/v7-m/nofp\libc_nano.a(libc_a-reallocr.o)
                0x08007ec8                _realloc_r
 .text._malloc_usable_size_r
                0x08007f24       0x10 C:/STM32_IDE/STM32CubeIDE_1.16.1/STM32CubeIDE/plugins/com.st.stm32cube.ide.mcu.externaltools.gnu-tools-for-stm32.12.3.rel1.win32_1.0.200.202406191623/tools/bin/../lib/gcc/arm-none-eabi/12.3.1/../../../../arm-none-eabi/lib/thumb/v7-m/nofp\libc_nano.a(libc_a-msizer.o)
                0x08007f24                _malloc_usable_size_r
 *(.glue_7)
 .glue_7        0x08007f34        0x0 linker stubs
 *(.glue_7t)
 .glue_7t       0x08007f34        0x0 linker stubs
 *(.eh_frame)
 .eh_frame      0x08007f34        0x0 C:/STM32_IDE/STM32CubeIDE_1.16.1/STM32CubeIDE/plugins/com.st.stm32cube.ide.mcu.externaltools.gnu-tools-for-stm32.12.3.rel1.win32_1.0.200.202406191623/tools/bin/../lib/gcc/arm-none-eabi/12.3.1/thumb/v7-m/nofp/crtbegin.o
 *(.init)
 .init          0x08007f34        0x4 C:/STM32_IDE/STM32CubeIDE_1.16.1/STM32CubeIDE/plugins/com.st.stm32cube.ide.mcu.externaltools.gnu-tools-for-stm32.12.3.rel1.win32_1.0.200.202406191623/tools/bin/../lib/gcc/arm-none-eabi/12.3.1/thumb/v7-m/nofp/crti.o
                0x08007f34                _init
 .init          0x08007f38        0x8 C:/STM32_IDE/STM32CubeIDE_1.16.1/STM32CubeIDE/plugins/com.st.stm32cube.ide.mcu.externaltools.gnu-tools-for-stm32.12.3.rel1.win32_1.0.200.202406191623/tools/bin/../lib/gcc/arm-none-eabi/12.3.1/thumb/v7-m/nofp/crtn.o
 *(.fini)
 .fini          0x08007f40        0x4 C:/STM32_IDE/STM32CubeIDE_1.16.1/STM32CubeIDE/plugins/com.st.stm32cube.ide.mcu.externaltools.gnu-tools-for-stm32.12.3.rel1.win32_1.0.200.202406191623/tools/bin/../lib/gcc/arm-none-eabi/12.3.1/thumb/v7-m/nofp/crti.o
                0x08007f40                _fini
 .fini          0x08007f44        0x8 C:/STM32_IDE/STM32CubeIDE_1.16.1/STM32CubeIDE/plugins/com.st.stm32cube.ide.mcu.externaltools.gnu-tools-for-stm32.12.3.rel1.win32_1.0.200.202406191623/tools/bin/../lib/gcc/arm-none-eabi/12.3.1/thumb/v7-m/nofp/crtn.o
                0x08007f4c                        . = ALIGN (0x4)
                0x08007f4c                        _etext = .

.vfp11_veneer   0x08007f4c        0x0
 .vfp11_veneer  0x08007f4c        0x0 linker stubs

.v4_bx          0x08007f4c        0x0
 .v4_bx         0x08007f4c        0x0 linker stubs

.iplt           0x08007f4c        0x0
 .iplt          0x08007f4c        0x0 C:/STM32_IDE/STM32CubeIDE_1.16.1/STM32CubeIDE/plugins/com.st.stm32cube.ide.mcu.externaltools.gnu-tools-for-stm32.12.3.rel1.win32_1.0.200.202406191623/tools/bin/../lib/gcc/arm-none-eabi/12.3.1/thumb/v7-m/nofp/crtbegin.o

.rodata         0x08007f4c      0x310
                0x08007f4c                        . = ALIGN (0x4)
 *(.rodata)
 .rodata        0x08007f4c       0x16 ./BSP/Two_Wheat/bsp_two_wheat.o
 *fill*         0x08007f62        0x2 
 .rodata        0x08007f64       0x3b ./Drivers/STM32F1xx_HAL_Driver/Src/stm32f1xx_hal_cortex.o
 *fill*         0x08007f9f        0x1 
 .rodata        0x08007fa0       0x39 ./Drivers/STM32F1xx_HAL_Driver/Src/stm32f1xx_hal_gpio.o
 *fill*         0x08007fd9        0x3 
 .rodata        0x08007fdc       0x38 ./Drivers/STM32F1xx_HAL_Driver/Src/stm32f1xx_hal_rcc.o
 .rodata        0x08008014       0x38 ./Drivers/STM32F1xx_HAL_Driver/Src/stm32f1xx_hal_tim.o
 .rodata        0x0800804c       0x3b ./Drivers/STM32F1xx_HAL_Driver/Src/stm32f1xx_hal_tim_ex.o
 *fill*         0x08008087        0x1 
 .rodata        0x08008088       0x38 ./Drivers/STM32F1xx_HAL_Driver/Src/stm32f1xx_ll_gpio.o
 .rodata        0x080080c0       0x39 ./Drivers/STM32F1xx_HAL_Driver/Src/stm32f1xx_ll_usart.o
 *(.rodata*)
 *fill*         0x080080f9        0x3 
 .rodata.AHBPrescTable
                0x080080fc       0x10 ./Core/Src/system_stm32f1xx.o
                0x080080fc                AHBPrescTable
 .rodata.APBPrescTable
                0x0800810c        0x8 ./Core/Src/system_stm32f1xx.o
                0x0800810c                APBPrescTable
 .rodata.aPLLMULFactorTable.1
                0x08008114       0x10 ./Drivers/STM32F1xx_HAL_Driver/Src/stm32f1xx_hal_rcc.o
 .rodata.aPredivFactorTable.0
                0x08008124        0x2 ./Drivers/STM32F1xx_HAL_Driver/Src/stm32f1xx_hal_rcc.o
 .rodata._ctype_
                0x08008126      0x101 C:/STM32_IDE/STM32CubeIDE_1.16.1/STM32CubeIDE/plugins/com.st.stm32cube.ide.mcu.externaltools.gnu-tools-for-stm32.12.3.rel1.win32_1.0.200.202406191623/tools/bin/../lib/gcc/arm-none-eabi/12.3.1/../../../../arm-none-eabi/lib/thumb/v7-m/nofp\libc_nano.a(libc_a-ctype_.o)
                0x08008126                _ctype_
 .rodata._svfprintf_r.str1.1
                0x08008227       0x11 C:/STM32_IDE/STM32CubeIDE_1.16.1/STM32CubeIDE/plugins/com.st.stm32cube.ide.mcu.externaltools.gnu-tools-for-stm32.12.3.rel1.win32_1.0.200.202406191623/tools/bin/../lib/gcc/arm-none-eabi/12.3.1/../../../../arm-none-eabi/lib/thumb/v7-m/nofp\libc_nano.a(libc_a-nano-svfprintf.o)
 .rodata._printf_i.str1.1
                0x08008238       0x22 C:/STM32_IDE/STM32CubeIDE_1.16.1/STM32CubeIDE/plugins/com.st.stm32cube.ide.mcu.externaltools.gnu-tools-for-stm32.12.3.rel1.win32_1.0.200.202406191623/tools/bin/../lib/gcc/arm-none-eabi/12.3.1/../../../../arm-none-eabi/lib/thumb/v7-m/nofp\libc_nano.a(libc_a-nano-vfprintf_i.o)
                0x0800825c                        . = ALIGN (0x4)
 *fill*         0x0800825a        0x2 

.ARM.extab      0x0800825c        0x0
                0x0800825c                        . = ALIGN (0x4)
 *(.ARM.extab* .gnu.linkonce.armextab.*)
                0x0800825c                        . = ALIGN (0x4)

.ARM            0x0800825c        0x8
                0x0800825c                        . = ALIGN (0x4)
                0x0800825c                        __exidx_start = .
 *(.ARM.exidx*)
 .ARM.exidx     0x0800825c        0x8 C:/STM32_IDE/STM32CubeIDE_1.16.1/STM32CubeIDE/plugins/com.st.stm32cube.ide.mcu.externaltools.gnu-tools-for-stm32.12.3.rel1.win32_1.0.200.202406191623/tools/bin/../lib/gcc/arm-none-eabi/12.3.1/../../../../arm-none-eabi/lib/thumb/v7-m/nofp\libc_nano.a(libc_a-strlen.o)
                0x08008264                        __exidx_end = .
                0x08008264                        . = ALIGN (0x4)

.rel.dyn        0x08008264        0x0
 .rel.iplt      0x08008264        0x0 C:/STM32_IDE/STM32CubeIDE_1.16.1/STM32CubeIDE/plugins/com.st.stm32cube.ide.mcu.externaltools.gnu-tools-for-stm32.12.3.rel1.win32_1.0.200.202406191623/tools/bin/../lib/gcc/arm-none-eabi/12.3.1/thumb/v7-m/nofp/crtbegin.o

.preinit_array  0x08008264        0x0
                0x08008264                        . = ALIGN (0x4)
                0x08008264                        PROVIDE (__preinit_array_start = .)
 *(.preinit_array*)
                0x08008264                        PROVIDE (__preinit_array_end = .)
                0x08008264                        . = ALIGN (0x4)

.init_array     0x08008264        0x4
                0x08008264                        . = ALIGN (0x4)
                0x08008264                        PROVIDE (__init_array_start = .)
 *(SORT_BY_NAME(.init_array.*))
 *(.init_array*)
 .init_array    0x08008264        0x4 C:/STM32_IDE/STM32CubeIDE_1.16.1/STM32CubeIDE/plugins/com.st.stm32cube.ide.mcu.externaltools.gnu-tools-for-stm32.12.3.rel1.win32_1.0.200.202406191623/tools/bin/../lib/gcc/arm-none-eabi/12.3.1/thumb/v7-m/nofp/crtbegin.o
                0x08008268                        PROVIDE (__init_array_end = .)
                0x08008268                        . = ALIGN (0x4)

.fini_array     0x08008268        0x4
                0x08008268                        . = ALIGN (0x4)
                [!provide]                        PROVIDE (__fini_array_start = .)
 *(SORT_BY_NAME(.fini_array.*))
 *(.fini_array*)
 .fini_array    0x08008268        0x4 C:/STM32_IDE/STM32CubeIDE_1.16.1/STM32CubeIDE/plugins/com.st.stm32cube.ide.mcu.externaltools.gnu-tools-for-stm32.12.3.rel1.win32_1.0.200.202406191623/tools/bin/../lib/gcc/arm-none-eabi/12.3.1/thumb/v7-m/nofp/crtbegin.o
                [!provide]                        PROVIDE (__fini_array_end = .)
                0x0800826c                        . = ALIGN (0x4)
                0x0800826c                        _sidata = LOADADDR (.data)

.data           0x20000000       0x7c load address 0x0800826c
                0x20000000                        . = ALIGN (0x4)
                0x20000000                        _sdata = .
 *(.data)
 *(.data*)
 .data.state    0x20000000        0x2 ./BSP/bsp.o
                0x20000000                state
 .data.voice_car_speed
                0x20000002        0x2 ./BSP/bsp.o
                0x20000002                voice_car_speed
 .data.pid_Yaw  0x20000004       0x1c ./BSP/motor/bsp_PID_motor.o
                0x20000004                pid_Yaw
 .data.SystemCoreClock
                0x20000020        0x4 ./Core/Src/system_stm32f1xx.o
                0x20000020                SystemCoreClock
 .data.uwTickPrio
                0x20000024        0x4 ./Drivers/STM32F1xx_HAL_Driver/Src/stm32f1xx_hal.o
                0x20000024                uwTickPrio
 .data.uwTickFreq
                0x20000028        0x1 ./Drivers/STM32F1xx_HAL_Driver/Src/stm32f1xx_hal.o
                0x20000028                uwTickFreq
 *fill*         0x20000029        0x3 
 .data._impure_ptr
                0x2000002c        0x4 C:/STM32_IDE/STM32CubeIDE_1.16.1/STM32CubeIDE/plugins/com.st.stm32cube.ide.mcu.externaltools.gnu-tools-for-stm32.12.3.rel1.win32_1.0.200.202406191623/tools/bin/../lib/gcc/arm-none-eabi/12.3.1/../../../../arm-none-eabi/lib/thumb/v7-m/nofp\libc_nano.a(libc_a-impure.o)
                0x2000002c                _impure_ptr
 .data._impure_data
                0x20000030       0x4c C:/STM32_IDE/STM32CubeIDE_1.16.1/STM32CubeIDE/plugins/com.st.stm32cube.ide.mcu.externaltools.gnu-tools-for-stm32.12.3.rel1.win32_1.0.200.202406191623/tools/bin/../lib/gcc/arm-none-eabi/12.3.1/../../../../arm-none-eabi/lib/thumb/v7-m/nofp\libc_nano.a(libc_a-impure.o)
                0x20000030                _impure_data
 *(.RamFunc)
 *(.RamFunc*)
                0x2000007c                        . = ALIGN (0x4)
                0x2000007c                        _edata = .

.igot.plt       0x2000007c        0x0 load address 0x080082e8
 .igot.plt      0x2000007c        0x0 C:/STM32_IDE/STM32CubeIDE_1.16.1/STM32CubeIDE/plugins/com.st.stm32cube.ide.mcu.externaltools.gnu-tools-for-stm32.12.3.rel1.win32_1.0.200.202406191623/tools/bin/../lib/gcc/arm-none-eabi/12.3.1/thumb/v7-m/nofp/crtbegin.o
                0x2000007c                        . = ALIGN (0x4)

.bss            0x2000007c      0x4cc load address 0x080082e8
                0x2000007c                        _sbss = .
                0x2000007c                        __bss_start__ = _sbss
 *(.bss)
 .bss           0x2000007c       0x1c C:/STM32_IDE/STM32CubeIDE_1.16.1/STM32CubeIDE/plugins/com.st.stm32cube.ide.mcu.externaltools.gnu-tools-for-stm32.12.3.rel1.win32_1.0.200.202406191623/tools/bin/../lib/gcc/arm-none-eabi/12.3.1/thumb/v7-m/nofp/crtbegin.o
 *(.bss*)
 .bss.g_recv_buf
                0x20000098       0x14 ./BSP/Two_Wheat/bsp_two_wheat.o
                0x20000098                g_recv_buf
 .bss.g_recv_send_flag
                0x200000ac        0x1 ./BSP/Two_Wheat/bsp_two_wheat.o
                0x200000ac                g_recv_send_flag
 *fill*         0x200000ad        0x1 
 .bss.g_massage
                0x200000ae        0x2 ./BSP/Two_Wheat/bsp_two_wheat.o
                0x200000ae                g_massage
 .bss.send_buf  0x200000b0       0x14 ./BSP/Two_Wheat/bsp_two_wheat.o
                0x200000b0                send_buf
 .bss.recv_flag.1
                0x200000c4        0x1 ./BSP/Two_Wheat/bsp_two_wheat.o
 .bss.recv_index.0
                0x200000c5        0x1 ./BSP/Two_Wheat/bsp_two_wheat.o
 *fill*         0x200000c6        0x2 
 .bss.g_Encoder_M1_Now
                0x200000c8        0x4 ./BSP/encoder/bsp_encoder.o
                0x200000c8                g_Encoder_M1_Now
 .bss.g_Encoder_M2_Now
                0x200000cc        0x4 ./BSP/encoder/bsp_encoder.o
                0x200000cc                g_Encoder_M2_Now
 .bss.g_Encoder_M3_Now
                0x200000d0        0x4 ./BSP/encoder/bsp_encoder.o
                0x200000d0                g_Encoder_M3_Now
 .bss.g_Encoder_M4_Now
                0x200000d4        0x4 ./BSP/encoder/bsp_encoder.o
                0x200000d4                g_Encoder_M4_Now
 .bss.speed_lr  0x200000d8        0x4 ./BSP/motor/app_motor.o
 .bss.speed_fb  0x200000dc        0x4 ./BSP/motor/app_motor.o
 .bss.speed_spin
                0x200000e0        0x4 ./BSP/motor/app_motor.o
 .bss.speed_L1_setup
                0x200000e4        0x4 ./BSP/motor/app_motor.o
 .bss.speed_L2_setup
                0x200000e8        0x4 ./BSP/motor/app_motor.o
 .bss.speed_R1_setup
                0x200000ec        0x4 ./BSP/motor/app_motor.o
 .bss.speed_R2_setup
                0x200000f0        0x4 ./BSP/motor/app_motor.o
 .bss.g_speed_setup
                0x200000f4        0x2 ./BSP/motor/app_motor.o
 *fill*         0x200000f6        0x2 
 .bss.g_Encoder_All_Now
                0x200000f8       0x10 ./BSP/motor/app_motor.o
                0x200000f8                g_Encoder_All_Now
 .bss.g_Encoder_All_Last
                0x20000108       0x10 ./BSP/motor/app_motor.o
                0x20000108                g_Encoder_All_Last
 .bss.g_Encoder_All_Offset
                0x20000118       0x10 ./BSP/motor/app_motor.o
                0x20000118                g_Encoder_All_Offset
 .bss.g_start_ctrl
                0x20000128        0x1 ./BSP/motor/app_motor.o
                0x20000128                g_start_ctrl
 *fill*         0x20000129        0x3 
 .bss.car_data  0x2000012c        0x6 ./BSP/motor/app_motor.o
                0x2000012c                car_data
 *fill*         0x20000132        0x2 
 .bss.motor_data
                0x20000134       0x28 ./BSP/motor/app_motor.o
                0x20000134                motor_data
 .bss.g_yaw_adjust
                0x2000015c        0x1 ./BSP/motor/app_motor.o
                0x2000015c                g_yaw_adjust
 *fill*         0x2000015d        0x3 
 .bss.pid_motor
                0x20000160       0xa0 ./BSP/motor/bsp_PID_motor.o
                0x20000160                pid_motor
 .bss.__sbrk_heap_end
                0x20000200        0x4 ./Core/Src/sysmem.o
 .bss.htim1     0x20000204       0x48 ./Core/Src/tim.o
                0x20000204                htim1
 .bss.htim2     0x2000024c       0x48 ./Core/Src/tim.o
                0x2000024c                htim2
 .bss.htim3     0x20000294       0x48 ./Core/Src/tim.o
                0x20000294                htim3
 .bss.htim4     0x200002dc       0x48 ./Core/Src/tim.o
                0x200002dc                htim4
 .bss.htim5     0x20000324       0x48 ./Core/Src/tim.o
                0x20000324                htim5
 .bss.htim6     0x2000036c       0x48 ./Core/Src/tim.o
                0x2000036c                htim6
 .bss.htim8     0x200003b4       0x48 ./Core/Src/tim.o
                0x200003b4                htim8
 .bss.uwTick    0x200003fc        0x4 ./Drivers/STM32F1xx_HAL_Driver/Src/stm32f1xx_hal.o
                0x200003fc                uwTick
 .bss.__sf      0x20000400      0x138 C:/STM32_IDE/STM32CubeIDE_1.16.1/STM32CubeIDE/plugins/com.st.stm32cube.ide.mcu.externaltools.gnu-tools-for-stm32.12.3.rel1.win32_1.0.200.202406191623/tools/bin/../lib/gcc/arm-none-eabi/12.3.1/../../../../arm-none-eabi/lib/thumb/v7-m/nofp\libc_nano.a(libc_a-findfp.o)
                0x20000400                __sf
 .bss.errno     0x20000538        0x4 C:/STM32_IDE/STM32CubeIDE_1.16.1/STM32CubeIDE/plugins/com.st.stm32cube.ide.mcu.externaltools.gnu-tools-for-stm32.12.3.rel1.win32_1.0.200.202406191623/tools/bin/../lib/gcc/arm-none-eabi/12.3.1/../../../../arm-none-eabi/lib/thumb/v7-m/nofp\libc_nano.a(libc_a-reent.o)
                0x20000538                errno
 .bss.__lock___malloc_recursive_mutex
                0x2000053c        0x1 C:/STM32_IDE/STM32CubeIDE_1.16.1/STM32CubeIDE/plugins/com.st.stm32cube.ide.mcu.externaltools.gnu-tools-for-stm32.12.3.rel1.win32_1.0.200.202406191623/tools/bin/../lib/gcc/arm-none-eabi/12.3.1/../../../../arm-none-eabi/lib/thumb/v7-m/nofp\libc_nano.a(libc_a-lock.o)
                0x2000053c                __lock___malloc_recursive_mutex
 *fill*         0x2000053d        0x3 
 .bss.__malloc_sbrk_start
                0x20000540        0x4 C:/STM32_IDE/STM32CubeIDE_1.16.1/STM32CubeIDE/plugins/com.st.stm32cube.ide.mcu.externaltools.gnu-tools-for-stm32.12.3.rel1.win32_1.0.200.202406191623/tools/bin/../lib/gcc/arm-none-eabi/12.3.1/../../../../arm-none-eabi/lib/thumb/v7-m/nofp\libc_nano.a(libc_a-mallocr.o)
                0x20000540                __malloc_sbrk_start
 .bss.__malloc_free_list
                0x20000544        0x4 C:/STM32_IDE/STM32CubeIDE_1.16.1/STM32CubeIDE/plugins/com.st.stm32cube.ide.mcu.externaltools.gnu-tools-for-stm32.12.3.rel1.win32_1.0.200.202406191623/tools/bin/../lib/gcc/arm-none-eabi/12.3.1/../../../../arm-none-eabi/lib/thumb/v7-m/nofp\libc_nano.a(libc_a-mallocr.o)
                0x20000544                __malloc_free_list
 *(COMMON)
                0x20000548                        . = ALIGN (0x4)
                0x20000548                        _ebss = .
                0x20000548                        __bss_end__ = _ebss

._user_heap_stack
                0x20000548      0x600 load address 0x080082e8
                0x20000548                        . = ALIGN (0x8)
                [!provide]                        PROVIDE (end = .)
                0x20000548                        PROVIDE (_end = .)
                0x20000748                        . = (. + _Min_Heap_Size)
 *fill*         0x20000548      0x200 
                0x20000b48                        . = (. + _Min_Stack_Size)
 *fill*         0x20000748      0x400 
                0x20000b48                        . = ALIGN (0x8)

/DISCARD/
 libc.a(*)
 libm.a(*)
 libgcc.a(*)

.ARM.attributes
                0x00000000       0x29
 *(.ARM.attributes)
 .ARM.attributes
                0x00000000       0x1d C:/STM32_IDE/STM32CubeIDE_1.16.1/STM32CubeIDE/plugins/com.st.stm32cube.ide.mcu.externaltools.gnu-tools-for-stm32.12.3.rel1.win32_1.0.200.202406191623/tools/bin/../lib/gcc/arm-none-eabi/12.3.1/thumb/v7-m/nofp/crti.o
 .ARM.attributes
                0x0000001d       0x2d C:/STM32_IDE/STM32CubeIDE_1.16.1/STM32CubeIDE/plugins/com.st.stm32cube.ide.mcu.externaltools.gnu-tools-for-stm32.12.3.rel1.win32_1.0.200.202406191623/tools/bin/../lib/gcc/arm-none-eabi/12.3.1/thumb/v7-m/nofp/crtbegin.o
 .ARM.attributes
                0x0000004a       0x2d ./BSP/RGB/bsp_rgb.o
 .ARM.attributes
                0x00000077       0x2d ./BSP/Two_Wheat/bsp_two_wheat.o
 .ARM.attributes
                0x000000a4       0x2d ./BSP/USART/bsp_usrt4.o
 .ARM.attributes
                0x000000d1       0x2d ./BSP/bsp.o
 .ARM.attributes
                0x000000fe       0x2d ./BSP/encoder/bsp_encoder.o
 .ARM.attributes
                0x0000012b       0x2d ./BSP/motor/app_motor.o
 .ARM.attributes
                0x00000158       0x2d ./BSP/motor/bsp_PID_motor.o
 .ARM.attributes
                0x00000185       0x2d ./BSP/motor/bsp_motor.o
 .ARM.attributes
                0x000001b2       0x2d ./BSP/tim/bsp_tim.o
 .ARM.attributes
                0x000001df       0x2d ./Core/Src/gpio.o
 .ARM.attributes
                0x0000020c       0x2d ./Core/Src/main.o
 .ARM.attributes
                0x00000239       0x2d ./Core/Src/stm32f1xx_hal_msp.o
 .ARM.attributes
                0x00000266       0x2d ./Core/Src/stm32f1xx_it.o
 .ARM.attributes
                0x00000293       0x2d ./Core/Src/sysmem.o
 .ARM.attributes
                0x000002c0       0x2d ./Core/Src/system_stm32f1xx.o
 .ARM.attributes
                0x000002ed       0x2d ./Core/Src/tim.o
 .ARM.attributes
                0x0000031a       0x2d ./Core/Src/usart.o
 .ARM.attributes
                0x00000347       0x21 ./Core/Startup/startup_stm32f103zetx.o
 .ARM.attributes
                0x00000368       0x2d ./Drivers/STM32F1xx_HAL_Driver/Src/stm32f1xx_hal.o
 .ARM.attributes
                0x00000395       0x2d ./Drivers/STM32F1xx_HAL_Driver/Src/stm32f1xx_hal_cortex.o
 .ARM.attributes
                0x000003c2       0x2d ./Drivers/STM32F1xx_HAL_Driver/Src/stm32f1xx_hal_gpio.o
 .ARM.attributes
                0x000003ef       0x2d ./Drivers/STM32F1xx_HAL_Driver/Src/stm32f1xx_hal_rcc.o
 .ARM.attributes
                0x0000041c       0x2d ./Drivers/STM32F1xx_HAL_Driver/Src/stm32f1xx_hal_tim.o
 .ARM.attributes
                0x00000449       0x2d ./Drivers/STM32F1xx_HAL_Driver/Src/stm32f1xx_hal_tim_ex.o
 .ARM.attributes
                0x00000476       0x2d ./Drivers/STM32F1xx_HAL_Driver/Src/stm32f1xx_ll_gpio.o
 .ARM.attributes
                0x000004a3       0x2d ./Drivers/STM32F1xx_HAL_Driver/Src/stm32f1xx_ll_rcc.o
 .ARM.attributes
                0x000004d0       0x2d ./Drivers/STM32F1xx_HAL_Driver/Src/stm32f1xx_ll_usart.o
 .ARM.attributes
                0x000004fd       0x2d C:/STM32_IDE/STM32CubeIDE_1.16.1/STM32CubeIDE/plugins/com.st.stm32cube.ide.mcu.externaltools.gnu-tools-for-stm32.12.3.rel1.win32_1.0.200.202406191623/tools/bin/../lib/gcc/arm-none-eabi/12.3.1/../../../../arm-none-eabi/lib/thumb/v7-m/nofp\libc_nano.a(libc_a-atoi.o)
 .ARM.attributes
                0x0000052a       0x2d C:/STM32_IDE/STM32CubeIDE_1.16.1/STM32CubeIDE/plugins/com.st.stm32cube.ide.mcu.externaltools.gnu-tools-for-stm32.12.3.rel1.win32_1.0.200.202406191623/tools/bin/../lib/gcc/arm-none-eabi/12.3.1/../../../../arm-none-eabi/lib/thumb/v7-m/nofp\libc_nano.a(libc_a-strtol.o)
 .ARM.attributes
                0x00000557       0x2d C:/STM32_IDE/STM32CubeIDE_1.16.1/STM32CubeIDE/plugins/com.st.stm32cube.ide.mcu.externaltools.gnu-tools-for-stm32.12.3.rel1.win32_1.0.200.202406191623/tools/bin/../lib/gcc/arm-none-eabi/12.3.1/../../../../arm-none-eabi/lib/thumb/v7-m/nofp\libc_nano.a(libc_a-ctype_.o)
 .ARM.attributes
                0x00000584       0x2d C:/STM32_IDE/STM32CubeIDE_1.16.1/STM32CubeIDE/plugins/com.st.stm32cube.ide.mcu.externaltools.gnu-tools-for-stm32.12.3.rel1.win32_1.0.200.202406191623/tools/bin/../lib/gcc/arm-none-eabi/12.3.1/../../../../arm-none-eabi/lib/thumb/v7-m/nofp\libc_nano.a(libc_a-findfp.o)
 .ARM.attributes
                0x000005b1       0x2d C:/STM32_IDE/STM32CubeIDE_1.16.1/STM32CubeIDE/plugins/com.st.stm32cube.ide.mcu.externaltools.gnu-tools-for-stm32.12.3.rel1.win32_1.0.200.202406191623/tools/bin/../lib/gcc/arm-none-eabi/12.3.1/../../../../arm-none-eabi/lib/thumb/v7-m/nofp\libc_nano.a(libc_a-sprintf.o)
 .ARM.attributes
                0x000005de       0x2d C:/STM32_IDE/STM32CubeIDE_1.16.1/STM32CubeIDE/plugins/com.st.stm32cube.ide.mcu.externaltools.gnu-tools-for-stm32.12.3.rel1.win32_1.0.200.202406191623/tools/bin/../lib/gcc/arm-none-eabi/12.3.1/../../../../arm-none-eabi/lib/thumb/v7-m/nofp\libc_nano.a(libc_a-memset.o)
 .ARM.attributes
                0x0000060b       0x2d C:/STM32_IDE/STM32CubeIDE_1.16.1/STM32CubeIDE/plugins/com.st.stm32cube.ide.mcu.externaltools.gnu-tools-for-stm32.12.3.rel1.win32_1.0.200.202406191623/tools/bin/../lib/gcc/arm-none-eabi/12.3.1/../../../../arm-none-eabi/lib/thumb/v7-m/nofp\libc_nano.a(libc_a-reent.o)
 .ARM.attributes
                0x00000638       0x2d C:/STM32_IDE/STM32CubeIDE_1.16.1/STM32CubeIDE/plugins/com.st.stm32cube.ide.mcu.externaltools.gnu-tools-for-stm32.12.3.rel1.win32_1.0.200.202406191623/tools/bin/../lib/gcc/arm-none-eabi/12.3.1/../../../../arm-none-eabi/lib/thumb/v7-m/nofp\libc_nano.a(libc_a-impure.o)
 .ARM.attributes
                0x00000665       0x2d C:/STM32_IDE/STM32CubeIDE_1.16.1/STM32CubeIDE/plugins/com.st.stm32cube.ide.mcu.externaltools.gnu-tools-for-stm32.12.3.rel1.win32_1.0.200.202406191623/tools/bin/../lib/gcc/arm-none-eabi/12.3.1/../../../../arm-none-eabi/lib/thumb/v7-m/nofp\libc_nano.a(libc_a-errno.o)
 .ARM.attributes
                0x00000692       0x2d C:/STM32_IDE/STM32CubeIDE_1.16.1/STM32CubeIDE/plugins/com.st.stm32cube.ide.mcu.externaltools.gnu-tools-for-stm32.12.3.rel1.win32_1.0.200.202406191623/tools/bin/../lib/gcc/arm-none-eabi/12.3.1/../../../../arm-none-eabi/lib/thumb/v7-m/nofp\libc_nano.a(libc_a-init.o)
 .ARM.attributes
                0x000006bf       0x2d C:/STM32_IDE/STM32CubeIDE_1.16.1/STM32CubeIDE/plugins/com.st.stm32cube.ide.mcu.externaltools.gnu-tools-for-stm32.12.3.rel1.win32_1.0.200.202406191623/tools/bin/../lib/gcc/arm-none-eabi/12.3.1/../../../../arm-none-eabi/lib/thumb/v7-m/nofp\libc_nano.a(libc_a-lock.o)
 .ARM.attributes
                0x000006ec       0x17 C:/STM32_IDE/STM32CubeIDE_1.16.1/STM32CubeIDE/plugins/com.st.stm32cube.ide.mcu.externaltools.gnu-tools-for-stm32.12.3.rel1.win32_1.0.200.202406191623/tools/bin/../lib/gcc/arm-none-eabi/12.3.1/../../../../arm-none-eabi/lib/thumb/v7-m/nofp\libc_nano.a(libc_a-strlen.o)
 .ARM.attributes
                0x00000703       0x2d C:/STM32_IDE/STM32CubeIDE_1.16.1/STM32CubeIDE/plugins/com.st.stm32cube.ide.mcu.externaltools.gnu-tools-for-stm32.12.3.rel1.win32_1.0.200.202406191623/tools/bin/../lib/gcc/arm-none-eabi/12.3.1/../../../../arm-none-eabi/lib/thumb/v7-m/nofp\libc_nano.a(libc_a-freer.o)
 .ARM.attributes
                0x00000730       0x2d C:/STM32_IDE/STM32CubeIDE_1.16.1/STM32CubeIDE/plugins/com.st.stm32cube.ide.mcu.externaltools.gnu-tools-for-stm32.12.3.rel1.win32_1.0.200.202406191623/tools/bin/../lib/gcc/arm-none-eabi/12.3.1/../../../../arm-none-eabi/lib/thumb/v7-m/nofp\libc_nano.a(libc_a-mallocr.o)
 .ARM.attributes
                0x0000075d       0x2d C:/STM32_IDE/STM32CubeIDE_1.16.1/STM32CubeIDE/plugins/com.st.stm32cube.ide.mcu.externaltools.gnu-tools-for-stm32.12.3.rel1.win32_1.0.200.202406191623/tools/bin/../lib/gcc/arm-none-eabi/12.3.1/../../../../arm-none-eabi/lib/thumb/v7-m/nofp\libc_nano.a(libc_a-mlock.o)
 .ARM.attributes
                0x0000078a       0x2d C:/STM32_IDE/STM32CubeIDE_1.16.1/STM32CubeIDE/plugins/com.st.stm32cube.ide.mcu.externaltools.gnu-tools-for-stm32.12.3.rel1.win32_1.0.200.202406191623/tools/bin/../lib/gcc/arm-none-eabi/12.3.1/../../../../arm-none-eabi/lib/thumb/v7-m/nofp\libc_nano.a(libc_a-nano-svfprintf.o)
 .ARM.attributes
                0x000007b7       0x2d C:/STM32_IDE/STM32CubeIDE_1.16.1/STM32CubeIDE/plugins/com.st.stm32cube.ide.mcu.externaltools.gnu-tools-for-stm32.12.3.rel1.win32_1.0.200.202406191623/tools/bin/../lib/gcc/arm-none-eabi/12.3.1/../../../../arm-none-eabi/lib/thumb/v7-m/nofp\libc_nano.a(libc_a-nano-vfprintf_i.o)
 .ARM.attributes
                0x000007e4       0x2d C:/STM32_IDE/STM32CubeIDE_1.16.1/STM32CubeIDE/plugins/com.st.stm32cube.ide.mcu.externaltools.gnu-tools-for-stm32.12.3.rel1.win32_1.0.200.202406191623/tools/bin/../lib/gcc/arm-none-eabi/12.3.1/../../../../arm-none-eabi/lib/thumb/v7-m/nofp\libc_nano.a(libc_a-memmove.o)
 .ARM.attributes
                0x00000811       0x2d C:/STM32_IDE/STM32CubeIDE_1.16.1/STM32CubeIDE/plugins/com.st.stm32cube.ide.mcu.externaltools.gnu-tools-for-stm32.12.3.rel1.win32_1.0.200.202406191623/tools/bin/../lib/gcc/arm-none-eabi/12.3.1/../../../../arm-none-eabi/lib/thumb/v7-m/nofp\libc_nano.a(libc_a-sbrkr.o)
 .ARM.attributes
                0x0000083e       0x2d C:/STM32_IDE/STM32CubeIDE_1.16.1/STM32CubeIDE/plugins/com.st.stm32cube.ide.mcu.externaltools.gnu-tools-for-stm32.12.3.rel1.win32_1.0.200.202406191623/tools/bin/../lib/gcc/arm-none-eabi/12.3.1/../../../../arm-none-eabi/lib/thumb/v7-m/nofp\libc_nano.a(libc_a-memchr-stub.o)
 .ARM.attributes
                0x0000086b       0x2d C:/STM32_IDE/STM32CubeIDE_1.16.1/STM32CubeIDE/plugins/com.st.stm32cube.ide.mcu.externaltools.gnu-tools-for-stm32.12.3.rel1.win32_1.0.200.202406191623/tools/bin/../lib/gcc/arm-none-eabi/12.3.1/../../../../arm-none-eabi/lib/thumb/v7-m/nofp\libc_nano.a(libc_a-memcpy-stub.o)
 .ARM.attributes
                0x00000898       0x2d C:/STM32_IDE/STM32CubeIDE_1.16.1/STM32CubeIDE/plugins/com.st.stm32cube.ide.mcu.externaltools.gnu-tools-for-stm32.12.3.rel1.win32_1.0.200.202406191623/tools/bin/../lib/gcc/arm-none-eabi/12.3.1/../../../../arm-none-eabi/lib/thumb/v7-m/nofp\libc_nano.a(libc_a-reallocr.o)
 .ARM.attributes
                0x000008c5       0x2d C:/STM32_IDE/STM32CubeIDE_1.16.1/STM32CubeIDE/plugins/com.st.stm32cube.ide.mcu.externaltools.gnu-tools-for-stm32.12.3.rel1.win32_1.0.200.202406191623/tools/bin/../lib/gcc/arm-none-eabi/12.3.1/../../../../arm-none-eabi/lib/thumb/v7-m/nofp\libc_nano.a(libc_a-msizer.o)
 .ARM.attributes
                0x000008f2       0x1d C:/STM32_IDE/STM32CubeIDE_1.16.1/STM32CubeIDE/plugins/com.st.stm32cube.ide.mcu.externaltools.gnu-tools-for-stm32.12.3.rel1.win32_1.0.200.202406191623/tools/bin/../lib/gcc/arm-none-eabi/12.3.1/thumb/v7-m/nofp\libgcc.a(_arm_addsubdf3.o)
 .ARM.attributes
                0x0000090f       0x1d C:/STM32_IDE/STM32CubeIDE_1.16.1/STM32CubeIDE/plugins/com.st.stm32cube.ide.mcu.externaltools.gnu-tools-for-stm32.12.3.rel1.win32_1.0.200.202406191623/tools/bin/../lib/gcc/arm-none-eabi/12.3.1/thumb/v7-m/nofp\libgcc.a(_arm_truncdfsf2.o)
 .ARM.attributes
                0x0000092c       0x1d C:/STM32_IDE/STM32CubeIDE_1.16.1/STM32CubeIDE/plugins/com.st.stm32cube.ide.mcu.externaltools.gnu-tools-for-stm32.12.3.rel1.win32_1.0.200.202406191623/tools/bin/../lib/gcc/arm-none-eabi/12.3.1/thumb/v7-m/nofp\libgcc.a(_arm_addsubsf3.o)
 .ARM.attributes
                0x00000949       0x1d C:/STM32_IDE/STM32CubeIDE_1.16.1/STM32CubeIDE/plugins/com.st.stm32cube.ide.mcu.externaltools.gnu-tools-for-stm32.12.3.rel1.win32_1.0.200.202406191623/tools/bin/../lib/gcc/arm-none-eabi/12.3.1/thumb/v7-m/nofp\libgcc.a(_arm_muldivsf3.o)
 .ARM.attributes
                0x00000966       0x1d C:/STM32_IDE/STM32CubeIDE_1.16.1/STM32CubeIDE/plugins/com.st.stm32cube.ide.mcu.externaltools.gnu-tools-for-stm32.12.3.rel1.win32_1.0.200.202406191623/tools/bin/../lib/gcc/arm-none-eabi/12.3.1/thumb/v7-m/nofp\libgcc.a(_arm_cmpsf2.o)
 .ARM.attributes
                0x00000983       0x1d C:/STM32_IDE/STM32CubeIDE_1.16.1/STM32CubeIDE/plugins/com.st.stm32cube.ide.mcu.externaltools.gnu-tools-for-stm32.12.3.rel1.win32_1.0.200.202406191623/tools/bin/../lib/gcc/arm-none-eabi/12.3.1/thumb/v7-m/nofp\libgcc.a(_arm_fixsfsi.o)
 .ARM.attributes
                0x000009a0       0x1d C:/STM32_IDE/STM32CubeIDE_1.16.1/STM32CubeIDE/plugins/com.st.stm32cube.ide.mcu.externaltools.gnu-tools-for-stm32.12.3.rel1.win32_1.0.200.202406191623/tools/bin/../lib/gcc/arm-none-eabi/12.3.1/thumb/v7-m/nofp/crtn.o
OUTPUT(Voice_control.elf elf32-littlearm)
LOAD linker stubs
LOAD C:/STM32_IDE/STM32CubeIDE_1.16.1/STM32CubeIDE/plugins/com.st.stm32cube.ide.mcu.externaltools.gnu-tools-for-stm32.12.3.rel1.win32_1.0.200.202406191623/tools/bin/../lib/gcc/arm-none-eabi/12.3.1/../../../../arm-none-eabi/lib/thumb/v7-m/nofp\libc.a
LOAD C:/STM32_IDE/STM32CubeIDE_1.16.1/STM32CubeIDE/plugins/com.st.stm32cube.ide.mcu.externaltools.gnu-tools-for-stm32.12.3.rel1.win32_1.0.200.202406191623/tools/bin/../lib/gcc/arm-none-eabi/12.3.1/../../../../arm-none-eabi/lib/thumb/v7-m/nofp\libm.a
LOAD C:/STM32_IDE/STM32CubeIDE_1.16.1/STM32CubeIDE/plugins/com.st.stm32cube.ide.mcu.externaltools.gnu-tools-for-stm32.12.3.rel1.win32_1.0.200.202406191623/tools/bin/../lib/gcc/arm-none-eabi/12.3.1/thumb/v7-m/nofp\libgcc.a

.debug_info     0x00000000     0xc95d
 .debug_info    0x00000000      0x2a2 ./BSP/RGB/bsp_rgb.o
 .debug_info    0x000002a2      0x32d ./BSP/Two_Wheat/bsp_two_wheat.o
 .debug_info    0x000005cf      0x3df ./BSP/USART/bsp_usrt4.o
 .debug_info    0x000009ae      0x46c ./BSP/bsp.o
 .debug_info    0x00000e1a      0x31f ./BSP/encoder/bsp_encoder.o
 .debug_info    0x00001139      0x817 ./BSP/motor/app_motor.o
 .debug_info    0x00001950      0x5e6 ./BSP/motor/bsp_PID_motor.o
 .debug_info    0x00001f36      0x2bc ./BSP/motor/bsp_motor.o
 .debug_info    0x000021f2      0x737 ./BSP/tim/bsp_tim.o
 .debug_info    0x00002929      0x356 ./Core/Src/gpio.o
 .debug_info    0x00002c7f      0x35d ./Core/Src/main.o
 .debug_info    0x00002fdc      0x24e ./Core/Src/stm32f1xx_hal_msp.o
 .debug_info    0x0000322a      0x6e5 ./Core/Src/stm32f1xx_it.o
 .debug_info    0x0000390f      0x168 ./Core/Src/sysmem.o
 .debug_info    0x00003a77      0x222 ./Core/Src/system_stm32f1xx.o
 .debug_info    0x00003c99     0x123e ./Core/Src/tim.o
 .debug_info    0x00004ed7      0xa27 ./Core/Src/usart.o
 .debug_info    0x000058fe       0x30 ./Core/Startup/startup_stm32f103zetx.o
 .debug_info    0x0000592e      0x7a1 ./Drivers/STM32F1xx_HAL_Driver/Src/stm32f1xx_hal.o
 .debug_info    0x000060cf      0xb07 ./Drivers/STM32F1xx_HAL_Driver/Src/stm32f1xx_hal_cortex.o
 .debug_info    0x00006bd6      0x5dc ./Drivers/STM32F1xx_HAL_Driver/Src/stm32f1xx_hal_gpio.o
 .debug_info    0x000071b2      0x7f0 ./Drivers/STM32F1xx_HAL_Driver/Src/stm32f1xx_hal_rcc.o
 .debug_info    0x000079a2     0x29a5 ./Drivers/STM32F1xx_HAL_Driver/Src/stm32f1xx_hal_tim.o
 .debug_info    0x0000a347     0x14ef ./Drivers/STM32F1xx_HAL_Driver/Src/stm32f1xx_hal_tim_ex.o
 .debug_info    0x0000b836      0x5bd ./Drivers/STM32F1xx_HAL_Driver/Src/stm32f1xx_ll_gpio.o
 .debug_info    0x0000bdf3      0x56d ./Drivers/STM32F1xx_HAL_Driver/Src/stm32f1xx_ll_rcc.o
 .debug_info    0x0000c360      0x5fd ./Drivers/STM32F1xx_HAL_Driver/Src/stm32f1xx_ll_usart.o

.debug_abbrev   0x00000000     0x30d6
 .debug_abbrev  0x00000000      0x15b ./BSP/RGB/bsp_rgb.o
 .debug_abbrev  0x0000015b      0x190 ./BSP/Two_Wheat/bsp_two_wheat.o
 .debug_abbrev  0x000002eb      0x20e ./BSP/USART/bsp_usrt4.o
 .debug_abbrev  0x000004f9      0x1af ./BSP/bsp.o
 .debug_abbrev  0x000006a8      0x166 ./BSP/encoder/bsp_encoder.o
 .debug_abbrev  0x0000080e      0x264 ./BSP/motor/app_motor.o
 .debug_abbrev  0x00000a72      0x20b ./BSP/motor/bsp_PID_motor.o
 .debug_abbrev  0x00000c7d      0x13e ./BSP/motor/bsp_motor.o
 .debug_abbrev  0x00000dbb      0x1bf ./BSP/tim/bsp_tim.o
 .debug_abbrev  0x00000f7a      0x157 ./Core/Src/gpio.o
 .debug_abbrev  0x000010d1      0x19e ./Core/Src/main.o
 .debug_abbrev  0x0000126f       0xfc ./Core/Src/stm32f1xx_hal_msp.o
 .debug_abbrev  0x0000136b      0x1a9 ./Core/Src/stm32f1xx_it.o
 .debug_abbrev  0x00001514       0xbc ./Core/Src/sysmem.o
 .debug_abbrev  0x000015d0      0x13f ./Core/Src/system_stm32f1xx.o
 .debug_abbrev  0x0000170f      0x275 ./Core/Src/tim.o
 .debug_abbrev  0x00001984      0x1f7 ./Core/Src/usart.o
 .debug_abbrev  0x00001b7b       0x24 ./Core/Startup/startup_stm32f103zetx.o
 .debug_abbrev  0x00001b9f      0x209 ./Drivers/STM32F1xx_HAL_Driver/Src/stm32f1xx_hal.o
 .debug_abbrev  0x00001da8      0x2fa ./Drivers/STM32F1xx_HAL_Driver/Src/stm32f1xx_hal_cortex.o
 .debug_abbrev  0x000020a2      0x1e7 ./Drivers/STM32F1xx_HAL_Driver/Src/stm32f1xx_hal_gpio.o
 .debug_abbrev  0x00002289      0x2ad ./Drivers/STM32F1xx_HAL_Driver/Src/stm32f1xx_hal_rcc.o
 .debug_abbrev  0x00002536      0x28b ./Drivers/STM32F1xx_HAL_Driver/Src/stm32f1xx_hal_tim.o
 .debug_abbrev  0x000027c1      0x280 ./Drivers/STM32F1xx_HAL_Driver/Src/stm32f1xx_hal_tim_ex.o
 .debug_abbrev  0x00002a41      0x229 ./Drivers/STM32F1xx_HAL_Driver/Src/stm32f1xx_ll_gpio.o
 .debug_abbrev  0x00002c6a      0x290 ./Drivers/STM32F1xx_HAL_Driver/Src/stm32f1xx_ll_rcc.o
 .debug_abbrev  0x00002efa      0x1dc ./Drivers/STM32F1xx_HAL_Driver/Src/stm32f1xx_ll_usart.o

.debug_aranges  0x00000000      0xed8
 .debug_aranges
                0x00000000       0x30 ./BSP/RGB/bsp_rgb.o
 .debug_aranges
                0x00000030       0x48 ./BSP/Two_Wheat/bsp_two_wheat.o
 .debug_aranges
                0x00000078       0x60 ./BSP/USART/bsp_usrt4.o
 .debug_aranges
                0x000000d8       0x40 ./BSP/bsp.o
 .debug_aranges
                0x00000118       0x38 ./BSP/encoder/bsp_encoder.o
 .debug_aranges
                0x00000150       0xb8 ./BSP/motor/app_motor.o
 .debug_aranges
                0x00000208       0x90 ./BSP/motor/bsp_PID_motor.o
 .debug_aranges
                0x00000298       0x30 ./BSP/motor/bsp_motor.o
 .debug_aranges
                0x000002c8       0x28 ./BSP/tim/bsp_tim.o
 .debug_aranges
                0x000002f0       0x20 ./Core/Src/gpio.o
 .debug_aranges
                0x00000310       0x38 ./Core/Src/main.o
 .debug_aranges
                0x00000348       0x20 ./Core/Src/stm32f1xx_hal_msp.o
 .debug_aranges
                0x00000368       0x68 ./Core/Src/stm32f1xx_it.o
 .debug_aranges
                0x000003d0       0x20 ./Core/Src/sysmem.o
 .debug_aranges
                0x000003f0       0x28 ./Core/Src/system_stm32f1xx.o
 .debug_aranges
                0x00000418       0x78 ./Core/Src/tim.o
 .debug_aranges
                0x00000490       0x60 ./Core/Src/usart.o
 .debug_aranges
                0x000004f0       0x28 ./Core/Startup/startup_stm32f103zetx.o
 .debug_aranges
                0x00000518       0xe0 ./Drivers/STM32F1xx_HAL_Driver/Src/stm32f1xx_hal.o
 .debug_aranges
                0x000005f8      0x100 ./Drivers/STM32F1xx_HAL_Driver/Src/stm32f1xx_hal_cortex.o
 .debug_aranges
                0x000006f8       0x58 ./Drivers/STM32F1xx_HAL_Driver/Src/stm32f1xx_hal_gpio.o
 .debug_aranges
                0x00000750       0x90 ./Drivers/STM32F1xx_HAL_Driver/Src/stm32f1xx_hal_rcc.o
 .debug_aranges
                0x000007e0      0x3d0 ./Drivers/STM32F1xx_HAL_Driver/Src/stm32f1xx_hal_tim.o
 .debug_aranges
                0x00000bb0      0x168 ./Drivers/STM32F1xx_HAL_Driver/Src/stm32f1xx_hal_tim_ex.o
 .debug_aranges
                0x00000d18       0x60 ./Drivers/STM32F1xx_HAL_Driver/Src/stm32f1xx_ll_gpio.o
 .debug_aranges
                0x00000d78       0xd8 ./Drivers/STM32F1xx_HAL_Driver/Src/stm32f1xx_ll_rcc.o
 .debug_aranges
                0x00000e50       0x88 ./Drivers/STM32F1xx_HAL_Driver/Src/stm32f1xx_ll_usart.o

.debug_rnglists
                0x00000000      0xb3a
 .debug_rnglists
                0x00000000       0x22 ./BSP/RGB/bsp_rgb.o
 .debug_rnglists
                0x00000022       0x33 ./BSP/Two_Wheat/bsp_two_wheat.o
 .debug_rnglists
                0x00000055       0x43 ./BSP/USART/bsp_usrt4.o
 .debug_rnglists
                0x00000098       0x2d ./BSP/bsp.o
 .debug_rnglists
                0x000000c5       0x26 ./BSP/encoder/bsp_encoder.o
 .debug_rnglists
                0x000000eb       0x8c ./BSP/motor/app_motor.o
 .debug_rnglists
                0x00000177       0x6d ./BSP/motor/bsp_PID_motor.o
 .debug_rnglists
                0x000001e4       0x21 ./BSP/motor/bsp_motor.o
 .debug_rnglists
                0x00000205       0x1a ./BSP/tim/bsp_tim.o
 .debug_rnglists
                0x0000021f       0x14 ./Core/Src/gpio.o
 .debug_rnglists
                0x00000233       0x26 ./Core/Src/main.o
 .debug_rnglists
                0x00000259       0x13 ./Core/Src/stm32f1xx_hal_msp.o
 .debug_rnglists
                0x0000026c       0x49 ./Core/Src/stm32f1xx_it.o
 .debug_rnglists
                0x000002b5       0x13 ./Core/Src/sysmem.o
 .debug_rnglists
                0x000002c8       0x1a ./Core/Src/system_stm32f1xx.o
 .debug_rnglists
                0x000002e2       0x5f ./Core/Src/tim.o
 .debug_rnglists
                0x00000341       0x44 ./Core/Src/usart.o
 .debug_rnglists
                0x00000385       0x19 ./Core/Startup/startup_stm32f103zetx.o
 .debug_rnglists
                0x0000039e       0xa3 ./Drivers/STM32F1xx_HAL_Driver/Src/stm32f1xx_hal.o
 .debug_rnglists
                0x00000441       0xbb ./Drivers/STM32F1xx_HAL_Driver/Src/stm32f1xx_hal_cortex.o
 .debug_rnglists
                0x000004fc       0x40 ./Drivers/STM32F1xx_HAL_Driver/Src/stm32f1xx_hal_gpio.o
 .debug_rnglists
                0x0000053c       0x6e ./Drivers/STM32F1xx_HAL_Driver/Src/stm32f1xx_hal_rcc.o
 .debug_rnglists
                0x000005aa      0x321 ./Drivers/STM32F1xx_HAL_Driver/Src/stm32f1xx_hal_tim.o
 .debug_rnglists
                0x000008cb      0x128 ./Drivers/STM32F1xx_HAL_Driver/Src/stm32f1xx_hal_tim_ex.o
 .debug_rnglists
                0x000009f3       0x45 ./Drivers/STM32F1xx_HAL_Driver/Src/stm32f1xx_ll_gpio.o
 .debug_rnglists
                0x00000a38       0x9d ./Drivers/STM32F1xx_HAL_Driver/Src/stm32f1xx_ll_rcc.o
 .debug_rnglists
                0x00000ad5       0x65 ./Drivers/STM32F1xx_HAL_Driver/Src/stm32f1xx_ll_usart.o

.debug_macro    0x00000000    0x1dae7
 .debug_macro   0x00000000      0x211 ./BSP/RGB/bsp_rgb.o
 .debug_macro   0x00000211      0xaae ./BSP/RGB/bsp_rgb.o
 .debug_macro   0x00000cbf       0x22 ./BSP/RGB/bsp_rgb.o
 .debug_macro   0x00000ce1       0x8e ./BSP/RGB/bsp_rgb.o
 .debug_macro   0x00000d6f       0x51 ./BSP/RGB/bsp_rgb.o
 .debug_macro   0x00000dc0      0x103 ./BSP/RGB/bsp_rgb.o
 .debug_macro   0x00000ec3       0x6a ./BSP/RGB/bsp_rgb.o
 .debug_macro   0x00000f2d      0x1df ./BSP/RGB/bsp_rgb.o
 .debug_macro   0x0000110c       0x52 ./BSP/RGB/bsp_rgb.o
 .debug_macro   0x0000115e      0x21c ./BSP/RGB/bsp_rgb.o
 .debug_macro   0x0000137a       0x2e ./BSP/RGB/bsp_rgb.o
 .debug_macro   0x000013a8       0x22 ./BSP/RGB/bsp_rgb.o
 .debug_macro   0x000013ca       0x1c ./BSP/RGB/bsp_rgb.o
 .debug_macro   0x000013e6       0x22 ./BSP/RGB/bsp_rgb.o
 .debug_macro   0x00001408       0xbd ./BSP/RGB/bsp_rgb.o
 .debug_macro   0x000014c5      0xd23 ./BSP/RGB/bsp_rgb.o
 .debug_macro   0x000021e8     0xfd8c ./BSP/RGB/bsp_rgb.o
 .debug_macro   0x00011f74       0x6d ./BSP/RGB/bsp_rgb.o
 .debug_macro   0x00011fe1     0x348d ./BSP/RGB/bsp_rgb.o
 .debug_macro   0x0001546e      0x189 ./BSP/RGB/bsp_rgb.o
 .debug_macro   0x000155f7       0x5c ./BSP/RGB/bsp_rgb.o
 .debug_macro   0x00015653      0x5bc ./BSP/RGB/bsp_rgb.o
 .debug_macro   0x00015c0f      0x4d5 ./BSP/RGB/bsp_rgb.o
 .debug_macro   0x000160e4      0x1cb ./BSP/RGB/bsp_rgb.o
 .debug_macro   0x000162af      0x114 ./BSP/RGB/bsp_rgb.o
 .debug_macro   0x000163c3      0x1ea ./BSP/RGB/bsp_rgb.o
 .debug_macro   0x000165ad       0x27 ./BSP/RGB/bsp_rgb.o
 .debug_macro   0x000165d4      0x144 ./BSP/RGB/bsp_rgb.o
 .debug_macro   0x00016718      0x1bc ./BSP/RGB/bsp_rgb.o
 .debug_macro   0x000168d4       0x30 ./BSP/RGB/bsp_rgb.o
 .debug_macro   0x00016904       0x3c ./BSP/RGB/bsp_rgb.o
 .debug_macro   0x00016940       0x57 ./BSP/RGB/bsp_rgb.o
 .debug_macro   0x00016997       0x87 ./BSP/RGB/bsp_rgb.o
 .debug_macro   0x00016a1e      0x24f ./BSP/RGB/bsp_rgb.o
 .debug_macro   0x00016c6d      0x140 ./BSP/RGB/bsp_rgb.o
 .debug_macro   0x00016dad      0x8ed ./BSP/RGB/bsp_rgb.o
 .debug_macro   0x0001769a       0xb5 ./BSP/RGB/bsp_rgb.o
 .debug_macro   0x0001774f      0x1b4 ./BSP/RGB/bsp_rgb.o
 .debug_macro   0x00017903      0x2be ./BSP/RGB/bsp_rgb.o
 .debug_macro   0x00017bc1      0x134 ./BSP/RGB/bsp_rgb.o
 .debug_macro   0x00017cf5       0x28 ./BSP/RGB/bsp_rgb.o
 .debug_macro   0x00017d1d       0x8d ./BSP/RGB/bsp_rgb.o
 .debug_macro   0x00017daa       0x2a ./BSP/RGB/bsp_rgb.o
 .debug_macro   0x00017dd4       0x90 ./BSP/RGB/bsp_rgb.o
 .debug_macro   0x00017e64      0x229 ./BSP/RGB/bsp_rgb.o
 .debug_macro   0x0001808d      0x287 ./BSP/RGB/bsp_rgb.o
 .debug_macro   0x00018314       0xd0 ./BSP/RGB/bsp_rgb.o
 .debug_macro   0x000183e4      0x10c ./BSP/RGB/bsp_rgb.o
 .debug_macro   0x000184f0      0x3c1 ./BSP/Two_Wheat/bsp_two_wheat.o
 .debug_macro   0x000188b1       0x5b ./BSP/Two_Wheat/bsp_two_wheat.o
 .debug_macro   0x0001890c       0x24 ./BSP/Two_Wheat/bsp_two_wheat.o
 .debug_macro   0x00018930       0x94 ./BSP/Two_Wheat/bsp_two_wheat.o
 .debug_macro   0x000189c4       0x43 ./BSP/Two_Wheat/bsp_two_wheat.o
 .debug_macro   0x00018a07       0x34 ./BSP/Two_Wheat/bsp_two_wheat.o
 .debug_macro   0x00018a3b       0x16 ./BSP/Two_Wheat/bsp_two_wheat.o
 .debug_macro   0x00018a51       0x57 ./BSP/Two_Wheat/bsp_two_wheat.o
 .debug_macro   0x00018aa8       0x9e ./BSP/Two_Wheat/bsp_two_wheat.o
 .debug_macro   0x00018b46      0x369 ./BSP/Two_Wheat/bsp_two_wheat.o
 .debug_macro   0x00018eaf      0x10b ./BSP/Two_Wheat/bsp_two_wheat.o
 .debug_macro   0x00018fba       0x10 ./BSP/Two_Wheat/bsp_two_wheat.o
 .debug_macro   0x00018fca       0x16 ./BSP/Two_Wheat/bsp_two_wheat.o
 .debug_macro   0x00018fe0       0x43 ./BSP/Two_Wheat/bsp_two_wheat.o
 .debug_macro   0x00019023       0x34 ./BSP/Two_Wheat/bsp_two_wheat.o
 .debug_macro   0x00019057       0x10 ./BSP/Two_Wheat/bsp_two_wheat.o
 .debug_macro   0x00019067       0x58 ./BSP/Two_Wheat/bsp_two_wheat.o
 .debug_macro   0x000190bf       0x8e ./BSP/Two_Wheat/bsp_two_wheat.o
 .debug_macro   0x0001914d       0x1c ./BSP/Two_Wheat/bsp_two_wheat.o
 .debug_macro   0x00019169      0x177 ./BSP/Two_Wheat/bsp_two_wheat.o
 .debug_macro   0x000192e0       0x16 ./BSP/Two_Wheat/bsp_two_wheat.o
 .debug_macro   0x000192f6       0x16 ./BSP/Two_Wheat/bsp_two_wheat.o
 .debug_macro   0x0001930c      0x146 ./BSP/Two_Wheat/bsp_two_wheat.o
 .debug_macro   0x00019452       0x56 ./BSP/Two_Wheat/bsp_two_wheat.o
 .debug_macro   0x000194a8       0x16 ./BSP/Two_Wheat/bsp_two_wheat.o
 .debug_macro   0x000194be       0x35 ./BSP/Two_Wheat/bsp_two_wheat.o
 .debug_macro   0x000194f3       0x20 ./BSP/Two_Wheat/bsp_two_wheat.o
 .debug_macro   0x00019513       0x16 ./BSP/Two_Wheat/bsp_two_wheat.o
 .debug_macro   0x00019529       0x16 ./BSP/Two_Wheat/bsp_two_wheat.o
 .debug_macro   0x0001953f       0x29 ./BSP/Two_Wheat/bsp_two_wheat.o
 .debug_macro   0x00019568      0x19b ./BSP/Two_Wheat/bsp_two_wheat.o
 .debug_macro   0x00019703       0x4c ./BSP/Two_Wheat/bsp_two_wheat.o
 .debug_macro   0x0001974f       0x46 ./BSP/Two_Wheat/bsp_two_wheat.o
 .debug_macro   0x00019795       0x1c ./BSP/Two_Wheat/bsp_two_wheat.o
 .debug_macro   0x000197b1       0x58 ./BSP/Two_Wheat/bsp_two_wheat.o
 .debug_macro   0x00019809      0x3c1 ./BSP/USART/bsp_usrt4.o
 .debug_macro   0x00019bca      0x3bd ./BSP/bsp.o
 .debug_macro   0x00019f87      0x3c1 ./BSP/encoder/bsp_encoder.o
 .debug_macro   0x0001a348      0x3c7 ./BSP/motor/app_motor.o
 .debug_macro   0x0001a70f       0x16 ./BSP/motor/app_motor.o
 .debug_macro   0x0001a725      0x3c7 ./BSP/motor/bsp_PID_motor.o
 .debug_macro   0x0001aaec       0x40 ./BSP/motor/bsp_PID_motor.o
 .debug_macro   0x0001ab2c      0x21f ./BSP/motor/bsp_motor.o
 .debug_macro   0x0001ad4b       0x46 ./BSP/motor/bsp_motor.o
 .debug_macro   0x0001ad91      0x3c1 ./BSP/tim/bsp_tim.o
 .debug_macro   0x0001b152      0x20c ./Core/Src/gpio.o
 .debug_macro   0x0001b35e      0x3cd ./Core/Src/main.o
 .debug_macro   0x0001b72b       0x61 ./Core/Src/main.o
 .debug_macro   0x0001b78c      0x202 ./Core/Src/stm32f1xx_hal_msp.o
 .debug_macro   0x0001b98e      0x20c ./Core/Src/stm32f1xx_it.o
 .debug_macro   0x0001bb9a       0xff ./Core/Src/sysmem.o
 .debug_macro   0x0001bc99      0x23c ./Core/Src/sysmem.o
 .debug_macro   0x0001bed5      0x199 ./Core/Src/system_stm32f1xx.o
 .debug_macro   0x0001c06e      0x20c ./Core/Src/tim.o
 .debug_macro   0x0001c27a      0x20c ./Core/Src/usart.o
 .debug_macro   0x0001c486      0x1bd ./Drivers/STM32F1xx_HAL_Driver/Src/stm32f1xx_hal.o
 .debug_macro   0x0001c643      0x199 ./Drivers/STM32F1xx_HAL_Driver/Src/stm32f1xx_hal_cortex.o
 .debug_macro   0x0001c7dc      0x204 ./Drivers/STM32F1xx_HAL_Driver/Src/stm32f1xx_hal_gpio.o
 .debug_macro   0x0001c9e0      0x1ab ./Drivers/STM32F1xx_HAL_Driver/Src/stm32f1xx_hal_rcc.o
 .debug_macro   0x0001cb8b      0x19a ./Drivers/STM32F1xx_HAL_Driver/Src/stm32f1xx_hal_tim.o
 .debug_macro   0x0001cd25      0x199 ./Drivers/STM32F1xx_HAL_Driver/Src/stm32f1xx_hal_tim_ex.o
 .debug_macro   0x0001cebe      0x1d8 ./Drivers/STM32F1xx_HAL_Driver/Src/stm32f1xx_ll_gpio.o
 .debug_macro   0x0001d096      0x223 ./Drivers/STM32F1xx_HAL_Driver/Src/stm32f1xx_ll_gpio.o
 .debug_macro   0x0001d2b9      0x1bd ./Drivers/STM32F1xx_HAL_Driver/Src/stm32f1xx_ll_rcc.o
 .debug_macro   0x0001d476      0x2b8 ./Drivers/STM32F1xx_HAL_Driver/Src/stm32f1xx_ll_rcc.o
 .debug_macro   0x0001d72e      0x20b ./Drivers/STM32F1xx_HAL_Driver/Src/stm32f1xx_ll_usart.o
 .debug_macro   0x0001d939      0x1ae ./Drivers/STM32F1xx_HAL_Driver/Src/stm32f1xx_ll_usart.o

.debug_line     0x00000000    0x1775f
 .debug_line    0x00000000      0x822 ./BSP/RGB/bsp_rgb.o
 .debug_line    0x00000822      0xc88 ./BSP/Two_Wheat/bsp_two_wheat.o
 .debug_line    0x000014aa      0xc89 ./BSP/USART/bsp_usrt4.o
 .debug_line    0x00002133      0xc64 ./BSP/bsp.o
 .debug_line    0x00002d97      0xc23 ./BSP/encoder/bsp_encoder.o
 .debug_line    0x000039ba     0x100e ./BSP/motor/app_motor.o
 .debug_line    0x000049c8      0xf0c ./BSP/motor/bsp_PID_motor.o
 .debug_line    0x000058d4      0x8fb ./BSP/motor/bsp_motor.o
 .debug_line    0x000061cf      0xb88 ./BSP/tim/bsp_tim.o
 .debug_line    0x00006d57      0x7e0 ./Core/Src/gpio.o
 .debug_line    0x00007537      0xbeb ./Core/Src/main.o
 .debug_line    0x00008122      0x7c3 ./Core/Src/stm32f1xx_hal_msp.o
 .debug_line    0x000088e5      0x89b ./Core/Src/stm32f1xx_it.o
 .debug_line    0x00009180      0x660 ./Core/Src/sysmem.o