Archive member included to satisfy reference by file (symbol)

C:/STM32_IDE/STM32CubeIDE_1.16.1/STM32CubeIDE/plugins/com.st.stm32cube.ide.mcu.externaltools.gnu-tools-for-stm32.12.3.rel1.win32_1.0.200.202406191623/tools/bin/../lib/gcc/arm-none-eabi/12.3.1/../../../../arm-none-eabi/lib/thumb/v7-m/nofp\libc_nano.a(libc_a-exit.o)
                              C:/STM32_IDE/STM32CubeIDE_1.16.1/STM32CubeIDE/plugins/com.st.stm32cube.ide.mcu.externaltools.gnu-tools-for-stm32.12.3.rel1.win32_1.0.200.202406191623/tools/bin/../lib/gcc/arm-none-eabi/12.3.1/../../../../arm-none-eabi/lib/thumb/v7-m/nofp/crt0.o (exit)
C:/STM32_IDE/STM32CubeIDE_1.16.1/STM32CubeIDE/plugins/com.st.stm32cube.ide.mcu.externaltools.gnu-tools-for-stm32.12.3.rel1.win32_1.0.200.202406191623/tools/bin/../lib/gcc/arm-none-eabi/12.3.1/../../../../arm-none-eabi/lib/thumb/v7-m/nofp\libc_nano.a(libc_a-findfp.o)
                              C:/STM32_IDE/STM32CubeIDE_1.16.1/STM32CubeIDE/plugins/com.st.stm32cube.ide.mcu.externaltools.gnu-tools-for-stm32.12.3.rel1.win32_1.0.200.202406191623/tools/bin/../lib/gcc/arm-none-eabi/12.3.1/../../../../arm-none-eabi/lib/thumb/v7-m/nofp\libc_nano.a(libc_a-exit.o) (__stdio_exit_handler)
C:/STM32_IDE/STM32CubeIDE_1.16.1/STM32CubeIDE/plugins/com.st.stm32cube.ide.mcu.externaltools.gnu-tools-for-stm32.12.3.rel1.win32_1.0.200.202406191623/tools/bin/../lib/gcc/arm-none-eabi/12.3.1/../../../../arm-none-eabi/lib/thumb/v7-m/nofp\libc_nano.a(libc_a-fwalk.o)
                              C:/STM32_IDE/STM32CubeIDE_1.16.1/STM32CubeIDE/plugins/com.st.stm32cube.ide.mcu.externaltools.gnu-tools-for-stm32.12.3.rel1.win32_1.0.200.202406191623/tools/bin/../lib/gcc/arm-none-eabi/12.3.1/../../../../arm-none-eabi/lib/thumb/v7-m/nofp\libc_nano.a(libc_a-findfp.o) (_fwalk_sglue)
C:/STM32_IDE/STM32CubeIDE_1.16.1/STM32CubeIDE/plugins/com.st.stm32cube.ide.mcu.externaltools.gnu-tools-for-stm32.12.3.rel1.win32_1.0.200.202406191623/tools/bin/../lib/gcc/arm-none-eabi/12.3.1/../../../../arm-none-eabi/lib/thumb/v7-m/nofp\libc_nano.a(libc_a-stdio.o)
                              C:/STM32_IDE/STM32CubeIDE_1.16.1/STM32CubeIDE/plugins/com.st.stm32cube.ide.mcu.externaltools.gnu-tools-for-stm32.12.3.rel1.win32_1.0.200.202406191623/tools/bin/../lib/gcc/arm-none-eabi/12.3.1/../../../../arm-none-eabi/lib/thumb/v7-m/nofp\libc_nano.a(libc_a-findfp.o) (__sread)
C:/STM32_IDE/STM32CubeIDE_1.16.1/STM32CubeIDE/plugins/com.st.stm32cube.ide.mcu.externaltools.gnu-tools-for-stm32.12.3.rel1.win32_1.0.200.202406191623/tools/bin/../lib/gcc/arm-none-eabi/12.3.1/../../../../arm-none-eabi/lib/thumb/v7-m/nofp\libc_nano.a(libc_a-memset.o)
                              C:/STM32_IDE/STM32CubeIDE_1.16.1/STM32CubeIDE/plugins/com.st.stm32cube.ide.mcu.externaltools.gnu-tools-for-stm32.12.3.rel1.win32_1.0.200.202406191623/tools/bin/../lib/gcc/arm-none-eabi/12.3.1/../../../../arm-none-eabi/lib/thumb/v7-m/nofp/crt0.o (memset)
C:/STM32_IDE/STM32CubeIDE_1.16.1/STM32CubeIDE/plugins/com.st.stm32cube.ide.mcu.externaltools.gnu-tools-for-stm32.12.3.rel1.win32_1.0.200.202406191623/tools/bin/../lib/gcc/arm-none-eabi/12.3.1/../../../../arm-none-eabi/lib/thumb/v7-m/nofp\libc_nano.a(libc_a-closer.o)
                              C:/STM32_IDE/STM32CubeIDE_1.16.1/STM32CubeIDE/plugins/com.st.stm32cube.ide.mcu.externaltools.gnu-tools-for-stm32.12.3.rel1.win32_1.0.200.202406191623/tools/bin/../lib/gcc/arm-none-eabi/12.3.1/../../../../arm-none-eabi/lib/thumb/v7-m/nofp\libc_nano.a(libc_a-stdio.o) (_close_r)
C:/STM32_IDE/STM32CubeIDE_1.16.1/STM32CubeIDE/plugins/com.st.stm32cube.ide.mcu.externaltools.gnu-tools-for-stm32.12.3.rel1.win32_1.0.200.202406191623/tools/bin/../lib/gcc/arm-none-eabi/12.3.1/../../../../arm-none-eabi/lib/thumb/v7-m/nofp\libc_nano.a(libc_a-reent.o)
                              C:/STM32_IDE/STM32CubeIDE_1.16.1/STM32CubeIDE/plugins/com.st.stm32cube.ide.mcu.externaltools.gnu-tools-for-stm32.12.3.rel1.win32_1.0.200.202406191623/tools/bin/../lib/gcc/arm-none-eabi/12.3.1/../../../../arm-none-eabi/lib/thumb/v7-m/nofp\libc_nano.a(libc_a-closer.o) (errno)
C:/STM32_IDE/STM32CubeIDE_1.16.1/STM32CubeIDE/plugins/com.st.stm32cube.ide.mcu.externaltools.gnu-tools-for-stm32.12.3.rel1.win32_1.0.200.202406191623/tools/bin/../lib/gcc/arm-none-eabi/12.3.1/../../../../arm-none-eabi/lib/thumb/v7-m/nofp\libc_nano.a(libc_a-impure.o)
                              C:/STM32_IDE/STM32CubeIDE_1.16.1/STM32CubeIDE/plugins/com.st.stm32cube.ide.mcu.externaltools.gnu-tools-for-stm32.12.3.rel1.win32_1.0.200.202406191623/tools/bin/../lib/gcc/arm-none-eabi/12.3.1/../../../../arm-none-eabi/lib/thumb/v7-m/nofp\libc_nano.a(libc_a-reent.o) (_impure_ptr)
C:/STM32_IDE/STM32CubeIDE_1.16.1/STM32CubeIDE/plugins/com.st.stm32cube.ide.mcu.externaltools.gnu-tools-for-stm32.12.3.rel1.win32_1.0.200.202406191623/tools/bin/../lib/gcc/arm-none-eabi/12.3.1/../../../../arm-none-eabi/lib/thumb/v7-m/nofp\libc_nano.a(libc_a-lseekr.o)
[...]
Memory Configuration

Name             Origin             Length             Attributes
RAM              0x20000000         0x00010000         xrw
FLASH            0x08000000         0x00080000         xr
*default*        0x00000000         0xffffffff

Linker script and memory map

LOAD C:/STM32_IDE/STM32CubeIDE_1.16.1/STM32CubeIDE/plugins/com.st.stm32cube.ide.mcu.externaltools.gnu-tools-for-stm32.12.3.rel1.win32_1.0.200.202406191623/tools/bin/../lib/gcc/arm-none-eabi/12.3.1/thumb/v7-m/nofp/crti.o
LOAD C:/STM32_IDE/STM32CubeIDE_1.16.1/STM32CubeIDE/plugins/com.st.stm32cube.ide.mcu.externaltools.gnu-tools-for-stm32.12.3.rel1.win32_1.0.200.202406191623/tools/bin/../lib/gcc/arm-none-eabi/12.3.1/thumb/v7-m/nofp/crtbegin.o
LOAD C:/STM32_IDE/STM32CubeIDE_1.16.1/STM32CubeIDE/plugins/com.st.stm32cube.ide.mcu.externaltools.gnu-tools-for-stm32.12.3.rel1.win32_1.0.200.202406191623/tools/bin/../lib/gcc/arm-none-eabi/12.3.1/../../../../arm-none-eabi/lib/thumb/v7-m/nofp/crt0.o
LOAD ./Bsp/RGB/bsp_rgb.o
LOAD ./Bsp/bsp.o
LOAD ./Core/Src/gpio.o
LOAD ./Core/Src/main.o
LOAD ./Core/Src/stm32f1xx_hal_msp.o
LOAD ./Core/Src/stm32f1xx_it.o
LOAD ./Core/Src/syscalls.o
LOAD ./Core/Src/sysmem.o
LOAD ./Core/Src/system_stm32f1xx.o
LOAD ./Core/Startup/startup_stm32f103zetx.o
LOAD ./Drivers/STM32F1xx_HAL_Driver/Src/stm32f1xx_hal.o
LOAD ./Drivers/STM32F1xx_HAL_Driver/Src/stm32f1xx_hal_cortex.o
LOAD ./Drivers/STM32F1xx_HAL_Driver/Src/stm32f1xx_hal_dma.o
LOAD ./Drivers/STM32F1xx_HAL_Driver/Src/stm32f1xx_hal_exti.o
LOAD ./Drivers/STM32F1xx_HAL_Driver/Src/stm32f1xx_hal_flash.o
LOAD ./Drivers/STM32F1xx_HAL_Driver/Src/stm32f1xx_hal_flash_ex.o
LOAD ./Drivers/STM32F1xx_HAL_Driver/Src/stm32f1xx_hal_gpio.o
LOAD ./Drivers/STM32F1xx_HAL_Driver/Src/stm32f1xx_hal_gpio_ex.o
LOAD ./Drivers/STM32F1xx_HAL_Driver/Src/stm32f1xx_hal_pwr.o
LOAD ./Drivers/STM32F1xx_HAL_Driver/Src/stm32f1xx_hal_rcc.o
LOAD ./Drivers/STM32F1xx_HAL_Driver/Src/stm32f1xx_hal_rcc_ex.o
LOAD ./Drivers/STM32F1xx_HAL_Driver/Src/stm32f1xx_hal_tim.o
LOAD ./Drivers/STM32F1xx_HAL_Driver/Src/stm32f1xx_hal_tim_ex.o
START GROUP
LOAD C:/STM32_IDE/STM32CubeIDE_1.16.1/STM32CubeIDE/plugins/com.st.stm32cube.ide.mcu.externaltools.gnu-tools-for-stm32.12.3.rel1.win32_1.0.200.202406191623/tools/bin/../lib/gcc/arm-none-eabi/12.3.1/../../../../arm-none-eabi/lib/thumb/v7-m/nofp\libc_nano.a
LOAD C:/STM32_IDE/STM32CubeIDE_1.16.1/STM32CubeIDE/plugins/com.st.stm32cube.ide.mcu.externaltools.gnu-tools-for-stm32.12.3.rel1.win32_1.0.200.202406191623/tools/bin/../lib/gcc/arm-none-eabi/12.3.1/../../../../arm-none-eabi/lib/thumb/v7-m/nofp\libm.a
END GROUP
START GROUP
LOAD C:/STM32_IDE/STM32CubeIDE_1.16.1/STM32CubeIDE/plugins/com.st.stm32cube.ide.mcu.externaltools.gnu-tools-for-stm32.12.3.rel1.win32_1.0.200.202406191623/tools/bin/../lib/gcc/arm-none-eabi/12.3.1/thumb/v7-m/nofp\libgcc.a
LOAD C:/STM32_IDE/STM32CubeIDE_1.16.1/STM32CubeIDE/plugins/com.st.stm32cube.ide.mcu.externaltools.gnu-tools-for-stm32.12.3.rel1.win32_1.0.200.202406191623/tools/bin/../lib/gcc/arm-none-eabi/12.3.1/../../../../arm-none-eabi/lib/thumb/v7-m/nofp\libc_nano.a
END GROUP
START GROUP
LOAD C:/STM32_IDE/STM32CubeIDE_1.16.1/STM32CubeIDE/plugins/com.st.stm32cube.ide.mcu.externaltools.gnu-tools-for-stm32.12.3.rel1.win32_1.0.200.202406191623/tools/bin/../lib/gcc/arm-none-eabi/12.3.1/thumb/v7-m/nofp\libgcc.a
LOAD C:/STM32_IDE/STM32CubeIDE_1.16.1/STM32CubeIDE/plugins/com.st.stm32cube.ide.mcu.externaltools.gnu-tools-for-stm32.12.3.rel1.win32_1.0.200.202406191623/tools/bin/../lib/gcc/arm-none-eabi/12.3.1/../../../../arm-none-eabi/lib/thumb/v7-m/nofp\libc_nano.a
LOAD C:/STM32_IDE/STM32CubeIDE_1.16.1/STM32CubeIDE/plugins/com.st.stm32cube.ide.mcu.externaltools.gnu-tools-for-stm32.12.3.rel1.win32_1.0.200.202406191623/tools/bin/../lib/gcc/arm-none-eabi/12.3.1/../../../../arm-none-eabi/lib/thumb/v7-m/nofp\libnosys.a
END GROUP
START GROUP
LOAD C:/STM32_IDE/STM32CubeIDE_1.16.1/STM32CubeIDE/plugins/com.st.stm32cube.ide.mcu.externaltools.gnu-tools-for-stm32.12.3.rel1.win32_1.0.200.202406191623/tools/bin/../lib/gcc/arm-none-eabi/12.3.1/thumb/v7-m/nofp\libgcc.a
LOAD C:/STM32_IDE/STM32CubeIDE_1.16.1/STM32CubeIDE/plugins/com.st.stm32cube.ide.mcu.externaltools.gnu-tools-for-stm32.12.3.rel1.win32_1.0.200.202406191623/tools/bin/../lib/gcc/arm-none-eabi/12.3.1/../../../../arm-none-eabi/lib/thumb/v7-m/nofp\libc_nano.a
LOAD C:/STM32_IDE/STM32CubeIDE_1.16.1/STM32CubeIDE/plugins/com.st.stm32cube.ide.mcu.externaltools.gnu-tools-for-stm32.12.3.rel1.win32_1.0.200.202406191623/tools/bin/../lib/gcc/arm-none-eabi/12.3.1/../../../../arm-none-eabi/lib/thumb/v7-m/nofp\libnosys.a
END GROUP
LOAD C:/STM32_IDE/STM32CubeIDE_1.16.1/STM32CubeIDE/plugins/com.st.stm32cube.ide.mcu.externaltools.gnu-tools-for-stm32.12.3.rel1.win32_1.0.200.202406191623/tools/bin/../lib/gcc/arm-none-eabi/12.3.1/thumb/v7-m/nofp/crtend.o
LOAD C:/STM32_IDE/STM32CubeIDE_1.16.1/STM32CubeIDE/plugins/com.st.stm32cube.ide.mcu.externaltools.gnu-tools-for-stm32.12.3.rel1.win32_1.0.200.202406191623/tools/bin/../lib/gcc/arm-none-eabi/12.3.1/thumb/v7-m/nofp/crtn.o
                0x20010000                        _estack = (ORIGIN (RAM) + LENGTH (RAM))
                0x00000200                        _Min_Heap_Size = 0x200
                0x00000400                        _Min_Stack_Size = 0x400

.isr_vector     0x08000000      0x1e4
                0x08000000                        . = ALIGN (0x4)
 *(.isr_vector)
 .isr_vector    0x08000000      0x1e4 ./Core/Startup/startup_stm32f103zetx.o
                0x08000000                g_pfnVectors
                0x080001e4                        . = ALIGN (0x4)

.text           0x080001e4     0x1584
                0x080001e4                        . = ALIGN (0x4)
 *(.text)
 .text          0x080001e4       0x40 C:/STM32_IDE/STM32CubeIDE_1.16.1/STM32CubeIDE/plugins/com.st.stm32cube.ide.mcu.externaltools.gnu-tools-for-stm32.12.3.rel1.win32_1.0.200.202406191623/tools/bin/../lib/gcc/arm-none-eabi/12.3.1/thumb/v7-m/nofp/crtbegin.o
 *(.text*)
 .text.Set_RGB  0x08000224       0x9c ./Bsp/RGB/bsp_rgb.o
                0x08000224                Set_RGB
 .text.Set_color_R
                0x080002c0      0x140 ./Bsp/RGB/bsp_rgb.o
                0x080002c0                Set_color_R
 .text.Set_color_L
                0x08000400      0x144 ./Bsp/RGB/bsp_rgb.o
                0x08000400                Set_color_L
 .text.BSP_Init
                0x08000544       0x4c ./Bsp/bsp.o
                0x08000544                BSP_Init
 .text.BSP_Loop
                0x08000590      0x100 ./Bsp/bsp.o
                0x08000590                BSP_Loop
 .text.MX_GPIO_Init
                0x08000690       0xbc ./Core/Src/gpio.o
                0x08000690                MX_GPIO_Init
 .text.main     0x0800074c       0x1a ./Core/Src/main.o
                0x0800074c                main
 .text.SystemClock_Config
                0x08000766       0x8a ./Core/Src/main.o
                0x08000766                SystemClock_Config
 .text.Error_Handler
                0x080007f0        0xc ./Core/Src/main.o
                0x080007f0                Error_Handler
 .text.HAL_MspInit
                0x080007fc       0x64 ./Core/Src/stm32f1xx_hal_msp.o
                0x080007fc                HAL_MspInit
 .text.NMI_Handler
                0x08000860        0x8 ./Core/Src/stm32f1xx_it.o
                0x08000860                NMI_Handler
 .text.HardFault_Handler
                0x08000868        0x8 ./Core/Src/stm32f1xx_it.o
                0x08000868                HardFault_Handler
 .text.MemManage_Handler
                0x08000870        0x8 ./Core/Src/stm32f1xx_it.o
                0x08000870                MemManage_Handler
 .text.BusFault_Handler
                0x08000878        0x8 ./Core/Src/stm32f1xx_it.o
                0x08000878                BusFault_Handler
 .text.UsageFault_Handler
                0x08000880        0x8 ./Core/Src/stm32f1xx_it.o
                0x08000880                UsageFault_Handler
 .text.SVC_Handler
                0x08000888        0xc ./Core/Src/stm32f1xx_it.o
                0x08000888                SVC_Handler
 .text.DebugMon_Handler
                0x08000894        0xc ./Core/Src/stm32f1xx_it.o
                0x08000894                DebugMon_Handler
 .text.PendSV_Handler
                0x080008a0        0xc ./Core/Src/stm32f1xx_it.o
                0x080008a0                PendSV_Handler
 .text.SysTick_Handler
                0x080008ac        0xc ./Core/Src/stm32f1xx_it.o
                0x080008ac                SysTick_Handler
 .text.SystemInit
                0x080008b8        0xc ./Core/Src/system_stm32f1xx.o
                0x080008b8                SystemInit
 .text.Reset_Handler
                0x080008c4       0x48 ./Core/Startup/startup_stm32f103zetx.o
                0x080008c4                Reset_Handler
 .text.Default_Handler
                0x0800090c        0x2 ./Core/Startup/startup_stm32f103zetx.o
                0x0800090c                RTC_Alarm_IRQHandler
                0x0800090c                EXTI2_IRQHandler
                0x0800090c                TIM8_TRG_COM_IRQHandler
                0x0800090c                TIM8_CC_IRQHandler
                0x0800090c                TIM1_CC_IRQHandler
                0x0800090c                TIM6_IRQHandler
                0x0800090c                PVD_IRQHandler
                0x0800090c                SDIO_IRQHandler
                0x0800090c                EXTI3_IRQHandler
                0x0800090c                EXTI0_IRQHandler
                0x0800090c                I2C2_EV_IRQHandler
                0x0800090c                ADC1_2_IRQHandler
                0x0800090c                SPI1_IRQHandler
                0x0800090c                TAMPER_IRQHandler
                0x0800090c                TIM8_UP_IRQHandler
                0x0800090c                DMA2_Channel2_IRQHandler
                0x0800090c                DMA1_Channel4_IRQHandler
                0x0800090c                USART3_IRQHandler
                0x0800090c                RTC_IRQHandler
                0x0800090c                DMA1_Channel7_IRQHandler
                0x0800090c                CAN1_RX1_IRQHandler
                0x0800090c                UART5_IRQHandler
                0x0800090c                ADC3_IRQHandler
                0x0800090c                TIM4_IRQHandler
                0x0800090c                DMA2_Channel1_IRQHandler
                0x0800090c                I2C1_EV_IRQHandler
                0x0800090c                DMA1_Channel6_IRQHandler
                0x0800090c                UART4_IRQHandler
                0x0800090c                TIM3_IRQHandler
                0x0800090c                RCC_IRQHandler
                0x0800090c                TIM1_TRG_COM_IRQHandler
                0x0800090c                DMA1_Channel1_IRQHandler
                0x0800090c                Default_Handler
                0x0800090c                EXTI15_10_IRQHandler
                0x0800090c                TIM7_IRQHandler
                0x0800090c                TIM5_IRQHandler
                0x0800090c                EXTI9_5_IRQHandler
                0x0800090c                SPI2_IRQHandler
                0x0800090c                DMA1_Channel5_IRQHandler
                0x0800090c                EXTI4_IRQHandler
                0x0800090c                USB_LP_CAN1_RX0_IRQHandler
                0x0800090c                USB_HP_CAN1_TX_IRQHandler
                0x0800090c                DMA1_Channel3_IRQHandler
                0x0800090c                FSMC_IRQHandler
                0x0800090c                TIM1_UP_IRQHandler
                0x0800090c                WWDG_IRQHandler
                0x0800090c                TIM2_IRQHandler
                0x0800090c                TIM1_BRK_IRQHandler
                0x0800090c                EXTI1_IRQHandler
                0x0800090c                DMA2_Channel4_5_IRQHandler
                0x0800090c                USART2_IRQHandler
                0x0800090c                I2C2_ER_IRQHandler
                0x0800090c                DMA1_Channel2_IRQHandler
                0x0800090c                TIM8_BRK_IRQHandler
                0x0800090c                CAN1_SCE_IRQHandler
                0x0800090c                FLASH_IRQHandler
                0x0800090c                USART1_IRQHandler
                0x0800090c                SPI3_IRQHandler
                0x0800090c                I2C1_ER_IRQHandler
                0x0800090c                USBWakeUp_IRQHandler
                0x0800090c                DMA2_Channel3_IRQHandler
 *fill*         0x0800090e        0x2 
 .text.HAL_Init
                0x08000910       0x2c ./Drivers/STM32F1xx_HAL_Driver/Src/stm32f1xx_hal.o
                0x08000910                HAL_Init
 .text.HAL_InitTick
                0x0800093c       0x60 ./Drivers/STM32F1xx_HAL_Driver/Src/stm32f1xx_hal.o
                0x0800093c                HAL_InitTick
 .text.HAL_IncTick
                0x0800099c       0x24 ./Drivers/STM32F1xx_HAL_Driver/Src/stm32f1xx_hal.o
                0x0800099c                HAL_IncTick
 .text.HAL_GetTick
                0x080009c0       0x14 ./Drivers/STM32F1xx_HAL_Driver/Src/stm32f1xx_hal.o
                0x080009c0                HAL_GetTick
 .text.HAL_Delay
                0x080009d4       0x48 ./Drivers/STM32F1xx_HAL_Driver/Src/stm32f1xx_hal.o
                0x080009d4                HAL_Delay
 .text.__NVIC_SetPriorityGrouping
                0x08000a1c       0x48 ./Drivers/STM32F1xx_HAL_Driver/Src/stm32f1xx_hal_cortex.o
 .text.__NVIC_GetPriorityGrouping
                0x08000a64       0x1c ./Drivers/STM32F1xx_HAL_Driver/Src/stm32f1xx_hal_cortex.o
 .text.__NVIC_SetPriority
                0x08000a80       0x54 ./Drivers/STM32F1xx_HAL_Driver/Src/stm32f1xx_hal_cortex.o
 .text.NVIC_EncodePriority
                0x08000ad4       0x64 ./Drivers/STM32F1xx_HAL_Driver/Src/stm32f1xx_hal_cortex.o
 .text.SysTick_Config
                0x08000b38       0x44 ./Drivers/STM32F1xx_HAL_Driver/Src/stm32f1xx_hal_cortex.o
 .text.HAL_NVIC_SetPriorityGrouping
                0x08000b7c       0x16 ./Drivers/STM32F1xx_HAL_Driver/Src/stm32f1xx_hal_cortex.o
                0x08000b7c                HAL_NVIC_SetPriorityGrouping
 .text.HAL_NVIC_SetPriority
                0x08000b92       0x38 ./Drivers/STM32F1xx_HAL_Driver/Src/stm32f1xx_hal_cortex.o
                0x08000b92                HAL_NVIC_SetPriority
 .text.HAL_SYSTICK_Config
                0x08000bca       0x18 ./Drivers/STM32F1xx_HAL_Driver/Src/stm32f1xx_hal_cortex.o
                0x08000bca                HAL_SYSTICK_Config
 *fill*         0x08000be2        0x2 
 .text.HAL_GPIO_Init
                0x08000be4      0x328 ./Drivers/STM32F1xx_HAL_Driver/Src/stm32f1xx_hal_gpio.o
                0x08000be4                HAL_GPIO_Init
 .text.HAL_GPIO_WritePin
                0x08000f0c       0x30 ./Drivers/STM32F1xx_HAL_Driver/Src/stm32f1xx_hal_gpio.o
                0x08000f0c                HAL_GPIO_WritePin
 .text.HAL_RCC_OscConfig
                0x08000f3c      0x504 ./Drivers/STM32F1xx_HAL_Driver/Src/stm32f1xx_hal_rcc.o
                0x08000f3c                HAL_RCC_OscConfig
 .text.HAL_RCC_ClockConfig
                0x08001440      0x1d4 ./Drivers/STM32F1xx_HAL_Driver/Src/stm32f1xx_hal_rcc.o
                0x08001440                HAL_RCC_ClockConfig
 .text.HAL_RCC_GetSysClockFreq
                0x08001614       0xa8 ./Drivers/STM32F1xx_HAL_Driver/Src/stm32f1xx_hal_rcc.o
                0x08001614                HAL_RCC_GetSysClockFreq
 .text.RCC_Delay
                0x080016bc       0x3c ./Drivers/STM32F1xx_HAL_Driver/Src/stm32f1xx_hal_rcc.o
 .text.memset   0x080016f8       0x10 C:/STM32_IDE/STM32CubeIDE_1.16.1/STM32CubeIDE/plugins/com.st.stm32cube.ide.mcu.externaltools.gnu-tools-for-stm32.12.3.rel1.win32_1.0.200.202406191623/tools/bin/../lib/gcc/arm-none-eabi/12.3.1/../../../../arm-none-eabi/lib/thumb/v7-m/nofp\libc_nano.a(libc_a-memset.o)
                0x080016f8                memset
 .text.__libc_init_array
                0x08001708       0x48 C:/STM32_IDE/STM32CubeIDE_1.16.1/STM32CubeIDE/plugins/com.st.stm32cube.ide.mcu.externaltools.gnu-tools-for-stm32.12.3.rel1.win32_1.0.200.202406191623/tools/bin/../lib/gcc/arm-none-eabi/12.3.1/../../../../arm-none-eabi/lib/thumb/v7-m/nofp\libc_nano.a(libc_a-init.o)
                0x08001708                __libc_init_array
 *(.glue_7)
 .glue_7        0x08001750        0x0 linker stubs
 *(.glue_7t)
 .glue_7t       0x08001750        0x0 linker stubs
 *(.eh_frame)
 .eh_frame      0x08001750        0x0 C:/STM32_IDE/STM32CubeIDE_1.16.1/STM32CubeIDE/plugins/com.st.stm32cube.ide.mcu.externaltools.gnu-tools-for-stm32.12.3.rel1.win32_1.0.200.202406191623/tools/bin/../lib/gcc/arm-none-eabi/12.3.1/thumb/v7-m/nofp/crtbegin.o
 *(.init)
 .init          0x08001750        0x4 C:/STM32_IDE/STM32CubeIDE_1.16.1/STM32CubeIDE/plugins/com.st.stm32cube.ide.mcu.externaltools.gnu-tools-for-stm32.12.3.rel1.win32_1.0.200.202406191623/tools/bin/../lib/gcc/arm-none-eabi/12.3.1/thumb/v7-m/nofp/crti.o
                0x08001750                _init
 .init          0x08001754        0x8 C:/STM32_IDE/STM32CubeIDE_1.16.1/STM32CubeIDE/plugins/com.st.stm32cube.ide.mcu.externaltools.gnu-tools-for-stm32.12.3.rel1.win32_1.0.200.202406191623/tools/bin/../lib/gcc/arm-none-eabi/12.3.1/thumb/v7-m/nofp/crtn.o
 *(.fini)
 .fini          0x0800175c        0x4 C:/STM32_IDE/STM32CubeIDE_1.16.1/STM32CubeIDE/plugins/com.st.stm32cube.ide.mcu.externaltools.gnu-tools-for-stm32.12.3.rel1.win32_1.0.200.202406191623/tools/bin/../lib/gcc/arm-none-eabi/12.3.1/thumb/v7-m/nofp/crti.o
                0x0800175c                _fini
 .fini          0x08001760        0x8 C:/STM32_IDE/STM32CubeIDE_1.16.1/STM32CubeIDE/plugins/com.st.stm32cube.ide.mcu.externaltools.gnu-tools-for-stm32.12.3.rel1.win32_1.0.200.202406191623/tools/bin/../lib/gcc/arm-none-eabi/12.3.1/thumb/v7-m/nofp/crtn.o
                0x08001768                        . = ALIGN (0x4)
                0x08001768                        _etext = .

.vfp11_veneer   0x08001768        0x0
 .vfp11_veneer  0x08001768        0x0 linker stubs

.v4_bx          0x08001768        0x0
 .v4_bx         0x08001768        0x0 linker stubs

.iplt           0x08001768        0x0
 .iplt          0x08001768        0x0 C:/STM32_IDE/STM32CubeIDE_1.16.1/STM32CubeIDE/plugins/com.st.stm32cube.ide.mcu.externaltools.gnu-tools-for-stm32.12.3.rel1.win32_1.0.200.202406191623/tools/bin/../lib/gcc/arm-none-eabi/12.3.1/thumb/v7-m/nofp/crtbegin.o

.rodata         0x08001768       0x24
                0x08001768                        . = ALIGN (0x4)
 *(.rodata)
 *(.rodata*)
 .rodata.AHBPrescTable
                0x08001768       0x10 ./Core/Src/system_stm32f1xx.o
                0x08001768                AHBPrescTable
 .rodata.aPLLMULFactorTable.1
                0x08001778       0x10 ./Drivers/STM32F1xx_HAL_Driver/Src/stm32f1xx_hal_rcc.o
 .rodata.aPredivFactorTable.0
                0x08001788        0x2 ./Drivers/STM32F1xx_HAL_Driver/Src/stm32f1xx_hal_rcc.o
                0x0800178c                        . = ALIGN (0x4)
 *fill*         0x0800178a        0x2 

.rel.dyn        0x0800178c        0x0
 .rel.iplt      0x0800178c        0x0 C:/STM32_IDE/STM32CubeIDE_1.16.1/STM32CubeIDE/plugins/com.st.stm32cube.ide.mcu.externaltools.gnu-tools-for-stm32.12.3.rel1.win32_1.0.200.202406191623/tools/bin/../lib/gcc/arm-none-eabi/12.3.1/thumb/v7-m/nofp/crtbegin.o

.ARM.extab      0x0800178c        0x0
                0x0800178c                        . = ALIGN (0x4)
 *(.ARM.extab* .gnu.linkonce.armextab.*)
                0x0800178c                        . = ALIGN (0x4)

.ARM            0x0800178c        0x0
                0x0800178c                        . = ALIGN (0x4)
                0x0800178c                        __exidx_start = .
 *(.ARM.exidx*)
                0x0800178c                        __exidx_end = .
                0x0800178c                        . = ALIGN (0x4)

.preinit_array  0x0800178c        0x0
                0x0800178c                        . = ALIGN (0x4)
                0x0800178c                        PROVIDE (__preinit_array_start = .)
 *(.preinit_array*)
                0x0800178c                        PROVIDE (__preinit_array_end = .)
                0x0800178c                        . = ALIGN (0x4)

.init_array     0x0800178c        0x4
                0x0800178c                        . = ALIGN (0x4)
                0x0800178c                        PROVIDE (__init_array_start = .)
 *(SORT_BY_NAME(.init_array.*))
 *(.init_array*)
 .init_array    0x0800178c        0x4 C:/STM32_IDE/STM32CubeIDE_1.16.1/STM32CubeIDE/plugins/com.st.stm32cube.ide.mcu.externaltools.gnu-tools-for-stm32.12.3.rel1.win32_1.0.200.202406191623/tools/bin/../lib/gcc/arm-none-eabi/12.3.1/thumb/v7-m/nofp/crtbegin.o
                0x08001790                        PROVIDE (__init_array_end = .)
                0x08001790                        . = ALIGN (0x4)

.fini_array     0x08001790        0x4
                0x08001790                        . = ALIGN (0x4)
                [!provide]                        PROVIDE (__fini_array_start = .)
 *(SORT_BY_NAME(.fini_array.*))
 *(.fini_array*)
 .fini_array    0x08001790        0x4 C:/STM32_IDE/STM32CubeIDE_1.16.1/STM32CubeIDE/plugins/com.st.stm32cube.ide.mcu.externaltools.gnu-tools-for-stm32.12.3.rel1.win32_1.0.200.202406191623/tools/bin/../lib/gcc/arm-none-eabi/12.3.1/thumb/v7-m/nofp/crtbegin.o
                [!provide]                        PROVIDE (__fini_array_end = .)
                0x08001794                        . = ALIGN (0x4)
                0x08001794                        _sidata = LOADADDR (.data)

.data           0x20000000        0xc load address 0x08001794
                0x20000000                        . = ALIGN (0x4)
                0x20000000                        _sdata = .
 *(.data)
 *(.data*)
 .data.SystemCoreClock
                0x20000000        0x4 ./Core/Src/system_stm32f1xx.o
                0x20000000                SystemCoreClock
 .data.uwTickPrio
                0x20000004        0x4 ./Drivers/STM32F1xx_HAL_Driver/Src/stm32f1xx_hal.o
                0x20000004                uwTickPrio
 .data.uwTickFreq
                0x20000008        0x1 ./Drivers/STM32F1xx_HAL_Driver/Src/stm32f1xx_hal.o
                0x20000008                uwTickFreq
 *(.RamFunc)
 *(.RamFunc*)
                0x2000000c                        . = ALIGN (0x4)
 *fill*         0x20000009        0x3 
                0x2000000c                        _edata = .

.igot.plt       0x2000000c        0x0 load address 0x080017a0
 .igot.plt      0x2000000c        0x0 C:/STM32_IDE/STM32CubeIDE_1.16.1/STM32CubeIDE/plugins/com.st.stm32cube.ide.mcu.externaltools.gnu-tools-for-stm32.12.3.rel1.win32_1.0.200.202406191623/tools/bin/../lib/gcc/arm-none-eabi/12.3.1/thumb/v7-m/nofp/crtbegin.o
                0x2000000c                        . = ALIGN (0x4)

.bss            0x2000000c       0x20 load address 0x080017a0
                0x2000000c                        _sbss = .
                0x2000000c                        __bss_start__ = _sbss
 *(.bss)
 .bss           0x2000000c       0x1c C:/STM32_IDE/STM32CubeIDE_1.16.1/STM32CubeIDE/plugins/com.st.stm32cube.ide.mcu.externaltools.gnu-tools-for-stm32.12.3.rel1.win32_1.0.200.202406191623/tools/bin/../lib/gcc/arm-none-eabi/12.3.1/thumb/v7-m/nofp/crtbegin.o
 *(.bss*)
 .bss.uwTick    0x20000028        0x4 ./Drivers/STM32F1xx_HAL_Driver/Src/stm32f1xx_hal.o
                0x20000028                uwTick
 *(COMMON)
                0x2000002c                        . = ALIGN (0x4)
                0x2000002c                        _ebss = .
                0x2000002c                        __bss_end__ = _ebss

._user_heap_stack
                0x2000002c      0x604 load address 0x080017a0
                0x20000030                        . = ALIGN (0x8)
 *fill*         0x2000002c        0x4 
                [!provide]                        PROVIDE (end = .)
                0x20000030                        PROVIDE (_end = .)
                0x20000230                        . = (. + _Min_Heap_Size)
 *fill*         0x20000030      0x200 
                0x20000630                        . = (. + _Min_Stack_Size)
 *fill*         0x20000230      0x400 
                0x20000630                        . = ALIGN (0x8)

/DISCARD/
 libc.a(*)
 libm.a(*)
 libgcc.a(*)

.ARM.attributes
                0x00000000       0x29
 *(.ARM.attributes)
 .ARM.attributes
                0x00000000       0x1d C:/STM32_IDE/STM32CubeIDE_1.16.1/STM32CubeIDE/plugins/com.st.stm32cube.ide.mcu.externaltools.gnu-tools-for-stm32.12.3.rel1.win32_1.0.200.202406191623/tools/bin/../lib/gcc/arm-none-eabi/12.3.1/thumb/v7-m/nofp/crti.o
 .ARM.attributes
                0x0000001d       0x2d C:/STM32_IDE/STM32CubeIDE_1.16.1/STM32CubeIDE/plugins/com.st.stm32cube.ide.mcu.externaltools.gnu-tools-for-stm32.12.3.rel1.win32_1.0.200.202406191623/tools/bin/../lib/gcc/arm-none-eabi/12.3.1/thumb/v7-m/nofp/crtbegin.o
 .ARM.attributes
                0x0000004a       0x2d ./Bsp/RGB/bsp_rgb.o
 .ARM.attributes
                0x00000077       0x2d ./Bsp/bsp.o
 .ARM.attributes
                0x000000a4       0x2d ./Core/Src/gpio.o
 .ARM.attributes
                0x000000d1       0x2d ./Core/Src/main.o
 .ARM.attributes
                0x000000fe       0x2d ./Core/Src/stm32f1xx_hal_msp.o
 .ARM.attributes
                0x0000012b       0x2d ./Core/Src/stm32f1xx_it.o
 .ARM.attributes
                0x00000158       0x2d ./Core/Src/system_stm32f1xx.o
 .ARM.attributes
                0x00000185       0x21 ./Core/Startup/startup_stm32f103zetx.o
 .ARM.attributes
                0x000001a6       0x2d ./Drivers/STM32F1xx_HAL_Driver/Src/stm32f1xx_hal.o
 .ARM.attributes
                0x000001d3       0x2d ./Drivers/STM32F1xx_HAL_Driver/Src/stm32f1xx_hal_cortex.o
 .ARM.attributes
                0x00000200       0x2d ./Drivers/STM32F1xx_HAL_Driver/Src/stm32f1xx_hal_gpio.o
 .ARM.attributes
                0x0000022d       0x2d ./Drivers/STM32F1xx_HAL_Driver/Src/stm32f1xx_hal_rcc.o
 .ARM.attributes
                0x0000025a       0x2d C:/STM32_IDE/STM32CubeIDE_1.16.1/STM32CubeIDE/plugins/com.st.stm32cube.ide.mcu.externaltools.gnu-tools-for-stm32.12.3.rel1.win32_1.0.200.202406191623/tools/bin/../lib/gcc/arm-none-eabi/12.3.1/../../../../arm-none-eabi/lib/thumb/v7-m/nofp\libc_nano.a(libc_a-memset.o)
 .ARM.attributes
                0x00000287       0x2d C:/STM32_IDE/STM32CubeIDE_1.16.1/STM32CubeIDE/plugins/com.st.stm32cube.ide.mcu.externaltools.gnu-tools-for-stm32.12.3.rel1.win32_1.0.200.202406191623/tools/bin/../lib/gcc/arm-none-eabi/12.3.1/../../../../arm-none-eabi/lib/thumb/v7-m/nofp\libc_nano.a(libc_a-init.o)
 .ARM.attributes
                0x000002b4       0x1d C:/STM32_IDE/STM32CubeIDE_1.16.1/STM32CubeIDE/plugins/com.st.stm32cube.ide.mcu.externaltools.gnu-tools-for-stm32.12.3.rel1.win32_1.0.200.202406191623/tools/bin/../lib/gcc/arm-none-eabi/12.3.1/thumb/v7-m/nofp/crtn.o
OUTPUT(RGB.elf elf32-littlearm)
LOAD linker stubs
LOAD C:/STM32_IDE/STM32CubeIDE_1.16.1/STM32CubeIDE/plugins/com.st.stm32cube.ide.mcu.externaltools.gnu-tools-for-stm32.12.3.rel1.win32_1.0.200.202406191623/tools/bin/../lib/gcc/arm-none-eabi/12.3.1/../../../../arm-none-eabi/lib/thumb/v7-m/nofp\libc.a
LOAD C:/STM32_IDE/STM32CubeIDE_1.16.1/STM32CubeIDE/plugins/com.st.stm32cube.ide.mcu.externaltools.gnu-tools-for-stm32.12.3.rel1.win32_1.0.200.202406191623/tools/bin/../lib/gcc/arm-none-eabi/12.3.1/../../../../arm-none-eabi/lib/thumb/v7-m/nofp\libm.a
LOAD C:/STM32_IDE/STM32CubeIDE_1.16.1/STM32CubeIDE/plugins/com.st.stm32cube.ide.mcu.externaltools.gnu-tools-for-stm32.12.3.rel1.win32_1.0.200.202406191623/tools/bin/../lib/gcc/arm-none-eabi/12.3.1/thumb/v7-m/nofp\libgcc.a

.debug_info     0x00000000     0x2f13
 .debug_info    0x00000000      0x276 ./Bsp/RGB/bsp_rgb.o
 .debug_info    0x00000276      0x222 ./Bsp/bsp.o
 .debug_info    0x00000498      0x2b7 ./Core/Src/gpio.o
 .debug_info    0x0000074f      0x297 ./Core/Src/main.o
 .debug_info    0x000009e6      0x1f1 ./Core/Src/stm32f1xx_hal_msp.o
 .debug_info    0x00000bd7      0x113 ./Core/Src/stm32f1xx_it.o
 .debug_info    0x00000cea      0x222 ./Core/Src/system_stm32f1xx.o
 .debug_info    0x00000f0c       0x30 ./Core/Startup/startup_stm32f103zetx.o
 .debug_info    0x00000f3c      0x76a ./Drivers/STM32F1xx_HAL_Driver/Src/stm32f1xx_hal.o
 .debug_info    0x000016a6      0xaed ./Drivers/STM32F1xx_HAL_Driver/Src/stm32f1xx_hal_cortex.o
 .debug_info    0x00002193      0x5ab ./Drivers/STM32F1xx_HAL_Driver/Src/stm32f1xx_hal_gpio.o
 .debug_info    0x0000273e      0x7d5 ./Drivers/STM32F1xx_HAL_Driver/Src/stm32f1xx_hal_rcc.o

.debug_abbrev   0x00000000     0x1134
 .debug_abbrev  0x00000000      0x142 ./Bsp/RGB/bsp_rgb.o
 .debug_abbrev  0x00000142      0x11a ./Bsp/bsp.o
 .debug_abbrev  0x0000025c      0x13f ./Core/Src/gpio.o
 .debug_abbrev  0x0000039b      0x172 ./Core/Src/main.o
 .debug_abbrev  0x0000050d       0xdb ./Core/Src/stm32f1xx_hal_msp.o
 .debug_abbrev  0x000005e8       0x73 ./Core/Src/stm32f1xx_it.o
 .debug_abbrev  0x0000065b      0x13f ./Core/Src/system_stm32f1xx.o
 .debug_abbrev  0x0000079a       0x24 ./Core/Startup/startup_stm32f103zetx.o
 .debug_abbrev  0x000007be      0x201 ./Drivers/STM32F1xx_HAL_Driver/Src/stm32f1xx_hal.o
 .debug_abbrev  0x000009bf      0x2f8 ./Drivers/STM32F1xx_HAL_Driver/Src/stm32f1xx_hal_cortex.o
 .debug_abbrev  0x00000cb7      0x1ca ./Drivers/STM32F1xx_HAL_Driver/Src/stm32f1xx_hal_gpio.o
 .debug_abbrev  0x00000e81      0x2b3 ./Drivers/STM32F1xx_HAL_Driver/Src/stm32f1xx_hal_rcc.o

.debug_aranges  0x00000000      0x440
 .debug_aranges
                0x00000000       0x30 ./Bsp/RGB/bsp_rgb.o
 .debug_aranges
                0x00000030       0x28 ./Bsp/bsp.o
 .debug_aranges
                0x00000058       0x20 ./Core/Src/gpio.o
 .debug_aranges
                0x00000078       0x30 ./Core/Src/main.o
 .debug_aranges
                0x000000a8       0x20 ./Core/Src/stm32f1xx_hal_msp.o
 .debug_aranges
                0x000000c8       0x60 ./Core/Src/stm32f1xx_it.o
 .debug_aranges
                0x00000128       0x28 ./Core/Src/system_stm32f1xx.o
 .debug_aranges
                0x00000150       0x28 ./Core/Startup/startup_stm32f103zetx.o
 .debug_aranges
                0x00000178       0xe0 ./Drivers/STM32F1xx_HAL_Driver/Src/stm32f1xx_hal.o
 .debug_aranges
                0x00000258      0x100 ./Drivers/STM32F1xx_HAL_Driver/Src/stm32f1xx_hal_cortex.o
 .debug_aranges
                0x00000358       0x58 ./Drivers/STM32F1xx_HAL_Driver/Src/stm32f1xx_hal_gpio.o
 .debug_aranges
                0x000003b0       0x90 ./Drivers/STM32F1xx_HAL_Driver/Src/stm32f1xx_hal_rcc.o

.debug_rnglists
                0x00000000      0x302
 .debug_rnglists
                0x00000000       0x22 ./Bsp/RGB/bsp_rgb.o
 .debug_rnglists
                0x00000022       0x1a ./Bsp/bsp.o
 .debug_rnglists
                0x0000003c       0x14 ./Core/Src/gpio.o
 .debug_rnglists
                0x00000050       0x20 ./Core/Src/main.o
 .debug_rnglists
                0x00000070       0x13 ./Core/Src/stm32f1xx_hal_msp.o
 .debug_rnglists
                0x00000083       0x43 ./Core/Src/stm32f1xx_it.o
 .debug_rnglists
                0x000000c6       0x1a ./Core/Src/system_stm32f1xx.o
 .debug_rnglists
                0x000000e0       0x19 ./Core/Startup/startup_stm32f103zetx.o
 .debug_rnglists
                0x000000f9       0xa3 ./Drivers/STM32F1xx_HAL_Driver/Src/stm32f1xx_hal.o
 .debug_rnglists
                0x0000019c       0xbb ./Drivers/STM32F1xx_HAL_Driver/Src/stm32f1xx_hal_cortex.o
 .debug_rnglists
                0x00000257       0x3f ./Drivers/STM32F1xx_HAL_Driver/Src/stm32f1xx_hal_gpio.o
 .debug_rnglists
                0x00000296       0x6c ./Drivers/STM32F1xx_HAL_Driver/Src/stm32f1xx_hal_rcc.o

.debug_macro    0x00000000    0x17ee1
 .debug_macro   0x00000000      0x1a2 ./Bsp/RGB/bsp_rgb.o
 .debug_macro   0x000001a2      0xaa8 ./Bsp/RGB/bsp_rgb.o
 .debug_macro   0x00000c4a       0x22 ./Bsp/RGB/bsp_rgb.o
 .debug_macro   0x00000c6c       0x8e ./Bsp/RGB/bsp_rgb.o
 .debug_macro   0x00000cfa       0x51 ./Bsp/RGB/bsp_rgb.o
 .debug_macro   0x00000d4b      0x103 ./Bsp/RGB/bsp_rgb.o
 .debug_macro   0x00000e4e       0x6a ./Bsp/RGB/bsp_rgb.o
 .debug_macro   0x00000eb8      0x1df ./Bsp/RGB/bsp_rgb.o
 .debug_macro   0x00001097       0x52 ./Bsp/RGB/bsp_rgb.o
 .debug_macro   0x000010e9      0x20f ./Bsp/RGB/bsp_rgb.o
 .debug_macro   0x000012f8       0x2e ./Bsp/RGB/bsp_rgb.o
 .debug_macro   0x00001326       0x22 ./Bsp/RGB/bsp_rgb.o
 .debug_macro   0x00001348       0x1c ./Bsp/RGB/bsp_rgb.o
 .debug_macro   0x00001364       0x22 ./Bsp/RGB/bsp_rgb.o
 .debug_macro   0x00001386       0xbd ./Bsp/RGB/bsp_rgb.o
 .debug_macro   0x00001443      0xd23 ./Bsp/RGB/bsp_rgb.o
 .debug_macro   0x00002166     0xfd8c ./Bsp/RGB/bsp_rgb.o
 .debug_macro   0x00011ef2       0x6d ./Bsp/RGB/bsp_rgb.o
 .debug_macro   0x00011f5f     0x348d ./Bsp/RGB/bsp_rgb.o
 .debug_macro   0x000153ec      0x189 ./Bsp/RGB/bsp_rgb.o
 .debug_macro   0x00015575       0x5c ./Bsp/RGB/bsp_rgb.o
 .debug_macro   0x000155d1      0x5bc ./Bsp/RGB/bsp_rgb.o
 .debug_macro   0x00015b8d      0x4d5 ./Bsp/RGB/bsp_rgb.o
 .debug_macro   0x00016062      0x1cb ./Bsp/RGB/bsp_rgb.o
 .debug_macro   0x0001622d      0x114 ./Bsp/RGB/bsp_rgb.o
 .debug_macro   0x00016341      0x1ea ./Bsp/RGB/bsp_rgb.o
 .debug_macro   0x0001652b       0x27 ./Bsp/RGB/bsp_rgb.o
 .debug_macro   0x00016552      0x144 ./Bsp/RGB/bsp_rgb.o
 .debug_macro   0x00016696      0x1bc ./Bsp/RGB/bsp_rgb.o
 .debug_macro   0x00016852       0x30 ./Bsp/RGB/bsp_rgb.o
 .debug_macro   0x00016882       0x3c ./Bsp/RGB/bsp_rgb.o
 .debug_macro   0x000168be       0x57 ./Bsp/RGB/bsp_rgb.o
 .debug_macro   0x00016915       0x87 ./Bsp/RGB/bsp_rgb.o
 .debug_macro   0x0001699c      0x24f ./Bsp/RGB/bsp_rgb.o
 .debug_macro   0x00016beb      0x140 ./Bsp/RGB/bsp_rgb.o
 .debug_macro   0x00016d2b       0xb5 ./Bsp/RGB/bsp_rgb.o
 .debug_macro   0x00016de0       0x4c ./Bsp/RGB/bsp_rgb.o
 .debug_macro   0x00016e2c      0x1b0 ./Bsp/bsp.o
 .debug_macro   0x00016fdc       0x58 ./Bsp/bsp.o
 .debug_macro   0x00017034      0x19d ./Core/Src/gpio.o
 .debug_macro   0x000171d1      0x1ab ./Core/Src/main.o
 .debug_macro   0x0001737c      0x193 ./Core/Src/stm32f1xx_hal_msp.o
 .debug_macro   0x0001750f      0x19d ./Core/Src/stm32f1xx_it.o
 .debug_macro   0x000176ac      0x184 ./Core/Src/system_stm32f1xx.o
 .debug_macro   0x00017830      0x1a8 ./Drivers/STM32F1xx_HAL_Driver/Src/stm32f1xx_hal.o
 .debug_macro   0x000179d8      0x184 ./Drivers/STM32F1xx_HAL_Driver/Src/stm32f1xx_hal_cortex.o
 .debug_macro   0x00017b5c      0x1ef ./Drivers/STM32F1xx_HAL_Driver/Src/stm32f1xx_hal_gpio.o
 .debug_macro   0x00017d4b      0x196 ./Drivers/STM32F1xx_HAL_Driver/Src/stm32f1xx_hal_rcc.o

.debug_line     0x00000000     0x5d96
 .debug_line    0x00000000      0x709 ./Bsp/RGB/bsp_rgb.o
 .debug_line    0x00000709      0x6e4 ./Bsp/bsp.o
 .debug_line    0x00000ded      0x6c4 ./Core/Src/gpio.o
 .debug_line    0x000014b1      0x731 ./Core/Src/main.o
 .debug_line    0x00001be2      0x6a9 ./Core/Src/stm32f1xx_hal_msp.o
 .debug_line    0x0000228b      0x76a ./Core/Src/stm32f1xx_it.o
 .debug_line    0x000029f5      0x726 ./Core/Src/system_stm32f1xx.o
 .debug_line    0x0000311b       0x79 ./Core/Startup/startup_stm32f103zetx.o
 .debug_line    0x00003194      0x953 ./Drivers/STM32F1xx_HAL_Driver/Src/stm32f1xx_hal.o
 .debug_line    0x00003ae7      0xb3f ./Drivers/STM32F1xx_HAL_Driver/Src/stm32f1xx_hal_cortex.o
 .debug_line    0x00004626      0xa14 ./Drivers/STM32F1xx_HAL_Driver/Src/stm32f1xx_hal_gpio.o
 .debug_line    0x0000503a      0xd5c ./Drivers/STM32F1xx_HAL_Driver/Src/stm32f1xx_hal_rcc.o

.debug_str      0x00000000    0x8a2d3
 .debug_str     0x00000000    0x88fda ./Bsp/RGB/bsp_rgb.o
                              0x893eb (size before relaxing)
 .debug_str     0x00088fda       0x3d ./Bsp/bsp.o
                              0x893d3 (size before relaxing)
 .debug_str     0x00089017       0xa0 ./Core/Src/gpio.o
                              0x8919d (size before relaxing)
 .debug_str     0x000890b7      0x1be ./Core/Src/main.o
                              0x89276 (size before relaxing)
 .debug_str     0x00089275       0x5a ./Core/Src/stm32f1xx_hal_msp.o
                              0x89125 (size before relaxing)
 .debug_str     0x000892cf       0xc9 ./Core/Src/stm32f1xx_it.o
                              0x8913a (size before relaxing)
 .debug_str     0x00089398       0x7e ./Core/Src/system_stm32f1xx.o
                              0x89042 (size before relaxing)
 .debug_str     0x00089416       0x44 ./Core/Startup/startup_stm32f103zetx.o
                                 0x99 (size before relaxing)
 .debug_str     0x0008945a      0x69f ./Drivers/STM32F1xx_HAL_Driver/Src/stm32f1xx_hal.o
                              0x89859 (size before relaxing)
 .debug_str     0x00089af9      0x2bb ./Drivers/STM32F1xx_HAL_Driver/Src/stm32f1xx_hal_cortex.o
                              0x897a5 (size before relaxing)
 .debug_str     0x00089db4      0x2f6 ./Drivers/STM32F1xx_HAL_Driver/Src/stm32f1xx_hal_gpio.o
                              0x893c8 (size before relaxing)
 .debug_str     0x0008a0aa      0x229 ./Drivers/STM32F1xx_HAL_Driver/Src/stm32f1xx_hal_rcc.o
                              0x89471 (size before relaxing)

.comment        0x00000000       0x43
 .comment       0x00000000       0x43 ./Bsp/RGB/bsp_rgb.o
                                 0x44 (size before relaxing)
 .comment       0x00000043       0x44 ./Bsp/bsp.o
 .comment       0x00000043       0x44 ./Core/Src/gpio.o
 .comment       0x00000043       0x44 ./Core/Src/main.o
 .comment       0x00000043       0x44 ./Core/Src/stm32f1xx_hal_msp.o
 .comment       0x00000043       0x44 ./Core/Src/stm32f1xx_it.o
 .comment       0x00000043       0x44 ./Core/Src/system_stm32f1xx.o
 .comment       0x00000043       0x44 ./Drivers/STM32F1xx_HAL_Driver/Src/stm32f1xx_hal.o
 .comment       0x00000043       0x44 ./Drivers/STM32F1xx_HAL_Driver/Src/stm32f1xx_hal_cortex.o
 .comment       0x00000043       0x44 ./Drivers/STM32F1xx_HAL_Driver/Src/stm32f1xx_hal_gpio.o
 .comment       0x00000043       0x44 ./Drivers/STM32F1xx_HAL_Driver/Src/stm32f1xx_hal_rcc.o

.debug_frame    0x00000000      0xe00
 .debug_frame   0x00000000       0x7c ./Bsp/RGB/bsp_rgb.o
 .debug_frame   0x0000007c       0x48 ./Bsp/bsp.o
 .debug_frame   0x000000c4       0x34 ./Core/Src/gpio.o
 .debug_frame   0x000000f8       0x68 ./Core/Src/main.o
 .debug_frame   0x00000160       0x38 ./Core/Src/stm32f1xx_hal_msp.o
 .debug_frame   0x00000198      0x104 ./Core/Src/stm32f1xx_it.o
 .debug_frame   0x0000029c       0x58 ./Core/Src/system_stm32f1xx.o
 .debug_frame   0x000002f4      0x334 ./Drivers/STM32F1xx_HAL_Driver/Src/stm32f1xx_hal.o
 .debug_frame   0x00000628      0x428 ./Drivers/STM32F1xx_HAL_Driver/Src/stm32f1xx_hal_cortex.o
 .debug_frame   0x00000a50      0x14c ./Drivers/STM32F1xx_HAL_Driver/Src/stm32f1xx_hal_gpio.o
 .debug_frame   0x00000b9c      0x218 ./Drivers/STM32F1xx_HAL_Driver/Src/stm32f1xx_hal_rcc.o
 .debug_frame   0x00000db4       0x20 C:/STM32_IDE/STM32CubeIDE_1.16.1/STM32CubeIDE/plugins/com.st.stm32cube.ide.mcu.externaltools.gnu-tools-for-stm32.12.3.rel1.win32_1.0.200.202406191623/tools/bin/../lib/gcc/arm-none-eabi/12.3.1/../../../../arm-none-eabi/lib/thumb/v7-m/nofp\libc_nano.a(libc_a-memset.o)
 .debug_frame   0x00000dd4       0x2c C:/STM32_IDE/STM32CubeIDE_1.16.1/STM32CubeIDE/plugins/com.st.stm32cube.ide.mcu.externaltools.gnu-tools-for-stm32.12.3.rel1.win32_1.0.200.202406191623/tools/bin/../lib/gcc/arm-none-eabi/12.3.1/../../../../arm-none-eabi/lib/thumb/v7-m/nofp\libc_nano.a(libc_a-init.o)

.debug_line_str
                0x00000000       0x7d
 .debug_line_str
                0x00000000       0x7d ./Core/Startup/startup_stm32f103zetx.o
