Archive member included to satisfy reference by file (symbol)

C:/STM32_IDE/STM32CubeIDE_1.16.1/STM32CubeIDE/plugins/com.st.stm32cube.ide.mcu.externaltools.gnu-tools-for-stm32.12.3.rel1.win32_1.0.200.202406191623/tools/bin/../lib/gcc/arm-none-eabi/12.3.1/../../../../arm-none-eabi/lib/thumb/v7-m/nofp\libc_nano.a(libc_a-atoi.o)
                              ./BSP/Bluetooth/bsp_bluetooth.o (atoi)
C:/STM32_IDE/STM32CubeIDE_1.16.1/STM32CubeIDE/plugins/com.st.stm32cube.ide.mcu.externaltools.gnu-tools-for-stm32.12.3.rel1.win32_1.0.200.202406191623/tools/bin/../lib/gcc/arm-none-eabi/12.3.1/../../../../arm-none-eabi/lib/thumb/v7-m/nofp\libc_nano.a(libc_a-exit.o)
                              C:/STM32_IDE/STM32CubeIDE_1.16.1/STM32CubeIDE/plugins/com.st.stm32cube.ide.mcu.externaltools.gnu-tools-for-stm32.12.3.rel1.win32_1.0.200.202406191623/tools/bin/../lib/gcc/arm-none-eabi/12.3.1/../../../../arm-none-eabi/lib/thumb/v7-m/nofp/crt0.o (exit)
C:/STM32_IDE/STM32CubeIDE_1.16.1/STM32CubeIDE/plugins/com.st.stm32cube.ide.mcu.externaltools.gnu-tools-for-stm32.12.3.rel1.win32_1.0.200.202406191623/tools/bin/../lib/gcc/arm-none-eabi/12.3.1/../../../../arm-none-eabi/lib/thumb/v7-m/nofp\libc_nano.a(libc_a-strtol.o)
                              C:/STM32_IDE/STM32CubeIDE_1.16.1/STM32CubeIDE/plugins/com.st.stm32cube.ide.mcu.externaltools.gnu-tools-for-stm32.12.3.rel1.win32_1.0.200.202406191623/tools/bin/../lib/gcc/arm-none-eabi/12.3.1/../../../../arm-none-eabi/lib/thumb/v7-m/nofp\libc_nano.a(libc_a-atoi.o) (_strtol_r)
C:/STM32_IDE/STM32CubeIDE_1.16.1/STM32CubeIDE/plugins/com.st.stm32cube.ide.mcu.externaltools.gnu-tools-for-stm32.12.3.rel1.win32_1.0.200.202406191623/tools/bin/../lib/gcc/arm-none-eabi/12.3.1/../../../../arm-none-eabi/lib/thumb/v7-m/nofp\libc_nano.a(libc_a-ctype_.o)
                              C:/STM32_IDE/STM32CubeIDE_1.16.1/STM32CubeIDE/plugins/com.st.stm32cube.ide.mcu.externaltools.gnu-tools-for-stm32.12.3.rel1.win32_1.0.200.202406191623/tools/bin/../lib/gcc/arm-none-eabi/12.3.1/../../../../arm-none-eabi/lib/thumb/v7-m/nofp\libc_nano.a(libc_a-strtol.o) (_ctype_)
C:/STM32_IDE/STM32CubeIDE_1.16.1/STM32CubeIDE/plugins/com.st.stm32cube.ide.mcu.externaltools.gnu-tools-for-stm32.12.3.rel1.win32_1.0.200.202406191623/tools/bin/../lib/gcc/arm-none-eabi/12.3.1/../../../../arm-none-eabi/lib/thumb/v7-m/nofp\libc_nano.a(libc_a-nano-vfprintf_float.o)
                              (_printf_float)
C:/STM32_IDE/STM32CubeIDE_1.16.1/STM32CubeIDE/plugins/com.st.stm32cube.ide.mcu.externaltools.gnu-tools-for-stm32.12.3.rel1.win32_1.0.200.202406191623/tools/bin/../lib/gcc/arm-none-eabi/12.3.1/../../../../arm-none-eabi/lib/thumb/v7-m/nofp\libc_nano.a(libc_a-nano-vfprintf_i.o)
                              C:/STM32_IDE/STM32CubeIDE_1.16.1/STM32CubeIDE/plugins/com.st.stm32cube.ide.mcu.externaltools.gnu-tools-for-stm32.12.3.rel1.win32_1.0.200.202406191623/tools/bin/../lib/gcc/arm-none-eabi/12.3.1/../../../../arm-none-eabi/lib/thumb/v7-m/nofp\libc_nano.a(libc_a-nano-vfprintf_float.o) (_printf_common)
C:/STM32_IDE/STM32CubeIDE_1.16.1/STM32CubeIDE/plugins/com.st.stm32cube.ide.mcu.externaltools.gnu-tools-for-stm32.12.3.rel1.win32_1.0.200.202406191623/tools/bin/../lib/gcc/arm-none-eabi/12.3.1/../../../../arm-none-eabi/lib/thumb/v7-m/nofp\libc_nano.a(libc_a-nano-vfscanf_float.o)
                              (_scanf_float)
C:/STM32_IDE/STM32CubeIDE_1.16.1/STM32CubeIDE/plugins/com.st.stm32cube.ide.mcu.externaltools.gnu-tools-for-stm32.12.3.rel1.win32_1.0.200.202406191623/tools/bin/../lib/gcc/arm-none-eabi/12.3.1/../../../../arm-none-eabi/lib/thumb/v7-m/nofp\libc_nano.a(libc_a-findfp.o)
                              C:/STM32_IDE/STM32CubeIDE_1.16.1/STM32CubeIDE/plugins/com.st.stm32cube.ide.mcu.externaltools.gnu-tools-for-stm32.12.3.rel1.win32_1.0.200.202406191623/tools/bin/../lib/gcc/arm-none-eabi/12.3.1/../../../../arm-none-eabi/lib/thumb/v7-m/nofp\libc_nano.a(libc_a-exit.o) (__stdio_exit_handler)
C:/STM32_IDE/STM32CubeIDE_1.16.1/STM32CubeIDE/plugins/com.st.stm32cube.ide.mcu.externaltools.gnu-tools-for-stm32.12.3.rel1.win32_1.0.200.202406191623/tools/bin/../lib/gcc/arm-none-eabi/12.3.1/../../../../arm-none-eabi/lib/thumb/v7-m/nofp\libc_nano.a(libc_a-fwalk.o)
                              C:/STM32_IDE/STM32CubeIDE_1.16.1/STM32CubeIDE/plugins/com.st.stm32cube.ide.mcu.externaltools.gnu-tools-for-stm32.12.3.rel1.win32_1.0.200.202406191623/tools/bin/../lib/gcc/arm-none-eabi/12.3.1/../../../../arm-none-eabi/lib/thumb/v7-m/nofp\libc_nano.a(libc_a-findfp.o) (_fwalk_sglue)
C:/STM32_IDE/STM32CubeIDE_1.16.1/STM32CubeIDE/plugins/com.st.stm32cube.ide.mcu.externaltools.gnu-tools-for-stm32.12.3.rel1.win32_1.0.200.202406191623/tools/bin/../lib/gcc/arm-none-eabi/12.3.1/../../../../arm-none-eabi/lib/thumb/v7-m/nofp\libc_nano.a(libc_a-printf.o)
                              ./BSP/Iravoid/bsp_iravoid.o (printf)
[...]
Memory Configuration

Name             Origin             Length             Attributes
RAM              0x20000000         0x00010000         xrw
FLASH            0x08000000         0x00080000         xr
*default*        0x00000000         0xffffffff

Linker script and memory map

LOAD C:/STM32_IDE/STM32CubeIDE_1.16.1/STM32CubeIDE/plugins/com.st.stm32cube.ide.mcu.externaltools.gnu-tools-for-stm32.12.3.rel1.win32_1.0.200.202406191623/tools/bin/../lib/gcc/arm-none-eabi/12.3.1/thumb/v7-m/nofp/crti.o
LOAD C:/STM32_IDE/STM32CubeIDE_1.16.1/STM32CubeIDE/plugins/com.st.stm32cube.ide.mcu.externaltools.gnu-tools-for-stm32.12.3.rel1.win32_1.0.200.202406191623/tools/bin/../lib/gcc/arm-none-eabi/12.3.1/thumb/v7-m/nofp/crtbegin.o
LOAD C:/STM32_IDE/STM32CubeIDE_1.16.1/STM32CubeIDE/plugins/com.st.stm32cube.ide.mcu.externaltools.gnu-tools-for-stm32.12.3.rel1.win32_1.0.200.202406191623/tools/bin/../lib/gcc/arm-none-eabi/12.3.1/../../../../arm-none-eabi/lib/thumb/v7-m/nofp/crt0.o
LOAD ./BSP/Bluetooth/app_bluetooth.o
LOAD ./BSP/Bluetooth/bsp_bluetooth.o
LOAD ./BSP/Buzzer/bsp_buzzer.o
LOAD ./BSP/Iravoid/app_iravoid.o
LOAD ./BSP/Iravoid/bsp_iravoid.o
LOAD ./BSP/OLED/bsp_oled.o
LOAD ./BSP/OLED/oled_fonts.o
LOAD ./BSP/RGB/app_rgb.o
LOAD ./BSP/RGB/bsp_rgb.o
LOAD ./BSP/USART/bsp_uart5.o
LOAD ./BSP/USART/bsp_usart1.o
LOAD ./BSP/VOL_detect/bsp_vol.o
LOAD ./BSP/bsp.o
LOAD ./BSP/delay/delay.o
LOAD ./BSP/encoder/bsp_encoder.o
LOAD ./BSP/irtracking/app_irtracking.o
LOAD ./BSP/irtracking/bsp_irtracking.o
LOAD ./BSP/motor/app_motor.o
LOAD ./BSP/motor/bsp_PID_motor.o
LOAD ./BSP/motor/bsp_motor.o
LOAD ./BSP/servo/pwm_servo.o
LOAD ./BSP/tim/bsp_tim.o
LOAD ./BSP/ultrasonic/app_ultrasonic.o
LOAD ./BSP/ultrasonic/bsp_ultrasonic.o
LOAD ./Core/Src/adc.o
LOAD ./Core/Src/gpio.o
LOAD ./Core/Src/i2c.o
LOAD ./Core/Src/main.o
LOAD ./Core/Src/stm32f1xx_hal_msp.o
LOAD ./Core/Src/stm32f1xx_it.o
LOAD ./Core/Src/syscalls.o
LOAD ./Core/Src/sysmem.o
LOAD ./Core/Src/system_stm32f1xx.o
LOAD ./Core/Src/tim.o
LOAD ./Core/Src/usart.o
LOAD ./Core/Startup/startup_stm32f103zetx.o
LOAD ./Drivers/STM32F1xx_HAL_Driver/Src/stm32f1xx_hal.o
LOAD ./Drivers/STM32F1xx_HAL_Driver/Src/stm32f1xx_hal_adc.o
LOAD ./Drivers/STM32F1xx_HAL_Driver/Src/stm32f1xx_hal_adc_ex.o
LOAD ./Drivers/STM32F1xx_HAL_Driver/Src/stm32f1xx_hal_cortex.o
LOAD ./Drivers/STM32F1xx_HAL_Driver/Src/stm32f1xx_hal_dma.o
LOAD ./Drivers/STM32F1xx_HAL_Driver/Src/stm32f1xx_hal_exti.o
LOAD ./Drivers/STM32F1xx_HAL_Driver/Src/stm32f1xx_hal_flash.o
LOAD ./Drivers/STM32F1xx_HAL_Driver/Src/stm32f1xx_hal_flash_ex.o
LOAD ./Drivers/STM32F1xx_HAL_Driver/Src/stm32f1xx_hal_gpio.o
LOAD ./Drivers/STM32F1xx_HAL_Driver/Src/stm32f1xx_hal_gpio_ex.o
LOAD ./Drivers/STM32F1xx_HAL_Driver/Src/stm32f1xx_hal_i2c.o
LOAD ./Drivers/STM32F1xx_HAL_Driver/Src/stm32f1xx_hal_pwr.o
LOAD ./Drivers/STM32F1xx_HAL_Driver/Src/stm32f1xx_hal_rcc.o
LOAD ./Drivers/STM32F1xx_HAL_Driver/Src/stm32f1xx_hal_rcc_ex.o
LOAD ./Drivers/STM32F1xx_HAL_Driver/Src/stm32f1xx_hal_tim.o
LOAD ./Drivers/STM32F1xx_HAL_Driver/Src/stm32f1xx_hal_tim_ex.o
LOAD ./Drivers/STM32F1xx_HAL_Driver/Src/stm32f1xx_hal_uart.o
LOAD ./Drivers/STM32F1xx_HAL_Driver/Src/stm32f1xx_ll_exti.o
LOAD ./Drivers/STM32F1xx_HAL_Driver/Src/stm32f1xx_ll_gpio.o
LOAD ./Drivers/STM32F1xx_HAL_Driver/Src/stm32f1xx_ll_rcc.o
LOAD ./Drivers/STM32F1xx_HAL_Driver/Src/stm32f1xx_ll_usart.o
LOAD ./Drivers/STM32F1xx_HAL_Driver/Src/stm32f1xx_ll_utils.o
START GROUP
LOAD C:/STM32_IDE/STM32CubeIDE_1.16.1/STM32CubeIDE/plugins/com.st.stm32cube.ide.mcu.externaltools.gnu-tools-for-stm32.12.3.rel1.win32_1.0.200.202406191623/tools/bin/../lib/gcc/arm-none-eabi/12.3.1/../../../../arm-none-eabi/lib/thumb/v7-m/nofp\libc_nano.a
LOAD C:/STM32_IDE/STM32CubeIDE_1.16.1/STM32CubeIDE/plugins/com.st.stm32cube.ide.mcu.externaltools.gnu-tools-for-stm32.12.3.rel1.win32_1.0.200.202406191623/tools/bin/../lib/gcc/arm-none-eabi/12.3.1/../../../../arm-none-eabi/lib/thumb/v7-m/nofp\libm.a
END GROUP
START GROUP
LOAD C:/STM32_IDE/STM32CubeIDE_1.16.1/STM32CubeIDE/plugins/com.st.stm32cube.ide.mcu.externaltools.gnu-tools-for-stm32.12.3.rel1.win32_1.0.200.202406191623/tools/bin/../lib/gcc/arm-none-eabi/12.3.1/thumb/v7-m/nofp\libgcc.a
LOAD C:/STM32_IDE/STM32CubeIDE_1.16.1/STM32CubeIDE/plugins/com.st.stm32cube.ide.mcu.externaltools.gnu-tools-for-stm32.12.3.rel1.win32_1.0.200.202406191623/tools/bin/../lib/gcc/arm-none-eabi/12.3.1/../../../../arm-none-eabi/lib/thumb/v7-m/nofp\libc_nano.a
END GROUP
START GROUP
LOAD C:/STM32_IDE/STM32CubeIDE_1.16.1/STM32CubeIDE/plugins/com.st.stm32cube.ide.mcu.externaltools.gnu-tools-for-stm32.12.3.rel1.win32_1.0.200.202406191623/tools/bin/../lib/gcc/arm-none-eabi/12.3.1/thumb/v7-m/nofp\libgcc.a
LOAD C:/STM32_IDE/STM32CubeIDE_1.16.1/STM32CubeIDE/plugins/com.st.stm32cube.ide.mcu.externaltools.gnu-tools-for-stm32.12.3.rel1.win32_1.0.200.202406191623/tools/bin/../lib/gcc/arm-none-eabi/12.3.1/../../../../arm-none-eabi/lib/thumb/v7-m/nofp\libc_nano.a
LOAD C:/STM32_IDE/STM32CubeIDE_1.16.1/STM32CubeIDE/plugins/com.st.stm32cube.ide.mcu.externaltools.gnu-tools-for-stm32.12.3.rel1.win32_1.0.200.202406191623/tools/bin/../lib/gcc/arm-none-eabi/12.3.1/../../../../arm-none-eabi/lib/thumb/v7-m/nofp\libnosys.a
END GROUP
START GROUP
LOAD C:/STM32_IDE/STM32CubeIDE_1.16.1/STM32CubeIDE/plugins/com.st.stm32cube.ide.mcu.externaltools.gnu-tools-for-stm32.12.3.rel1.win32_1.0.200.202406191623/tools/bin/../lib/gcc/arm-none-eabi/12.3.1/thumb/v7-m/nofp\libgcc.a
LOAD C:/STM32_IDE/STM32CubeIDE_1.16.1/STM32CubeIDE/plugins/com.st.stm32cube.ide.mcu.externaltools.gnu-tools-for-stm32.12.3.rel1.win32_1.0.200.202406191623/tools/bin/../lib/gcc/arm-none-eabi/12.3.1/../../../../arm-none-eabi/lib/thumb/v7-m/nofp\libc_nano.a
LOAD C:/STM32_IDE/STM32CubeIDE_1.16.1/STM32CubeIDE/plugins/com.st.stm32cube.ide.mcu.externaltools.gnu-tools-for-stm32.12.3.rel1.win32_1.0.200.202406191623/tools/bin/../lib/gcc/arm-none-eabi/12.3.1/../../../../arm-none-eabi/lib/thumb/v7-m/nofp\libnosys.a
END GROUP
LOAD C:/STM32_IDE/STM32CubeIDE_1.16.1/STM32CubeIDE/plugins/com.st.stm32cube.ide.mcu.externaltools.gnu-tools-for-stm32.12.3.rel1.win32_1.0.200.202406191623/tools/bin/../lib/gcc/arm-none-eabi/12.3.1/thumb/v7-m/nofp/crtend.o
LOAD C:/STM32_IDE/STM32CubeIDE_1.16.1/STM32CubeIDE/plugins/com.st.stm32cube.ide.mcu.externaltools.gnu-tools-for-stm32.12.3.rel1.win32_1.0.200.202406191623/tools/bin/../lib/gcc/arm-none-eabi/12.3.1/thumb/v7-m/nofp/crtn.o
                0x20010000                        _estack = (ORIGIN (RAM) + LENGTH (RAM))
                0x00000200                        _Min_Heap_Size = 0x200
                0x00000400                        _Min_Stack_Size = 0x400

.isr_vector     0x08000000      0x1e4
                0x08000000                        . = ALIGN (0x4)
 *(.isr_vector)
 .isr_vector    0x08000000      0x1e4 ./Core/Startup/startup_stm32f103zetx.o
                0x08000000                g_pfnVectors
                0x080001e4                        . = ALIGN (0x4)

.text           0x080001e8     0xfcfc
                0x080001e8                        . = ALIGN (0x4)
 *(.text)
 .text          0x080001e8       0x40 C:/STM32_IDE/STM32CubeIDE_1.16.1/STM32CubeIDE/plugins/com.st.stm32cube.ide.mcu.externaltools.gnu-tools-for-stm32.12.3.rel1.win32_1.0.200.202406191623/tools/bin/../lib/gcc/arm-none-eabi/12.3.1/thumb/v7-m/nofp/crtbegin.o
 .text          0x08000228       0x10 C:/STM32_IDE/STM32CubeIDE_1.16.1/STM32CubeIDE/plugins/com.st.stm32cube.ide.mcu.externaltools.gnu-tools-for-stm32.12.3.rel1.win32_1.0.200.202406191623/tools/bin/../lib/gcc/arm-none-eabi/12.3.1/../../../../arm-none-eabi/lib/thumb/v7-m/nofp\libc_nano.a(libc_a-strlen.o)
                0x08000228                strlen
 .text          0x08000238      0x378 C:/STM32_IDE/STM32CubeIDE_1.16.1/STM32CubeIDE/plugins/com.st.stm32cube.ide.mcu.externaltools.gnu-tools-for-stm32.12.3.rel1.win32_1.0.200.202406191623/tools/bin/../lib/gcc/arm-none-eabi/12.3.1/thumb/v7-m/nofp\libgcc.a(_arm_addsubdf3.o)
                0x08000238                __aeabi_drsub
                0x08000240                __aeabi_dsub
                0x08000240                __subdf3
                0x08000244                __aeabi_dadd
                0x08000244                __adddf3
                0x080004bc                __floatunsidf
                0x080004bc                __aeabi_ui2d
                0x080004dc                __floatsidf
                0x080004dc                __aeabi_i2d
                0x08000500                __aeabi_f2d
                0x08000500                __extendsfdf2
                0x08000544                __floatundidf
                0x08000544                __aeabi_ul2d
                0x08000554                __floatdidf
                0x08000554                __aeabi_l2d
 .text          0x080005b0      0x424 C:/STM32_IDE/STM32CubeIDE_1.16.1/STM32CubeIDE/plugins/com.st.stm32cube.ide.mcu.externaltools.gnu-tools-for-stm32.12.3.rel1.win32_1.0.200.202406191623/tools/bin/../lib/gcc/arm-none-eabi/12.3.1/thumb/v7-m/nofp\libgcc.a(_arm_muldivdf3.o)
                0x080005b0                __aeabi_dmul
                0x080005b0                __muldf3
                0x08000804                __divdf3
                0x08000804                __aeabi_ddiv
 .text          0x080009d4      0x110 C:/STM32_IDE/STM32CubeIDE_1.16.1/STM32CubeIDE/plugins/com.st.stm32cube.ide.mcu.externaltools.gnu-tools-for-stm32.12.3.rel1.win32_1.0.200.202406191623/tools/bin/../lib/gcc/arm-none-eabi/12.3.1/thumb/v7-m/nofp\libgcc.a(_arm_cmpdf2.o)
                0x080009d4                __gtdf2
                0x080009d4                __gedf2
                0x080009dc                __ltdf2
                0x080009dc                __ledf2
                0x080009e4                __nedf2
                0x080009e4                __eqdf2
                0x080009e4                __cmpdf2
                0x08000a60                __aeabi_cdrcmple
                0x08000a70                __aeabi_cdcmpeq
                0x08000a70                __aeabi_cdcmple
                0x08000a80                __aeabi_dcmpeq
                0x08000a94                __aeabi_dcmplt
                0x08000aa8                __aeabi_dcmple
                0x08000abc                __aeabi_dcmpge
                0x08000ad0                __aeabi_dcmpgt
 .text          0x08000ae4       0x2c C:/STM32_IDE/STM32CubeIDE_1.16.1/STM32CubeIDE/plugins/com.st.stm32cube.ide.mcu.externaltools.gnu-tools-for-stm32.12.3.rel1.win32_1.0.200.202406191623/tools/bin/../lib/gcc/arm-none-eabi/12.3.1/thumb/v7-m/nofp\libgcc.a(_arm_unorddf2.o)
                0x08000ae4                __unorddf2
                0x08000ae4                __aeabi_dcmpun
 .text          0x08000b10       0x50 C:/STM32_IDE/STM32CubeIDE_1.16.1/STM32CubeIDE/plugins/com.st.stm32cube.ide.mcu.externaltools.gnu-tools-for-stm32.12.3.rel1.win32_1.0.200.202406191623/tools/bin/../lib/gcc/arm-none-eabi/12.3.1/thumb/v7-m/nofp\libgcc.a(_arm_fixdfsi.o)
                0x08000b10                __aeabi_d2iz
                0x08000b10                __fixdfsi
 .text          0x08000b60       0x40 C:/STM32_IDE/STM32CubeIDE_1.16.1/STM32CubeIDE/plugins/com.st.stm32cube.ide.mcu.externaltools.gnu-tools-for-stm32.12.3.rel1.win32_1.0.200.202406191623/tools/bin/../lib/gcc/arm-none-eabi/12.3.1/thumb/v7-m/nofp\libgcc.a(_arm_fixunsdfsi.o)
                0x08000b60                __aeabi_d2uiz
                0x08000b60                __fixunsdfsi
 .text          0x08000ba0       0xa0 C:/STM32_IDE/STM32CubeIDE_1.16.1/STM32CubeIDE/plugins/com.st.stm32cube.ide.mcu.externaltools.gnu-tools-for-stm32.12.3.rel1.win32_1.0.200.202406191623/tools/bin/../lib/gcc/arm-none-eabi/12.3.1/thumb/v7-m/nofp\libgcc.a(_arm_truncdfsf2.o)
                0x08000ba0                __truncdfsf2
                0x08000ba0                __aeabi_d2f
 .text          0x08000c40      0x21c C:/STM32_IDE/STM32CubeIDE_1.16.1/STM32CubeIDE/plugins/com.st.stm32cube.ide.mcu.externaltools.gnu-tools-for-stm32.12.3.rel1.win32_1.0.200.202406191623/tools/bin/../lib/gcc/arm-none-eabi/12.3.1/thumb/v7-m/nofp\libgcc.a(_arm_addsubsf3.o)
                0x08000c40                __aeabi_frsub
                0x08000c48                __subsf3
                0x08000c48                __aeabi_fsub
                0x08000c4c                __aeabi_fadd
                0x08000c4c                __addsf3
                0x08000dac                __aeabi_ui2f
                0x08000dac                __floatunsisf
                0x08000db4                __aeabi_i2f
                0x08000db4                __floatsisf
                0x08000dd0                __aeabi_ul2f
                0x08000dd0                __floatundisf
                0x08000de0                __aeabi_l2f
                0x08000de0                __floatdisf
 .text          0x08000e5c      0x2a0 C:/STM32_IDE/STM32CubeIDE_1.16.1/STM32CubeIDE/plugins/com.st.stm32cube.ide.mcu.externaltools.gnu-tools-for-stm32.12.3.rel1.win32_1.0.200.202406191623/tools/bin/../lib/gcc/arm-none-eabi/12.3.1/thumb/v7-m/nofp\libgcc.a(_arm_muldivsf3.o)
                0x08000e5c                __mulsf3
                0x08000e5c                __aeabi_fmul
                0x08000fc4                __aeabi_fdiv
                0x08000fc4                __divsf3
 .text          0x080010fc       0xec C:/STM32_IDE/STM32CubeIDE_1.16.1/STM32CubeIDE/plugins/com.st.stm32cube.ide.mcu.externaltools.gnu-tools-for-stm32.12.3.rel1.win32_1.0.200.202406191623/tools/bin/../lib/gcc/arm-none-eabi/12.3.1/thumb/v7-m/nofp\libgcc.a(_arm_cmpsf2.o)
                0x080010fc                __gesf2
                0x080010fc                __gtsf2
                0x08001104                __lesf2
                0x08001104                __ltsf2
                0x0800110c                __nesf2
                0x0800110c                __eqsf2
                0x0800110c                __cmpsf2
                0x0800116c                __aeabi_cfrcmple
                0x08001174                __aeabi_cfcmpeq
                0x08001174                __aeabi_cfcmple
                0x08001184                __aeabi_fcmpeq
                0x08001198                __aeabi_fcmplt
                0x080011ac                __aeabi_fcmple
                0x080011c0                __aeabi_fcmpge
                0x080011d4                __aeabi_fcmpgt
 .text          0x080011e8       0x4c C:/STM32_IDE/STM32CubeIDE_1.16.1/STM32CubeIDE/plugins/com.st.stm32cube.ide.mcu.externaltools.gnu-tools-for-stm32.12.3.rel1.win32_1.0.200.202406191623/tools/bin/../lib/gcc/arm-none-eabi/12.3.1/thumb/v7-m/nofp\libgcc.a(_arm_fixsfsi.o)
                0x080011e8                __aeabi_f2iz
                0x080011e8                __fixsfsi
 .text          0x08001234       0x40 C:/STM32_IDE/STM32CubeIDE_1.16.1/STM32CubeIDE/plugins/com.st.stm32cube.ide.mcu.externaltools.gnu-tools-for-stm32.12.3.rel1.win32_1.0.200.202406191623/tools/bin/../lib/gcc/arm-none-eabi/12.3.1/thumb/v7-m/nofp\libgcc.a(_arm_fixunssfsi.o)
                0x08001234                __fixunssfsi
                0x08001234                __aeabi_f2uiz
 .text          0x08001274       0x30 C:/STM32_IDE/STM32CubeIDE_1.16.1/STM32CubeIDE/plugins/com.st.stm32cube.ide.mcu.externaltools.gnu-tools-for-stm32.12.3.rel1.win32_1.0.200.202406191623/tools/bin/../lib/gcc/arm-none-eabi/12.3.1/thumb/v7-m/nofp\libgcc.a(_fixdfdi.o)
                0x08001274                __fixdfdi
                0x08001274                __aeabi_d2lz
 .text          0x080012a4       0x3c C:/STM32_IDE/STM32CubeIDE_1.16.1/STM32CubeIDE/plugins/com.st.stm32cube.ide.mcu.externaltools.gnu-tools-for-stm32.12.3.rel1.win32_1.0.200.202406191623/tools/bin/../lib/gcc/arm-none-eabi/12.3.1/thumb/v7-m/nofp\libgcc.a(_fixunsdfdi.o)
                0x080012a4                __fixunsdfdi
                0x080012a4                __aeabi_d2ulz
 *(.text*)
 .text.USE_Bluetooth_Control
                0x080012e0       0x8c ./BSP/Bluetooth/app_bluetooth.o
                0x080012e0                USE_Bluetooth_Control
 *fill*         0x0800136c        0x4 
 .text.Send_Msg
                0x08001370       0xa0 ./BSP/Bluetooth/app_bluetooth.o
                0x08001370                Send_Msg
 .text.OLED_SHOW_BAT
                0x08001410       0x34 ./BSP/Bluetooth/app_bluetooth.o
                0x08001410                OLED_SHOW_BAT
 .text.OLED_SHOW_Car_Speed
                0x08001444       0x30 ./BSP/Bluetooth/app_bluetooth.o
                0x08001444                OLED_SHOW_Car_Speed
 .text.OLED_SHOW_DIS
                0x08001474       0x34 ./BSP/Bluetooth/app_bluetooth.o
                0x08001474                OLED_SHOW_DIS
 .text.Deal_Bluetooth
                0x080014a8       0x94 ./BSP/Bluetooth/bsp_bluetooth.o
                0x080014a8                Deal_Bluetooth
 .text.Copy_Bluetooth_Data
                0x0800153c       0x30 ./BSP/Bluetooth/bsp_bluetooth.o
                0x0800153c                Copy_Bluetooth_Data
 .text.StringFind
                0x0800156c       0x9c ./BSP/Bluetooth/bsp_bluetooth.o
                0x0800156c                StringFind
 .text.Get_Data
                0x08001608       0xd0 ./BSP/Bluetooth/bsp_bluetooth.o
                0x08001608                Get_Data
 .text.Deal_Motor_Data
                0x080016d8       0xf8 ./BSP/Bluetooth/bsp_bluetooth.o
                0x080016d8                Deal_Motor_Data
 .text.Deal_Servo_RGB_BEEP_Data
                0x080017d0      0x114 ./BSP/Bluetooth/bsp_bluetooth.o
                0x080017d0                Deal_Servo_RGB_BEEP_Data
 .text.Deal_RGB_Data
                0x080018e4      0x11c ./BSP/Bluetooth/bsp_bluetooth.o
                0x080018e4                Deal_RGB_Data
 .text.Deal_Mode
                0x08001a00       0xf8 ./BSP/Bluetooth/bsp_bluetooth.o
                0x08001a00                Deal_Mode
 .text.Deal_PWM_Servo
                0x08001af8       0x74 ./BSP/Bluetooth/bsp_bluetooth.o
                0x08001af8                Deal_PWM_Servo
 .text.whistle  0x08001b6c       0x50 ./BSP/Buzzer/bsp_buzzer.o
                0x08001b6c                whistle
 .text.BeepOnOffMode
                0x08001bbc       0x2c ./BSP/Buzzer/bsp_buzzer.o
                0x08001bbc                BeepOnOffMode
 .text.ModeBEEP
                0x08001be8       0x58 ./BSP/Buzzer/bsp_buzzer.o
                0x08001be8                ModeBEEP
 .text.Ir_Ultrasonic_avoid
                0x08001c40       0xc2 ./BSP/Iravoid/app_iravoid.o
                0x08001c40                Ir_Ultrasonic_avoid
 .text.Get_Iraviod_App
                0x08001d02       0x44 ./BSP/Iravoid/app_iravoid.o
                0x08001d02                Get_Iraviod_App
 *fill*         0x08001d46        0x2 
 .text.IR_SWitch
                0x08001d48       0x34 ./BSP/Iravoid/bsp_iravoid.o
                0x08001d48                IR_SWitch
 .text.Adc_Get_Iravoid
                0x08001d7c       0x5c ./BSP/Iravoid/bsp_iravoid.o
                0x08001d7c                Adc_Get_Iravoid
 .text.Get_Iravoid_Data
                0x08001dd8       0x44 ./BSP/Iravoid/bsp_iravoid.o
                0x08001dd8                Get_Iravoid_Data
 .text.I2C_WriteByte
                0x08001e1c       0x38 ./BSP/OLED/bsp_oled.o
                0x08001e1c                I2C_WriteByte
 .text.OLED_Init
                0x08001e54      0x110 ./BSP/OLED/bsp_oled.o
                0x08001e54                OLED_Init
 .text.SSD1306_UpdateScreen
                0x08001f64       0x6c ./BSP/OLED/bsp_oled.o
                0x08001f64                SSD1306_UpdateScreen
 .text.SSD1306_Fill
                0x08001fd0       0x30 ./BSP/OLED/bsp_oled.o
                0x08001fd0                SSD1306_Fill
 .text.SSD1306_DrawPixel
                0x08002000       0xbc ./BSP/OLED/bsp_oled.o
                0x08002000                SSD1306_DrawPixel
 .text.SSD1306_GotoXY
                0x080020bc       0x2c ./BSP/OLED/bsp_oled.o
                0x080020bc                SSD1306_GotoXY
 .text.SSD1306_Putc
                0x080020e8       0xfc ./BSP/OLED/bsp_oled.o
                0x080020e8                SSD1306_Putc
 .text.SSD1306_Puts
                0x080021e4       0x4a ./BSP/OLED/bsp_oled.o
                0x080021e4                SSD1306_Puts
 .text.OLED_Clear
                0x0800222e        0xe ./BSP/OLED/bsp_oled.o
                0x0800222e                OLED_Clear
 .text.OLED_Refresh
                0x0800223c        0xc ./BSP/OLED/bsp_oled.o
                0x0800223c                OLED_Refresh
 .text.OLED_Draw_String
                0x08002248       0x54 ./BSP/OLED/bsp_oled.o
                0x08002248                OLED_Draw_String
 .text.OLED_Draw_Line
                0x0800229c       0x4e ./BSP/OLED/bsp_oled.o
                0x0800229c                OLED_Draw_Line
 *fill*         0x080022ea        0x2 
 .text.Colorful_RGB
                0x080022ec       0x94 ./BSP/RGB/app_rgb.o
                0x080022ec                Colorful_RGB
 .text.RGB_color_water
                0x08002380      0x100 ./BSP/RGB/app_rgb.o
                0x08002380                RGB_color_water
 .text.Set_RGB  0x08002480       0x9c ./BSP/RGB/bsp_rgb.o
                0x08002480                Set_RGB
 .text.Set_color_R
                0x0800251c      0x140 ./BSP/RGB/bsp_rgb.o
                0x0800251c                Set_color_R
 .text.Set_color_L
                0x0800265c      0x144 ./BSP/RGB/bsp_rgb.o
                0x0800265c                Set_color_L
 .text.LL_USART_IsActiveFlag_TXE
                0x080027a0       0x24 ./BSP/USART/bsp_uart5.o
 .text.LL_USART_EnableIT_RXNE
                0x080027c4       0x44 ./BSP/USART/bsp_uart5.o
 .text.LL_USART_IsEnabledIT_RXNE
                0x08002808       0x24 ./BSP/USART/bsp_uart5.o
 .text.LL_USART_ReceiveData8
                0x0800282c       0x18 ./BSP/USART/bsp_uart5.o
 .text.LL_USART_TransmitData8
                0x08002844       0x1c ./BSP/USART/bsp_uart5.o
 .text.UART5_Init
                0x08002860       0x14 ./BSP/USART/bsp_uart5.o
                0x08002860                UART5_Init
 .text.UART5_IRQHandler
                0x08002874       0x30 ./BSP/USART/bsp_uart5.o
                0x08002874                UART5_IRQHandler
 .text.USRT5_DataByte
                0x080028a4       0x30 ./BSP/USART/bsp_uart5.o
                0x080028a4                USRT5_DataByte
 .text.USRT5_DataString
                0x080028d4       0x3a ./BSP/USART/bsp_uart5.o
                0x080028d4                USRT5_DataString
 *fill*         0x0800290e        0x2 
 .text.__io_putchar
                0x08002910       0x24 ./BSP/USART/bsp_usart1.o
                0x08002910                __io_putchar
 .text.Get_BAT  0x08002934       0x64 ./BSP/VOL_detect/bsp_vol.o
                0x08002934                Get_BAT
 .text.Adc_Get_Average
                0x08002998       0x56 ./BSP/VOL_detect/bsp_vol.o
                0x08002998                Adc_Get_Average
 *fill*         0x080029ee        0x2 
 .text.Adc_Get_Measure_Volotage
                0x080029f0       0x38 ./BSP/VOL_detect/bsp_vol.o
                0x080029f0                Adc_Get_Measure_Volotage
 .text.Adc_Get_Battery_Volotage
                0x08002a28       0x28 ./BSP/VOL_detect/bsp_vol.o
                0x08002a28                Adc_Get_Battery_Volotage
 .text.BSP_Init
                0x08002a50       0x44 ./BSP/bsp.o
                0x08002a50                BSP_Init
 .text.BSP_Loop
                0x08002a94       0x38 ./BSP/bsp.o
                0x08002a94                BSP_Loop
 .text.Delay_Init
                0x08002acc       0x18 ./BSP/delay/delay.o
                0x08002acc                Delay_Init
 .text.Delay_US
                0x08002ae4       0x7c ./BSP/delay/delay.o
                0x08002ae4                Delay_US
 .text.Encoder_Read_CNT
                0x08002b60       0xb4 ./BSP/encoder/bsp_encoder.o
 .text.Encoder_Get_ALL
                0x08002c14       0x48 ./BSP/encoder/bsp_encoder.o
                0x08002c14                Encoder_Get_ALL
 .text.Encoder_Update_Count
                0x08002c5c       0x68 ./BSP/encoder/bsp_encoder.o
                0x08002c5c                Encoder_Update_Count
 .text.car_irtrack
                0x08002cc4      0x164 ./BSP/irtracking/app_irtracking.o
                0x08002cc4                car_irtrack
 .text.GetLineWalking_Data
                0x08002e28       0x8c ./BSP/irtracking/app_irtracking.o
                0x08002e28                GetLineWalking_Data
 .text.Motion_Get_Circle_Pulse
                0x08002eb4       0x14 ./BSP/motor/app_motor.o
 .text.Motion_Set_Yaw_Adjust
                0x08002ec8       0x2c ./BSP/motor/app_motor.o
                0x08002ec8                Motion_Set_Yaw_Adjust
 .text.Motion_Set_Pwm
                0x08002ef4       0xa6 ./BSP/motor/app_motor.o
                0x08002ef4                Motion_Set_Pwm
 *fill*         0x08002f9a        0x2 
 .text.Motion_Stop
                0x08002f9c       0x40 ./BSP/motor/app_motor.o
                0x08002f9c                Motion_Stop
 .text.Motion_Set_Speed
                0x08002fdc       0x88 ./BSP/motor/app_motor.o
                0x08002fdc                Motion_Set_Speed
 .text.Motion_Get_Speed
                0x08003064      0x1b0 ./BSP/motor/app_motor.o
                0x08003064                Motion_Get_Speed
 .text.Motion_Get_APB
                0x08003214       0x14 ./BSP/motor/app_motor.o
                0x08003214                Motion_Get_APB
 .text.Motion_Get_Circle_MM
                0x08003228       0x14 ./BSP/motor/app_motor.o
                0x08003228                Motion_Get_Circle_MM
 .text.Motion_Get_Encoder
                0x0800323c       0x60 ./BSP/motor/app_motor.o
                0x0800323c                Motion_Get_Encoder
 .text.wheel_State_YAW
                0x0800329c      0x11c ./BSP/motor/app_motor.o
                0x0800329c                wheel_State_YAW
 .text.wheel_State
                0x080033b8      0x114 ./BSP/motor/app_motor.o
                0x080033b8                wheel_State
 .text.wheel_Ctrl
                0x080034cc      0x1fc ./BSP/motor/app_motor.o
                0x080034cc                wheel_Ctrl
 .text.Motion_Handle
                0x080036c8       0x64 ./BSP/motor/app_motor.o
                0x080036c8                Motion_Handle
 .text.PID_Param_Init
                0x0800372c      0x110 ./BSP/motor/bsp_PID_motor.o
                0x0800372c                PID_Param_Init
 .text.PID_Incre_Calc
                0x0800383c      0x110 ./BSP/motor/bsp_PID_motor.o
                0x0800383c                PID_Incre_Calc
 .text.PID_Calc_Motor
                0x0800394c       0x50 ./BSP/motor/bsp_PID_motor.o
                0x0800394c                PID_Calc_Motor
 .text.PID_Clear_Motor
                0x0800399c      0x118 ./BSP/motor/bsp_PID_motor.o
                0x0800399c                PID_Clear_Motor
 .text.PID_Set_Motor_Target
                0x08003ab4       0x60 ./BSP/motor/bsp_PID_motor.o
                0x08003ab4                PID_Set_Motor_Target
 .text.Motor_Ignore_Dead_Zone
                0x08003b14       0x3e ./BSP/motor/bsp_motor.o
 *fill*         0x08003b52        0x2 
 .text.Motor_Stop
                0x08003b54       0x98 ./BSP/motor/bsp_motor.o
                0x08003b54                Motor_Stop
 .text.Motor_Set_Pwm
                0x08003bec      0x128 ./BSP/motor/bsp_motor.o
                0x08003bec                Motor_Set_Pwm
 .text.PwmServo_Angle_To_Pulse
                0x08003d14       0x38 ./BSP/servo/pwm_servo.o
 .text.PwmServo_Handle
                0x08003d4c       0xd0 ./BSP/servo/pwm_servo.o
                0x08003d4c                PwmServo_Handle
 .text.PwmServo_Set_Angle
                0x08003e1c       0x58 ./BSP/servo/pwm_servo.o
                0x08003e1c                PwmServo_Set_Angle
 .text.PwmServo_Set_Angle_All
                0x08003e74       0xa8 ./BSP/servo/pwm_servo.o
                0x08003e74                PwmServo_Set_Angle_All
 .text.Bsp_Tim_Init
                0x08003f1c       0xb0 ./BSP/tim/bsp_tim.o
                0x08003f1c                Bsp_Tim_Init
 .text.Tim_Base_Init
                0x08003fcc       0x1c ./BSP/tim/bsp_tim.o
                0x08003fcc                Tim_Base_Init
 .text.HAL_TIM_PeriodElapsedCallback
                0x08003fe8       0x7c ./BSP/tim/bsp_tim.o
                0x08003fe8                HAL_TIM_PeriodElapsedCallback
 .text.Ultrasonic_follow
                0x08004064       0x8c ./BSP/ultrasonic/app_ultrasonic.o
                0x08004064                Ultrasonic_follow
 .text.Get_distance
                0x080040f0      0x110 ./BSP/ultrasonic/bsp_ultrasonic.o
                0x080040f0                Get_distance
 .text.MX_ADC3_Init
                0x08004200       0x7c ./Core/Src/adc.o
                0x08004200                MX_ADC3_Init
 .text.HAL_ADC_MspInit
                0x0800427c       0x7c ./Core/Src/adc.o
                0x0800427c                HAL_ADC_MspInit
 .text.MX_GPIO_Init
                0x080042f8      0x1e4 ./Core/Src/gpio.o
                0x080042f8                MX_GPIO_Init
 .text.MX_I2C1_Init
                0x080044dc       0x5c ./Core/Src/i2c.o
                0x080044dc                MX_I2C1_Init
 .text.HAL_I2C_MspInit
                0x08004538       0x7c ./Core/Src/i2c.o
                0x08004538                HAL_I2C_MspInit
 .text.main     0x080045b4       0x4a ./Core/Src/main.o
                0x080045b4                main
 .text.SystemClock_Config
                0x080045fe       0xba ./Core/Src/main.o
                0x080045fe                SystemClock_Config
 .text.Error_Handler
                0x080046b8        0xc ./Core/Src/main.o
                0x080046b8                Error_Handler
 .text.assert_failed
                0x080046c4       0x14 ./Core/Src/main.o
                0x080046c4                assert_failed
 .text.HAL_MspInit
                0x080046d8       0x68 ./Core/Src/stm32f1xx_hal_msp.o
                0x080046d8                HAL_MspInit
 .text.NMI_Handler
                0x08004740        0x8 ./Core/Src/stm32f1xx_it.o
                0x08004740                NMI_Handler
 .text.HardFault_Handler
                0x08004748        0x8 ./Core/Src/stm32f1xx_it.o
                0x08004748                HardFault_Handler
 .text.MemManage_Handler
                0x08004750        0x8 ./Core/Src/stm32f1xx_it.o
                0x08004750                MemManage_Handler
 .text.BusFault_Handler
                0x08004758        0x8 ./Core/Src/stm32f1xx_it.o
                0x08004758                BusFault_Handler
 .text.UsageFault_Handler
                0x08004760        0x8 ./Core/Src/stm32f1xx_it.o
                0x08004760                UsageFault_Handler
 .text.SVC_Handler
                0x08004768        0xc ./Core/Src/stm32f1xx_it.o
                0x08004768                SVC_Handler
 .text.DebugMon_Handler
                0x08004774        0xc ./Core/Src/stm32f1xx_it.o
                0x08004774                DebugMon_Handler
 .text.PendSV_Handler
                0x08004780        0xc ./Core/Src/stm32f1xx_it.o
                0x08004780                PendSV_Handler
 .text.SysTick_Handler
                0x0800478c        0xc ./Core/Src/stm32f1xx_it.o
                0x0800478c                SysTick_Handler
 .text.TIM6_IRQHandler
                0x08004798       0x14 ./Core/Src/stm32f1xx_it.o
                0x08004798                TIM6_IRQHandler
 .text.TIM7_IRQHandler
                0x080047ac       0x14 ./Core/Src/stm32f1xx_it.o
                0x080047ac                TIM7_IRQHandler
 .text._getpid  0x080047c0        0xe ./Core/Src/syscalls.o
                0x080047c0                _getpid
 .text._kill    0x080047ce       0x20 ./Core/Src/syscalls.o
                0x080047ce                _kill
 .text._exit    0x080047ee       0x16 ./Core/Src/syscalls.o
                0x080047ee                _exit
 .text._read    0x08004804       0x3a ./Core/Src/syscalls.o
                0x08004804                _read
 .text._write   0x0800483e       0x38 ./Core/Src/syscalls.o
                0x0800483e                _write
 .text._close   0x08004876       0x16 ./Core/Src/syscalls.o
                0x08004876                _close
 .text._fstat   0x0800488c       0x1e ./Core/Src/syscalls.o
                0x0800488c                _fstat
 .text._isatty  0x080048aa       0x14 ./Core/Src/syscalls.o
                0x080048aa                _isatty
 .text._lseek   0x080048be       0x18 ./Core/Src/syscalls.o
                0x080048be                _lseek
 *fill*         0x080048d6        0x2 
 .text._sbrk    0x080048d8       0x6c ./Core/Src/sysmem.o
                0x080048d8                _sbrk
 .text.SystemInit
                0x08004944        0xc ./Core/Src/system_stm32f1xx.o
                0x08004944                SystemInit
 .text.MX_TIM1_Init
                0x08004950      0x188 ./Core/Src/tim.o
                0x08004950                MX_TIM1_Init
 .text.MX_TIM2_Init
                0x08004ad8       0xa8 ./Core/Src/tim.o
                0x08004ad8                MX_TIM2_Init
 .text.MX_TIM3_Init
                0x08004b80       0xa8 ./Core/Src/tim.o
                0x08004b80                MX_TIM3_Init
 .text.MX_TIM4_Init
                0x08004c28       0xa8 ./Core/Src/tim.o
                0x08004c28                MX_TIM4_Init
 .text.MX_TIM5_Init
                0x08004cd0       0xa8 ./Core/Src/tim.o
                0x08004cd0                MX_TIM5_Init
 .text.MX_TIM6_Init
                0x08004d78       0x6c ./Core/Src/tim.o
                0x08004d78                MX_TIM6_Init
 .text.MX_TIM7_Init
                0x08004de4       0x68 ./Core/Src/tim.o
                0x08004de4                MX_TIM7_Init
 .text.MX_TIM8_Init
                0x08004e4c      0x188 ./Core/Src/tim.o
                0x08004e4c                MX_TIM8_Init
 .text.HAL_TIM_Base_MspInit
                0x08004fd4       0xd4 ./Core/Src/tim.o
                0x08004fd4                HAL_TIM_Base_MspInit
 .text.HAL_TIM_Encoder_MspInit
                0x080050a8      0x224 ./Core/Src/tim.o
                0x080050a8                HAL_TIM_Encoder_MspInit
 .text.HAL_TIM_MspPostInit
                0x080052cc       0xd4 ./Core/Src/tim.o
                0x080052cc                HAL_TIM_MspPostInit
 .text.__NVIC_GetPriorityGrouping
                0x080053a0       0x1c ./Core/Src/usart.o
 .text.__NVIC_EnableIRQ
                0x080053bc       0x38 ./Core/Src/usart.o
 .text.__NVIC_SetPriority
                0x080053f4       0x54 ./Core/Src/usart.o
 .text.NVIC_EncodePriority
                0x08005448       0x64 ./Core/Src/usart.o
 .text.LL_USART_Enable
                0x080054ac       0x1e ./Core/Src/usart.o
 .text.LL_USART_ConfigAsyncMode
                0x080054ca       0x2a ./Core/Src/usart.o
 .text.LL_APB1_GRP1_EnableClock
                0x080054f4       0x30 ./Core/Src/usart.o
 .text.LL_APB2_GRP1_EnableClock
                0x08005524       0x30 ./Core/Src/usart.o
 .text.MX_UART5_Init
                0x08005554       0xd4 ./Core/Src/usart.o
                0x08005554                MX_UART5_Init
 .text.MX_USART1_UART_Init
                0x08005628       0x54 ./Core/Src/usart.o
                0x08005628                MX_USART1_UART_Init
 .text.HAL_UART_MspInit
                0x0800567c       0x98 ./Core/Src/usart.o
                0x0800567c                HAL_UART_MspInit
 .text.Reset_Handler
                0x08005714       0x48 ./Core/Startup/startup_stm32f103zetx.o
                0x08005714                Reset_Handler
 .text.Default_Handler
                0x0800575c        0x2 ./Core/Startup/startup_stm32f103zetx.o
                0x0800575c                RTC_Alarm_IRQHandler
                0x0800575c                EXTI2_IRQHandler
                0x0800575c                TIM8_TRG_COM_IRQHandler
                0x0800575c                TIM8_CC_IRQHandler
                0x0800575c                TIM1_CC_IRQHandler
                0x0800575c                PVD_IRQHandler
                0x0800575c                SDIO_IRQHandler
                0x0800575c                EXTI3_IRQHandler
                0x0800575c                EXTI0_IRQHandler
                0x0800575c                I2C2_EV_IRQHandler
                0x0800575c                ADC1_2_IRQHandler
                0x0800575c                SPI1_IRQHandler
                0x0800575c                TAMPER_IRQHandler
                0x0800575c                TIM8_UP_IRQHandler
                0x0800575c                DMA2_Channel2_IRQHandler
                0x0800575c                DMA1_Channel4_IRQHandler
                0x0800575c                USART3_IRQHandler
                0x0800575c                RTC_IRQHandler
                0x0800575c                DMA1_Channel7_IRQHandler
                0x0800575c                CAN1_RX1_IRQHandler
                0x0800575c                ADC3_IRQHandler
                0x0800575c                TIM4_IRQHandler
                0x0800575c                DMA2_Channel1_IRQHandler
                0x0800575c                I2C1_EV_IRQHandler
                0x0800575c                DMA1_Channel6_IRQHandler
                0x0800575c                UART4_IRQHandler
                0x0800575c                TIM3_IRQHandler
                0x0800575c                RCC_IRQHandler
                0x0800575c                TIM1_TRG_COM_IRQHandler
                0x0800575c                DMA1_Channel1_IRQHandler
                0x0800575c                Default_Handler
                0x0800575c                EXTI15_10_IRQHandler
                0x0800575c                TIM5_IRQHandler
                0x0800575c                EXTI9_5_IRQHandler
                0x0800575c                SPI2_IRQHandler
                0x0800575c                DMA1_Channel5_IRQHandler
                0x0800575c                EXTI4_IRQHandler
                0x0800575c                USB_LP_CAN1_RX0_IRQHandler
                0x0800575c                USB_HP_CAN1_TX_IRQHandler
                0x0800575c                DMA1_Channel3_IRQHandler
                0x0800575c                FSMC_IRQHandler
                0x0800575c                TIM1_UP_IRQHandler
                0x0800575c                WWDG_IRQHandler
                0x0800575c                TIM2_IRQHandler
                0x0800575c                TIM1_BRK_IRQHandler
                0x0800575c                EXTI1_IRQHandler
                0x0800575c                DMA2_Channel4_5_IRQHandler
                0x0800575c                USART2_IRQHandler
                0x0800575c                I2C2_ER_IRQHandler
                0x0800575c                DMA1_Channel2_IRQHandler
                0x0800575c                TIM8_BRK_IRQHandler
                0x0800575c                CAN1_SCE_IRQHandler
                0x0800575c                FLASH_IRQHandler
                0x0800575c                USART1_IRQHandler
                0x0800575c                SPI3_IRQHandler
                0x0800575c                I2C1_ER_IRQHandler
                0x0800575c                USBWakeUp_IRQHandler
                0x0800575c                DMA2_Channel3_IRQHandler
 *fill*         0x0800575e        0x2 
 .text.HAL_Init
                0x08005760       0x2c ./Drivers/STM32F1xx_HAL_Driver/Src/stm32f1xx_hal.o
                0x08005760                HAL_Init
 .text.HAL_InitTick
                0x0800578c       0x60 ./Drivers/STM32F1xx_HAL_Driver/Src/stm32f1xx_hal.o
                0x0800578c                HAL_InitTick
 .text.HAL_IncTick
                0x080057ec       0x24 ./Drivers/STM32F1xx_HAL_Driver/Src/stm32f1xx_hal.o
                0x080057ec                HAL_IncTick
 .text.HAL_GetTick
                0x08005810       0x14 ./Drivers/STM32F1xx_HAL_Driver/Src/stm32f1xx_hal.o
                0x08005810                HAL_GetTick
 .text.HAL_Delay
                0x08005824       0x48 ./Drivers/STM32F1xx_HAL_Driver/Src/stm32f1xx_hal.o
                0x08005824                HAL_Delay
 .text.HAL_ADC_Init
                0x0800586c      0x344 ./Drivers/STM32F1xx_HAL_Driver/Src/stm32f1xx_hal_adc.o
                0x0800586c                HAL_ADC_Init
 .text.HAL_ADC_Start
                0x08005bb0      0x18c ./Drivers/STM32F1xx_HAL_Driver/Src/stm32f1xx_hal_adc.o
                0x08005bb0                HAL_ADC_Start
 .text.HAL_ADC_PollForConversion
                0x08005d3c      0x244 ./Drivers/STM32F1xx_HAL_Driver/Src/stm32f1xx_hal_adc.o
                0x08005d3c                HAL_ADC_PollForConversion
 .text.HAL_ADC_GetValue
                0x08005f80       0x50 ./Drivers/STM32F1xx_HAL_Driver/Src/stm32f1xx_hal_adc.o
                0x08005f80                HAL_ADC_GetValue
 .text.HAL_ADC_ConfigChannel
                0x08005fd0      0x398 ./Drivers/STM32F1xx_HAL_Driver/Src/stm32f1xx_hal_adc.o
                0x08005fd0                HAL_ADC_ConfigChannel
 .text.ADC_Enable
                0x08006368       0xb4 ./Drivers/STM32F1xx_HAL_Driver/Src/stm32f1xx_hal_adc.o
                0x08006368                ADC_Enable
 .text.ADC_ConversionStop_Disable
                0x0800641c       0x82 ./Drivers/STM32F1xx_HAL_Driver/Src/stm32f1xx_hal_adc.o
                0x0800641c                ADC_ConversionStop_Disable
 *fill*         0x0800649e        0x2 
 .text.HAL_ADCEx_Calibration_Start
                0x080064a0      0x190 ./Drivers/STM32F1xx_HAL_Driver/Src/stm32f1xx_hal_adc_ex.o
                0x080064a0                HAL_ADCEx_Calibration_Start
 .text.__NVIC_SetPriorityGrouping
                0x08006630       0x48 ./Drivers/STM32F1xx_HAL_Driver/Src/stm32f1xx_hal_cortex.o
 .text.__NVIC_GetPriorityGrouping
                0x08006678       0x1c ./Drivers/STM32F1xx_HAL_Driver/Src/stm32f1xx_hal_cortex.o
 .text.__NVIC_EnableIRQ
                0x08006694       0x38 ./Drivers/STM32F1xx_HAL_Driver/Src/stm32f1xx_hal_cortex.o
 .text.__NVIC_SetPriority
                0x080066cc       0x54 ./Drivers/STM32F1xx_HAL_Driver/Src/stm32f1xx_hal_cortex.o
 .text.NVIC_EncodePriority
                0x08006720       0x64 ./Drivers/STM32F1xx_HAL_Driver/Src/stm32f1xx_hal_cortex.o
 .text.SysTick_Config
                0x08006784       0x44 ./Drivers/STM32F1xx_HAL_Driver/Src/stm32f1xx_hal_cortex.o
 .text.HAL_NVIC_SetPriorityGrouping
                0x080067c8       0x40 ./Drivers/STM32F1xx_HAL_Driver/Src/stm32f1xx_hal_cortex.o
                0x080067c8                HAL_NVIC_SetPriorityGrouping
 .text.HAL_NVIC_SetPriority
                0x08006808       0x58 ./Drivers/STM32F1xx_HAL_Driver/Src/stm32f1xx_hal_cortex.o
                0x08006808                HAL_NVIC_SetPriority
 .text.HAL_NVIC_EnableIRQ
                0x08006860       0x30 ./Drivers/STM32F1xx_HAL_Driver/Src/stm32f1xx_hal_cortex.o
                0x08006860                HAL_NVIC_EnableIRQ
 .text.HAL_SYSTICK_Config
                0x08006890       0x18 ./Drivers/STM32F1xx_HAL_Driver/Src/stm32f1xx_hal_cortex.o
                0x08006890                HAL_SYSTICK_Config
 .text.HAL_GPIO_Init
                0x080068a8      0x528 ./Drivers/STM32F1xx_HAL_Driver/Src/stm32f1xx_hal_gpio.o
                0x080068a8                HAL_GPIO_Init
 .text.HAL_GPIO_ReadPin
                0x08006dd0       0x40 ./Drivers/STM32F1xx_HAL_Driver/Src/stm32f1xx_hal_gpio.o
                0x08006dd0                HAL_GPIO_ReadPin
 .text.HAL_GPIO_WritePin
                0x08006e10       0x58 ./Drivers/STM32F1xx_HAL_Driver/Src/stm32f1xx_hal_gpio.o
                0x08006e10                HAL_GPIO_WritePin
 .text.HAL_I2C_Init
                0x08006e68      0x384 ./Drivers/STM32F1xx_HAL_Driver/Src/stm32f1xx_hal_i2c.o
                0x08006e68                HAL_I2C_Init
 .text.HAL_I2C_Mem_Write
                0x080071ec      0x20c ./Drivers/STM32F1xx_HAL_Driver/Src/stm32f1xx_hal_i2c.o
                0x080071ec                HAL_I2C_Mem_Write
 .text.I2C_RequestMemoryWrite
                0x080073f8      0x12c ./Drivers/STM32F1xx_HAL_Driver/Src/stm32f1xx_hal_i2c.o
 .text.I2C_WaitOnFlagUntilTimeout
                0x08007524       0xf4 ./Drivers/STM32F1xx_HAL_Driver/Src/stm32f1xx_hal_i2c.o
 .text.I2C_WaitOnMasterAddressFlagUntilTimeout
                0x08007618      0x140 ./Drivers/STM32F1xx_HAL_Driver/Src/stm32f1xx_hal_i2c.o
 .text.I2C_WaitOnTXEFlagUntilTimeout
                0x08007758       0x90 ./Drivers/STM32F1xx_HAL_Driver/Src/stm32f1xx_hal_i2c.o
 .text.I2C_WaitOnBTFFlagUntilTimeout
                0x080077e8       0x90 ./Drivers/STM32F1xx_HAL_Driver/Src/stm32f1xx_hal_i2c.o
 .text.I2C_IsAcknowledgeFailed
                0x08007878       0x5c ./Drivers/STM32F1xx_HAL_Driver/Src/stm32f1xx_hal_i2c.o
 .text.HAL_RCC_OscConfig
                0x080078d4      0x6dc ./Drivers/STM32F1xx_HAL_Driver/Src/stm32f1xx_hal_rcc.o
                0x080078d4                HAL_RCC_OscConfig
 .text.HAL_RCC_ClockConfig
                0x08007fb0      0x320 ./Drivers/STM32F1xx_HAL_Driver/Src/stm32f1xx_hal_rcc.o
                0x08007fb0                HAL_RCC_ClockConfig
 .text.HAL_RCC_GetSysClockFreq
                0x080082d0       0xa8 ./Drivers/STM32F1xx_HAL_Driver/Src/stm32f1xx_hal_rcc.o
                0x080082d0                HAL_RCC_GetSysClockFreq
 .text.HAL_RCC_GetHCLKFreq
                0x08008378       0x14 ./Drivers/STM32F1xx_HAL_Driver/Src/stm32f1xx_hal_rcc.o
                0x08008378                HAL_RCC_GetHCLKFreq
 .text.HAL_RCC_GetPCLK1Freq
                0x0800838c       0x28 ./Drivers/STM32F1xx_HAL_Driver/Src/stm32f1xx_hal_rcc.o
                0x0800838c                HAL_RCC_GetPCLK1Freq
 .text.HAL_RCC_GetPCLK2Freq
                0x080083b4       0x28 ./Drivers/STM32F1xx_HAL_Driver/Src/stm32f1xx_hal_rcc.o
                0x080083b4                HAL_RCC_GetPCLK2Freq
 .text.RCC_Delay
                0x080083dc       0x3c ./Drivers/STM32F1xx_HAL_Driver/Src/stm32f1xx_hal_rcc.o
 .text.HAL_RCCEx_PeriphCLKConfig
                0x08008418      0x22c ./Drivers/STM32F1xx_HAL_Driver/Src/stm32f1xx_hal_rcc_ex.o
                0x08008418                HAL_RCCEx_PeriphCLKConfig
 .text.HAL_RCCEx_GetPeriphCLKFreq
                0x08008644      0x1f0 ./Drivers/STM32F1xx_HAL_Driver/Src/stm32f1xx_hal_rcc_ex.o
                0x08008644                HAL_RCCEx_GetPeriphCLKFreq
 .text.HAL_TIM_Base_Init
                0x08008834      0x1a8 ./Drivers/STM32F1xx_HAL_Driver/Src/stm32f1xx_hal_tim.o
                0x08008834                HAL_TIM_Base_Init
 .text.HAL_TIM_Base_Start_IT
                0x080089dc      0x124 ./Drivers/STM32F1xx_HAL_Driver/Src/stm32f1xx_hal_tim.o
                0x080089dc                HAL_TIM_Base_Start_IT
 .text.HAL_TIM_PWM_Init
                0x08008b00      0x1a8 ./Drivers/STM32F1xx_HAL_Driver/Src/stm32f1xx_hal_tim.o
                0x08008b00                HAL_TIM_PWM_Init
 .text.HAL_TIM_PWM_MspInit
                0x08008ca8       0x12 ./Drivers/STM32F1xx_HAL_Driver/Src/stm32f1xx_hal_tim.o
                0x08008ca8                HAL_TIM_PWM_MspInit
 *fill*         0x08008cba        0x2 
 .text.HAL_TIM_PWM_Start
                0x08008cbc      0x250 ./Drivers/STM32F1xx_HAL_Driver/Src/stm32f1xx_hal_tim.o
                0x08008cbc                HAL_TIM_PWM_Start
 .text.HAL_TIM_Encoder_Init
                0x08008f0c      0x348 ./Drivers/STM32F1xx_HAL_Driver/Src/stm32f1xx_hal_tim.o
                0x08008f0c                HAL_TIM_Encoder_Init
 .text.HAL_TIM_Encoder_Start
                0x08009254      0x17c ./Drivers/STM32F1xx_HAL_Driver/Src/stm32f1xx_hal_tim.o
                0x08009254                HAL_TIM_Encoder_Start
 .text.HAL_TIM_IRQHandler
                0x080093d0      0x210 ./Drivers/STM32F1xx_HAL_Driver/Src/stm32f1xx_hal_tim.o
                0x080093d0                HAL_TIM_IRQHandler
 .text.HAL_TIM_PWM_ConfigChannel
                0x080095e0      0x344 ./Drivers/STM32F1xx_HAL_Driver/Src/stm32f1xx_hal_tim.o
                0x080095e0                HAL_TIM_PWM_ConfigChannel
 .text.HAL_TIM_ConfigClockSource
                0x08009924      0x62c ./Drivers/STM32F1xx_HAL_Driver/Src/stm32f1xx_hal_tim.o
                0x08009924                HAL_TIM_ConfigClockSource
 .text.HAL_TIM_OC_DelayElapsedCallback
                0x08009f50       0x12 ./Drivers/STM32F1xx_HAL_Driver/Src/stm32f1xx_hal_tim.o
                0x08009f50                HAL_TIM_OC_DelayElapsedCallback
 .text.HAL_TIM_IC_CaptureCallback
                0x08009f62       0x12 ./Drivers/STM32F1xx_HAL_Driver/Src/stm32f1xx_hal_tim.o
                0x08009f62                HAL_TIM_IC_CaptureCallback
 .text.HAL_TIM_PWM_PulseFinishedCallback
                0x08009f74       0x12 ./Drivers/STM32F1xx_HAL_Driver/Src/stm32f1xx_hal_tim.o
                0x08009f74                HAL_TIM_PWM_PulseFinishedCallback
 .text.HAL_TIM_TriggerCallback
                0x08009f86       0x12 ./Drivers/STM32F1xx_HAL_Driver/Src/stm32f1xx_hal_tim.o
                0x08009f86                HAL_TIM_TriggerCallback
 .text.TIM_Base_SetConfig
                0x08009f98       0xf4 ./Drivers/STM32F1xx_HAL_Driver/Src/stm32f1xx_hal_tim.o
                0x08009f98                TIM_Base_SetConfig
 .text.TIM_OC1_SetConfig
                0x0800a08c      0x134 ./Drivers/STM32F1xx_HAL_Driver/Src/stm32f1xx_hal_tim.o
 .text.TIM_OC2_SetConfig
                0x0800a1c0      0x13c ./Drivers/STM32F1xx_HAL_Driver/Src/stm32f1xx_hal_tim.o
                0x0800a1c0                TIM_OC2_SetConfig
 .text.TIM_OC3_SetConfig
                0x0800a2fc      0x13c ./Drivers/STM32F1xx_HAL_Driver/Src/stm32f1xx_hal_tim.o
 .text.TIM_OC4_SetConfig
                0x0800a438       0xc8 ./Drivers/STM32F1xx_HAL_Driver/Src/stm32f1xx_hal_tim.o
 .text.TIM_TI1_ConfigInputStage
                0x0800a500       0x5c ./Drivers/STM32F1xx_HAL_Driver/Src/stm32f1xx_hal_tim.o
 .text.TIM_TI2_ConfigInputStage
                0x0800a55c       0x5e ./Drivers/STM32F1xx_HAL_Driver/Src/stm32f1xx_hal_tim.o
 .text.TIM_ITRx_SetConfig
                0x0800a5ba       0x34 ./Drivers/STM32F1xx_HAL_Driver/Src/stm32f1xx_hal_tim.o
 .text.TIM_ETR_SetConfig
                0x0800a5ee       0x3e ./Drivers/STM32F1xx_HAL_Driver/Src/stm32f1xx_hal_tim.o
                0x0800a5ee                TIM_ETR_SetConfig
 .text.TIM_CCxChannelCmd
                0x0800a62c       0xc0 ./Drivers/STM32F1xx_HAL_Driver/Src/stm32f1xx_hal_tim.o
                0x0800a62c                TIM_CCxChannelCmd
 .text.HAL_TIMEx_MasterConfigSynchronization
                0x0800a6ec      0x1a0 ./Drivers/STM32F1xx_HAL_Driver/Src/stm32f1xx_hal_tim_ex.o
                0x0800a6ec                HAL_TIMEx_MasterConfigSynchronization
 .text.HAL_TIMEx_ConfigBreakDeadTime
                0x0800a88c      0x198 ./Drivers/STM32F1xx_HAL_Driver/Src/stm32f1xx_hal_tim_ex.o
                0x0800a88c                HAL_TIMEx_ConfigBreakDeadTime
 .text.HAL_TIMEx_CommutCallback
                0x0800aa24       0x12 ./Drivers/STM32F1xx_HAL_Driver/Src/stm32f1xx_hal_tim_ex.o
                0x0800aa24                HAL_TIMEx_CommutCallback
 .text.HAL_TIMEx_BreakCallback
                0x0800aa36       0x12 ./Drivers/STM32F1xx_HAL_Driver/Src/stm32f1xx_hal_tim_ex.o
                0x0800aa36                HAL_TIMEx_BreakCallback
 .text.HAL_UART_Init
                0x0800aa48      0x174 ./Drivers/STM32F1xx_HAL_Driver/Src/stm32f1xx_hal_uart.o
                0x0800aa48                HAL_UART_Init
 .text.HAL_UART_Transmit
                0x0800abbc      0x106 ./Drivers/STM32F1xx_HAL_Driver/Src/stm32f1xx_hal_uart.o
                0x0800abbc                HAL_UART_Transmit
 .text.UART_WaitOnFlagUntilTimeout
                0x0800acc2       0xdc ./Drivers/STM32F1xx_HAL_Driver/Src/stm32f1xx_hal_uart.o
 *fill*         0x0800ad9e        0x2 
 .text.UART_SetConfig
                0x0800ada0      0x19c ./Drivers/STM32F1xx_HAL_Driver/Src/stm32f1xx_hal_uart.o
 .text.LL_GPIO_SetPinMode
                0x0800af3c       0x64 ./Drivers/STM32F1xx_HAL_Driver/Src/stm32f1xx_ll_gpio.o
 .text.LL_GPIO_SetPinSpeed
                0x0800afa0       0x64 ./Drivers/STM32F1xx_HAL_Driver/Src/stm32f1xx_ll_gpio.o
 .text.LL_GPIO_SetPinOutputType
                0x0800b004       0x64 ./Drivers/STM32F1xx_HAL_Driver/Src/stm32f1xx_ll_gpio.o
 .text.LL_GPIO_SetPinPull
                0x0800b068       0x44 ./Drivers/STM32F1xx_HAL_Driver/Src/stm32f1xx_ll_gpio.o
 .text.LL_GPIO_Init
                0x0800b0ac      0x1d0 ./Drivers/STM32F1xx_HAL_Driver/Src/stm32f1xx_ll_gpio.o
                0x0800b0ac                LL_GPIO_Init
 .text.LL_RCC_GetSysClkSource
                0x0800b27c       0x18 ./Drivers/STM32F1xx_HAL_Driver/Src/stm32f1xx_ll_rcc.o
 .text.LL_RCC_GetAHBPrescaler
                0x0800b294       0x18 ./Drivers/STM32F1xx_HAL_Driver/Src/stm32f1xx_ll_rcc.o
 .text.LL_RCC_GetAPB1Prescaler
                0x0800b2ac       0x18 ./Drivers/STM32F1xx_HAL_Driver/Src/stm32f1xx_ll_rcc.o
 .text.LL_RCC_GetAPB2Prescaler
                0x0800b2c4       0x18 ./Drivers/STM32F1xx_HAL_Driver/Src/stm32f1xx_ll_rcc.o
 .text.LL_RCC_PLL_GetMainSource
                0x0800b2dc       0x18 ./Drivers/STM32F1xx_HAL_Driver/Src/stm32f1xx_ll_rcc.o
 .text.LL_RCC_PLL_GetMultiplicator
                0x0800b2f4       0x18 ./Drivers/STM32F1xx_HAL_Driver/Src/stm32f1xx_ll_rcc.o
 .text.LL_RCC_PLL_GetPrediv
                0x0800b30c       0x1c ./Drivers/STM32F1xx_HAL_Driver/Src/stm32f1xx_ll_rcc.o
 .text.LL_RCC_GetSystemClocksFreq
                0x0800b328       0x4a ./Drivers/STM32F1xx_HAL_Driver/Src/stm32f1xx_ll_rcc.o
                0x0800b328                LL_RCC_GetSystemClocksFreq
 *fill*         0x0800b372        0x2 
 .text.RCC_GetSystemClockFreq
                0x0800b374       0x4c ./Drivers/STM32F1xx_HAL_Driver/Src/stm32f1xx_ll_rcc.o
                0x0800b374                RCC_GetSystemClockFreq
 .text.RCC_GetHCLKClockFreq
                0x0800b3c0       0x2c ./Drivers/STM32F1xx_HAL_Driver/Src/stm32f1xx_ll_rcc.o
                0x0800b3c0                RCC_GetHCLKClockFreq
 .text.RCC_GetPCLK1ClockFreq
                0x0800b3ec       0x28 ./Drivers/STM32F1xx_HAL_Driver/Src/stm32f1xx_ll_rcc.o
                0x0800b3ec                RCC_GetPCLK1ClockFreq
 .text.RCC_GetPCLK2ClockFreq
                0x0800b414       0x28 ./Drivers/STM32F1xx_HAL_Driver/Src/stm32f1xx_ll_rcc.o
                0x0800b414                RCC_GetPCLK2ClockFreq
 .text.RCC_PLL_GetFreqDomain_SYS
                0x0800b43c       0x64 ./Drivers/STM32F1xx_HAL_Driver/Src/stm32f1xx_ll_rcc.o
                0x0800b43c                RCC_PLL_GetFreqDomain_SYS
 .text.LL_USART_IsEnabled
                0x0800b4a0       0x26 ./Drivers/STM32F1xx_HAL_Driver/Src/stm32f1xx_ll_usart.o
 .text.LL_USART_SetStopBitsLength
                0x0800b4c6       0x24 ./Drivers/STM32F1xx_HAL_Driver/Src/stm32f1xx_ll_usart.o
 .text.LL_USART_SetHWFlowCtrl
                0x0800b4ea       0x24 ./Drivers/STM32F1xx_HAL_Driver/Src/stm32f1xx_ll_usart.o
 *fill*         0x0800b50e        0x2 
 .text.LL_USART_SetBaudRate
                0x0800b510       0xbc ./Drivers/STM32F1xx_HAL_Driver/Src/stm32f1xx_ll_usart.o
 .text.LL_USART_Init
                0x0800b5cc      0x204 ./Drivers/STM32F1xx_HAL_Driver/Src/stm32f1xx_ll_usart.o
                0x0800b5cc                LL_USART_Init
 .text.atoi     0x0800b7d0        0x8 C:/STM32_IDE/STM32CubeIDE_1.16.1/STM32CubeIDE/plugins/com.st.stm32cube.ide.mcu.externaltools.gnu-tools-for-stm32.12.3.rel1.win32_1.0.200.202406191623/tools/bin/../lib/gcc/arm-none-eabi/12.3.1/../../../../arm-none-eabi/lib/thumb/v7-m/nofp\libc_nano.a(libc_a-atoi.o)
                0x0800b7d0                atoi
 .text._strtol_l.constprop.0
                0x0800b7d8       0xf4 C:/STM32_IDE/STM32CubeIDE_1.16.1/STM32CubeIDE/plugins/com.st.stm32cube.ide.mcu.externaltools.gnu-tools-for-stm32.12.3.rel1.win32_1.0.200.202406191623/tools/bin/../lib/gcc/arm-none-eabi/12.3.1/../../../../arm-none-eabi/lib/thumb/v7-m/nofp\libc_nano.a(libc_a-strtol.o)
 .text._strtol_r
                0x0800b8cc        0x4 C:/STM32_IDE/STM32CubeIDE_1.16.1/STM32CubeIDE/plugins/com.st.stm32cube.ide.mcu.externaltools.gnu-tools-for-stm32.12.3.rel1.win32_1.0.200.202406191623/tools/bin/../lib/gcc/arm-none-eabi/12.3.1/../../../../arm-none-eabi/lib/thumb/v7-m/nofp\libc_nano.a(libc_a-strtol.o)
                0x0800b8cc                _strtol_r
 .text.strtol   0x0800b8d0       0x14 C:/STM32_IDE/STM32CubeIDE_1.16.1/STM32CubeIDE/plugins/com.st.stm32cube.ide.mcu.externaltools.gnu-tools-for-stm32.12.3.rel1.win32_1.0.200.202406191623/tools/bin/../lib/gcc/arm-none-eabi/12.3.1/../../../../arm-none-eabi/lib/thumb/v7-m/nofp\libc_nano.a(libc_a-strtol.o)
                0x0800b8d0                strtol
 .text.__cvt    0x0800b8e4       0xc8 C:/STM32_IDE/STM32CubeIDE_1.16.1/STM32CubeIDE/plugins/com.st.stm32cube.ide.mcu.externaltools.gnu-tools-for-stm32.12.3.rel1.win32_1.0.200.202406191623/tools/bin/../lib/gcc/arm-none-eabi/12.3.1/../../../../arm-none-eabi/lib/thumb/v7-m/nofp\libc_nano.a(libc_a-nano-vfprintf_float.o)
                0x0800b8e4                __cvt
 .text.__exponent
                0x0800b9ac       0x74 C:/STM32_IDE/STM32CubeIDE_1.16.1/STM32CubeIDE/plugins/com.st.stm32cube.ide.mcu.externaltools.gnu-tools-for-stm32.12.3.rel1.win32_1.0.200.202406191623/tools/bin/../lib/gcc/arm-none-eabi/12.3.1/../../../../arm-none-eabi/lib/thumb/v7-m/nofp\libc_nano.a(libc_a-nano-vfprintf_float.o)
                0x0800b9ac                __exponent
 .text._printf_float
                0x0800ba20      0x458 C:/STM32_IDE/STM32CubeIDE_1.16.1/STM32CubeIDE/plugins/com.st.stm32cube.ide.mcu.externaltools.gnu-tools-for-stm32.12.3.rel1.win32_1.0.200.202406191623/tools/bin/../lib/gcc/arm-none-eabi/12.3.1/../../../../arm-none-eabi/lib/thumb/v7-m/nofp\libc_nano.a(libc_a-nano-vfprintf_float.o)
                0x0800ba20                _printf_float
 .text._printf_common
                0x0800be78       0xe4 C:/STM32_IDE/STM32CubeIDE_1.16.1/STM32CubeIDE/plugins/com.st.stm32cube.ide.mcu.externaltools.gnu-tools-for-stm32.12.3.rel1.win32_1.0.200.202406191623/tools/bin/../lib/gcc/arm-none-eabi/12.3.1/../../../../arm-none-eabi/lib/thumb/v7-m/nofp\libc_nano.a(libc_a-nano-vfprintf_i.o)
                0x0800be78                _printf_common
 .text._printf_i
                0x0800bf5c      0x240 C:/STM32_IDE/STM32CubeIDE_1.16.1/STM32CubeIDE/plugins/com.st.stm32cube.ide.mcu.externaltools.gnu-tools-for-stm32.12.3.rel1.win32_1.0.200.202406191623/tools/bin/../lib/gcc/arm-none-eabi/12.3.1/../../../../arm-none-eabi/lib/thumb/v7-m/nofp\libc_nano.a(libc_a-nano-vfprintf_i.o)
                0x0800bf5c                _printf_i
 .text._scanf_float
                0x0800c19c      0x420 C:/STM32_IDE/STM32CubeIDE_1.16.1/STM32CubeIDE/plugins/com.st.stm32cube.ide.mcu.externaltools.gnu-tools-for-stm32.12.3.rel1.win32_1.0.200.202406191623/tools/bin/../lib/gcc/arm-none-eabi/12.3.1/../../../../arm-none-eabi/lib/thumb/v7-m/nofp\libc_nano.a(libc_a-nano-vfscanf_float.o)
                0x0800c19c                _scanf_float
 .text.std      0x0800c5bc       0x6c C:/STM32_IDE/STM32CubeIDE_1.16.1/STM32CubeIDE/plugins/com.st.stm32cube.ide.mcu.externaltools.gnu-tools-for-stm32.12.3.rel1.win32_1.0.200.202406191623/tools/bin/../lib/gcc/arm-none-eabi/12.3.1/../../../../arm-none-eabi/lib/thumb/v7-m/nofp\libc_nano.a(libc_a-findfp.o)
 .text.stdio_exit_handler
                0x0800c628       0x18 C:/STM32_IDE/STM32CubeIDE_1.16.1/STM32CubeIDE/plugins/com.st.stm32cube.ide.mcu.externaltools.gnu-tools-for-stm32.12.3.rel1.win32_1.0.200.202406191623/tools/bin/../lib/gcc/arm-none-eabi/12.3.1/../../../../arm-none-eabi/lib/thumb/v7-m/nofp\libc_nano.a(libc_a-findfp.o)
 .text.cleanup_stdio
                0x0800c640       0x40 C:/STM32_IDE/STM32CubeIDE_1.16.1/STM32CubeIDE/plugins/com.st.stm32cube.ide.mcu.externaltools.gnu-tools-for-stm32.12.3.rel1.win32_1.0.200.202406191623/tools/bin/../lib/gcc/arm-none-eabi/12.3.1/../../../../arm-none-eabi/lib/thumb/v7-m/nofp\libc_nano.a(libc_a-findfp.o)
 .text.global_stdio_init.part.0
                0x0800c680       0x3c C:/STM32_IDE/STM32CubeIDE_1.16.1/STM32CubeIDE/plugins/com.st.stm32cube.ide.mcu.externaltools.gnu-tools-for-stm32.12.3.rel1.win32_1.0.200.202406191623/tools/bin/../lib/gcc/arm-none-eabi/12.3.1/../../../../arm-none-eabi/lib/thumb/v7-m/nofp\libc_nano.a(libc_a-findfp.o)
 .text.__sfp_lock_acquire
                0x0800c6bc        0xc C:/STM32_IDE/STM32CubeIDE_1.16.1/STM32CubeIDE/plugins/com.st.stm32cube.ide.mcu.externaltools.gnu-tools-for-stm32.12.3.rel1.win32_1.0.200.202406191623/tools/bin/../lib/gcc/arm-none-eabi/12.3.1/../../../../arm-none-eabi/lib/thumb/v7-m/nofp\libc_nano.a(libc_a-findfp.o)
                0x0800c6bc                __sfp_lock_acquire
 .text.__sfp_lock_release
                0x0800c6c8        0xc C:/STM32_IDE/STM32CubeIDE_1.16.1/STM32CubeIDE/plugins/com.st.stm32cube.ide.mcu.externaltools.gnu-tools-for-stm32.12.3.rel1.win32_1.0.200.202406191623/tools/bin/../lib/gcc/arm-none-eabi/12.3.1/../../../../arm-none-eabi/lib/thumb/v7-m/nofp\libc_nano.a(libc_a-findfp.o)
                0x0800c6c8                __sfp_lock_release
 .text.__sinit  0x0800c6d4       0x30 C:/STM32_IDE/STM32CubeIDE_1.16.1/STM32CubeIDE/plugins/com.st.stm32cube.ide.mcu.externaltools.gnu-tools-for-stm32.12.3.rel1.win32_1.0.200.202406191623/tools/bin/../lib/gcc/arm-none-eabi/12.3.1/../../../../arm-none-eabi/lib/thumb/v7-m/nofp\libc_nano.a(libc_a-findfp.o)
                0x0800c6d4                __sinit
 .text._fwalk_sglue
                0x0800c704       0x3c C:/STM32_IDE/STM32CubeIDE_1.16.1/STM32CubeIDE/plugins/com.st.stm32cube.ide.mcu.externaltools.gnu-tools-for-stm32.12.3.rel1.win32_1.0.200.202406191623/tools/bin/../lib/gcc/arm-none-eabi/12.3.1/../../../../arm-none-eabi/lib/thumb/v7-m/nofp\libc_nano.a(libc_a-fwalk.o)
                0x0800c704                _fwalk_sglue
 .text.printf   0x0800c740       0x24 C:/STM32_IDE/STM32CubeIDE_1.16.1/STM32CubeIDE/plugins/com.st.stm32cube.ide.mcu.externaltools.gnu-tools-for-stm32.12.3.rel1.win32_1.0.200.202406191623/tools/bin/../lib/gcc/arm-none-eabi/12.3.1/../../../../arm-none-eabi/lib/thumb/v7-m/nofp\libc_nano.a(libc_a-printf.o)
                0x0800c740                iprintf
                0x0800c740                printf
 .text.sprintf  0x0800c764       0x40 C:/STM32_IDE/STM32CubeIDE_1.16.1/STM32CubeIDE/plugins/com.st.stm32cube.ide.mcu.externaltools.gnu-tools-for-stm32.12.3.rel1.win32_1.0.200.202406191623/tools/bin/../lib/gcc/arm-none-eabi/12.3.1/../../../../arm-none-eabi/lib/thumb/v7-m/nofp\libc_nano.a(libc_a-sprintf.o)
                0x0800c764                siprintf
                0x0800c764                sprintf
 .text.__sread  0x0800c7a4       0x22 C:/STM32_IDE/STM32CubeIDE_1.16.1/STM32CubeIDE/plugins/com.st.stm32cube.ide.mcu.externaltools.gnu-tools-for-stm32.12.3.rel1.win32_1.0.200.202406191623/tools/bin/../lib/gcc/arm-none-eabi/12.3.1/../../../../arm-none-eabi/lib/thumb/v7-m/nofp\libc_nano.a(libc_a-stdio.o)
                0x0800c7a4                __sread
 .text.__swrite
                0x0800c7c6       0x38 C:/STM32_IDE/STM32CubeIDE_1.16.1/STM32CubeIDE/plugins/com.st.stm32cube.ide.mcu.externaltools.gnu-tools-for-stm32.12.3.rel1.win32_1.0.200.202406191623/tools/bin/../lib/gcc/arm-none-eabi/12.3.1/../../../../arm-none-eabi/lib/thumb/v7-m/nofp\libc_nano.a(libc_a-stdio.o)
                0x0800c7c6                __swrite
 .text.__sseek  0x0800c7fe       0x24 C:/STM32_IDE/STM32CubeIDE_1.16.1/STM32CubeIDE/plugins/com.st.stm32cube.ide.mcu.externaltools.gnu-tools-for-stm32.12.3.rel1.win32_1.0.200.202406191623/tools/bin/../lib/gcc/arm-none-eabi/12.3.1/../../../../arm-none-eabi/lib/thumb/v7-m/nofp\libc_nano.a(libc_a-stdio.o)
                0x0800c7fe                __sseek
 .text.__sclose
                0x0800c822        0x8 C:/STM32_IDE/STM32CubeIDE_1.16.1/STM32CubeIDE/plugins/com.st.stm32cube.ide.mcu.externaltools.gnu-tools-for-stm32.12.3.rel1.win32_1.0.200.202406191623/tools/bin/../lib/gcc/arm-none-eabi/12.3.1/../../../../arm-none-eabi/lib/thumb/v7-m/nofp\libc_nano.a(libc_a-stdio.o)
                0x0800c822                __sclose
 .text.memset   0x0800c82a       0x10 C:/STM32_IDE/STM32CubeIDE_1.16.1/STM32CubeIDE/plugins/com.st.stm32cube.ide.mcu.externaltools.gnu-tools-for-stm32.12.3.rel1.win32_1.0.200.202406191623/tools/bin/../lib/gcc/arm-none-eabi/12.3.1/../../../../arm-none-eabi/lib/thumb/v7-m/nofp\libc_nano.a(libc_a-memset.o)
                0x0800c82a                memset
 *fill*         0x0800c83a        0x2 
 .text._localeconv_r
                0x0800c83c        0x8 C:/STM32_IDE/STM32CubeIDE_1.16.1/STM32CubeIDE/plugins/com.st.stm32cube.ide.mcu.externaltools.gnu-tools-for-stm32.12.3.rel1.win32_1.0.200.202406191623/tools/bin/../lib/gcc/arm-none-eabi/12.3.1/../../../../arm-none-eabi/lib/thumb/v7-m/nofp\libc_nano.a(libc_a-localeconv.o)
                0x0800c83c                _localeconv_r
 .text._close_r
                0x0800c844       0x20 C:/STM32_IDE/STM32CubeIDE_1.16.1/STM32CubeIDE/plugins/com.st.stm32cube.ide.mcu.externaltools.gnu-tools-for-stm32.12.3.rel1.win32_1.0.200.202406191623/tools/bin/../lib/gcc/arm-none-eabi/12.3.1/../../../../arm-none-eabi/lib/thumb/v7-m/nofp\libc_nano.a(libc_a-closer.o)
                0x0800c844                _close_r
 .text._lseek_r
                0x0800c864       0x24 C:/STM32_IDE/STM32CubeIDE_1.16.1/STM32CubeIDE/plugins/com.st.stm32cube.ide.mcu.externaltools.gnu-tools-for-stm32.12.3.rel1.win32_1.0.200.202406191623/tools/bin/../lib/gcc/arm-none-eabi/12.3.1/../../../../arm-none-eabi/lib/thumb/v7-m/nofp\libc_nano.a(libc_a-lseekr.o)
                0x0800c864                _lseek_r
 .text._read_r  0x0800c888       0x24 C:/STM32_IDE/STM32CubeIDE_1.16.1/STM32CubeIDE/plugins/com.st.stm32cube.ide.mcu.externaltools.gnu-tools-for-stm32.12.3.rel1.win32_1.0.200.202406191623/tools/bin/../lib/gcc/arm-none-eabi/12.3.1/../../../../arm-none-eabi/lib/thumb/v7-m/nofp\libc_nano.a(libc_a-readr.o)
                0x0800c888                _read_r
 .text._write_r
                0x0800c8ac       0x24 C:/STM32_IDE/STM32CubeIDE_1.16.1/STM32CubeIDE/plugins/com.st.stm32cube.ide.mcu.externaltools.gnu-tools-for-stm32.12.3.rel1.win32_1.0.200.202406191623/tools/bin/../lib/gcc/arm-none-eabi/12.3.1/../../../../arm-none-eabi/lib/thumb/v7-m/nofp\libc_nano.a(libc_a-writer.o)
                0x0800c8ac                _write_r
 .text.__errno  0x0800c8d0        0xc C:/STM32_IDE/STM32CubeIDE_1.16.1/STM32CubeIDE/plugins/com.st.stm32cube.ide.mcu.externaltools.gnu-tools-for-stm32.12.3.rel1.win32_1.0.200.202406191623/tools/bin/../lib/gcc/arm-none-eabi/12.3.1/../../../../arm-none-eabi/lib/thumb/v7-m/nofp\libc_nano.a(libc_a-errno.o)
                0x0800c8d0                __errno
 .text.__libc_init_array
                0x0800c8dc       0x48 C:/STM32_IDE/STM32CubeIDE_1.16.1/STM32CubeIDE/plugins/com.st.stm32cube.ide.mcu.externaltools.gnu-tools-for-stm32.12.3.rel1.win32_1.0.200.202406191623/tools/bin/../lib/gcc/arm-none-eabi/12.3.1/../../../../arm-none-eabi/lib/thumb/v7-m/nofp\libc_nano.a(libc_a-init.o)
                0x0800c8dc                __libc_init_array
 .text.__retarget_lock_init_recursive
                0x0800c924        0x2 C:/STM32_IDE/STM32CubeIDE_1.16.1/STM32CubeIDE/plugins/com.st.stm32cube.ide.mcu.externaltools.gnu-tools-for-stm32.12.3.rel1.win32_1.0.200.202406191623/tools/bin/../lib/gcc/arm-none-eabi/12.3.1/../../../../arm-none-eabi/lib/thumb/v7-m/nofp\libc_nano.a(libc_a-lock.o)
                0x0800c924                __retarget_lock_init_recursive
 .text.__retarget_lock_acquire_recursive
                0x0800c926        0x2 C:/STM32_IDE/STM32CubeIDE_1.16.1/STM32CubeIDE/plugins/com.st.stm32cube.ide.mcu.externaltools.gnu-tools-for-stm32.12.3.rel1.win32_1.0.200.202406191623/tools/bin/../lib/gcc/arm-none-eabi/12.3.1/../../../../arm-none-eabi/lib/thumb/v7-m/nofp\libc_nano.a(libc_a-lock.o)
                0x0800c926                __retarget_lock_acquire_recursive
 .text.__retarget_lock_release_recursive
                0x0800c928        0x2 C:/STM32_IDE/STM32CubeIDE_1.16.1/STM32CubeIDE/plugins/com.st.stm32cube.ide.mcu.externaltools.gnu-tools-for-stm32.12.3.rel1.win32_1.0.200.202406191623/tools/bin/../lib/gcc/arm-none-eabi/12.3.1/../../../../arm-none-eabi/lib/thumb/v7-m/nofp\libc_nano.a(libc_a-lock.o)
                0x0800c928                __retarget_lock_release_recursive
 .text.memchr   0x0800c92a       0x1c C:/STM32_IDE/STM32CubeIDE_1.16.1/STM32CubeIDE/plugins/com.st.stm32cube.ide.mcu.externaltools.gnu-tools-for-stm32.12.3.rel1.win32_1.0.200.202406191623/tools/bin/../lib/gcc/arm-none-eabi/12.3.1/../../../../arm-none-eabi/lib/thumb/v7-m/nofp\libc_nano.a(libc_a-memchr-stub.o)
                0x0800c92a                memchr
 .text.memcpy   0x0800c946       0x1c C:/STM32_IDE/STM32CubeIDE_1.16.1/STM32CubeIDE/plugins/com.st.stm32cube.ide.mcu.externaltools.gnu-tools-for-stm32.12.3.rel1.win32_1.0.200.202406191623/tools/bin/../lib/gcc/arm-none-eabi/12.3.1/../../../../arm-none-eabi/lib/thumb/v7-m/nofp\libc_nano.a(libc_a-memcpy-stub.o)
                0x0800c946                memcpy
 *fill*         0x0800c962        0x2 
 .text.nanf     0x0800c964        0x8 C:/STM32_IDE/STM32CubeIDE_1.16.1/STM32CubeIDE/plugins/com.st.stm32cube.ide.mcu.externaltools.gnu-tools-for-stm32.12.3.rel1.win32_1.0.200.202406191623/tools/bin/../lib/gcc/arm-none-eabi/12.3.1/../../../../arm-none-eabi/lib/thumb/v7-m/nofp\libc_nano.a(libm_a-sf_nan.o)
                0x0800c964                nanf
 .text.quorem   0x0800c96c      0x110 C:/STM32_IDE/STM32CubeIDE_1.16.1/STM32CubeIDE/plugins/com.st.stm32cube.ide.mcu.externaltools.gnu-tools-for-stm32.12.3.rel1.win32_1.0.200.202406191623/tools/bin/../lib/gcc/arm-none-eabi/12.3.1/../../../../arm-none-eabi/lib/thumb/v7-m/nofp\libc_nano.a(libc_a-dtoa.o)
 *fill*         0x0800ca7c        0x4 
 .text._dtoa_r  0x0800ca80      0xb90 C:/STM32_IDE/STM32CubeIDE_1.16.1/STM32CubeIDE/plugins/com.st.stm32cube.ide.mcu.externaltools.gnu-tools-for-stm32.12.3.rel1.win32_1.0.200.202406191623/tools/bin/../lib/gcc/arm-none-eabi/12.3.1/../../../../arm-none-eabi/lib/thumb/v7-m/nofp\libc_nano.a(libc_a-dtoa.o)
                0x0800ca80                _dtoa_r
 .text._free_r  0x0800d610       0x90 C:/STM32_IDE/STM32CubeIDE_1.16.1/STM32CubeIDE/plugins/com.st.stm32cube.ide.mcu.externaltools.gnu-tools-for-stm32.12.3.rel1.win32_1.0.200.202406191623/tools/bin/../lib/gcc/arm-none-eabi/12.3.1/../../../../arm-none-eabi/lib/thumb/v7-m/nofp\libc_nano.a(libc_a-freer.o)
                0x0800d610                _free_r
 .text.malloc   0x0800d6a0       0x10 C:/STM32_IDE/STM32CubeIDE_1.16.1/STM32CubeIDE/plugins/com.st.stm32cube.ide.mcu.externaltools.gnu-tools-for-stm32.12.3.rel1.win32_1.0.200.202406191623/tools/bin/../lib/gcc/arm-none-eabi/12.3.1/../../../../arm-none-eabi/lib/thumb/v7-m/nofp\libc_nano.a(libc_a-malloc.o)
                0x0800d6a0                malloc
 .text.sbrk_aligned
                0x0800d6b0       0x44 C:/STM32_IDE/STM32CubeIDE_1.16.1/STM32CubeIDE/plugins/com.st.stm32cube.ide.mcu.externaltools.gnu-tools-for-stm32.12.3.rel1.win32_1.0.200.202406191623/tools/bin/../lib/gcc/arm-none-eabi/12.3.1/../../../../arm-none-eabi/lib/thumb/v7-m/nofp\libc_nano.a(libc_a-mallocr.o)
 .text._malloc_r
                0x0800d6f4      0x100 C:/STM32_IDE/STM32CubeIDE_1.16.1/STM32CubeIDE/plugins/com.st.stm32cube.ide.mcu.externaltools.gnu-tools-for-stm32.12.3.rel1.win32_1.0.200.202406191623/tools/bin/../lib/gcc/arm-none-eabi/12.3.1/../../../../arm-none-eabi/lib/thumb/v7-m/nofp\libc_nano.a(libc_a-mallocr.o)
                0x0800d6f4                _malloc_r
 .text.__malloc_lock
                0x0800d7f4        0xc C:/STM32_IDE/STM32CubeIDE_1.16.1/STM32CubeIDE/plugins/com.st.stm32cube.ide.mcu.externaltools.gnu-tools-for-stm32.12.3.rel1.win32_1.0.200.202406191623/tools/bin/../lib/gcc/arm-none-eabi/12.3.1/../../../../arm-none-eabi/lib/thumb/v7-m/nofp\libc_nano.a(libc_a-mlock.o)
                0x0800d7f4                __malloc_lock
 .text.__malloc_unlock
                0x0800d800        0xc C:/STM32_IDE/STM32CubeIDE_1.16.1/STM32CubeIDE/plugins/com.st.stm32cube.ide.mcu.externaltools.gnu-tools-for-stm32.12.3.rel1.win32_1.0.200.202406191623/tools/bin/../lib/gcc/arm-none-eabi/12.3.1/../../../../arm-none-eabi/lib/thumb/v7-m/nofp\libc_nano.a(libc_a-mlock.o)
                0x0800d800                __malloc_unlock
 .text._Balloc  0x0800d80c       0x80 C:/STM32_IDE/STM32CubeIDE_1.16.1/STM32CubeIDE/plugins/com.st.stm32cube.ide.mcu.externaltools.gnu-tools-for-stm32.12.3.rel1.win32_1.0.200.202406191623/tools/bin/../lib/gcc/arm-none-eabi/12.3.1/../../../../arm-none-eabi/lib/thumb/v7-m/nofp\libc_nano.a(libc_a-mprec.o)
                0x0800d80c                _Balloc
 .text._Bfree   0x0800d88c       0x44 C:/STM32_IDE/STM32CubeIDE_1.16.1/STM32CubeIDE/plugins/com.st.stm32cube.ide.mcu.externaltools.gnu-tools-for-stm32.12.3.rel1.win32_1.0.200.202406191623/tools/bin/../lib/gcc/arm-none-eabi/12.3.1/../../../../arm-none-eabi/lib/thumb/v7-m/nofp\libc_nano.a(libc_a-mprec.o)
                0x0800d88c                _Bfree
 .text.__multadd
                0x0800d8d0       0x8c C:/STM32_IDE/STM32CubeIDE_1.16.1/STM32CubeIDE/plugins/com.st.stm32cube.ide.mcu.externaltools.gnu-tools-for-stm32.12.3.rel1.win32_1.0.200.202406191623/tools/bin/../lib/gcc/arm-none-eabi/12.3.1/../../../../arm-none-eabi/lib/thumb/v7-m/nofp\libc_nano.a(libc_a-mprec.o)
                0x0800d8d0                __multadd
 .text.__s2b    0x0800d95c       0x94 C:/STM32_IDE/STM32CubeIDE_1.16.1/STM32CubeIDE/plugins/com.st.stm32cube.ide.mcu.externaltools.gnu-tools-for-stm32.12.3.rel1.win32_1.0.200.202406191623/tools/bin/../lib/gcc/arm-none-eabi/12.3.1/../../../../arm-none-eabi/lib/thumb/v7-m/nofp\libc_nano.a(libc_a-mprec.o)
                0x0800d95c                __s2b
 .text.__hi0bits
                0x0800d9f0       0x3e C:/STM32_IDE/STM32CubeIDE_1.16.1/STM32CubeIDE/plugins/com.st.stm32cube.ide.mcu.externaltools.gnu-tools-for-stm32.12.3.rel1.win32_1.0.200.202406191623/tools/bin/../lib/gcc/arm-none-eabi/12.3.1/../../../../arm-none-eabi/lib/thumb/v7-m/nofp\libc_nano.a(libc_a-mprec.o)
                0x0800d9f0                __hi0bits
 .text.__lo0bits
                0x0800da2e       0x5a C:/STM32_IDE/STM32CubeIDE_1.16.1/STM32CubeIDE/plugins/com.st.stm32cube.ide.mcu.externaltools.gnu-tools-for-stm32.12.3.rel1.win32_1.0.200.202406191623/tools/bin/../lib/gcc/arm-none-eabi/12.3.1/../../../../arm-none-eabi/lib/thumb/v7-m/nofp\libc_nano.a(libc_a-mprec.o)
                0x0800da2e                __lo0bits
 .text.__i2b    0x0800da88       0x2c C:/STM32_IDE/STM32CubeIDE_1.16.1/STM32CubeIDE/plugins/com.st.stm32cube.ide.mcu.externaltools.gnu-tools-for-stm32.12.3.rel1.win32_1.0.200.202406191623/tools/bin/../lib/gcc/arm-none-eabi/12.3.1/../../../../arm-none-eabi/lib/thumb/v7-m/nofp\libc_nano.a(libc_a-mprec.o)
                0x0800da88                __i2b
 .text.__multiply
                0x0800dab4      0x150 C:/STM32_IDE/STM32CubeIDE_1.16.1/STM32CubeIDE/plugins/com.st.stm32cube.ide.mcu.externaltools.gnu-tools-for-stm32.12.3.rel1.win32_1.0.200.202406191623/tools/bin/../lib/gcc/arm-none-eabi/12.3.1/../../../../arm-none-eabi/lib/thumb/v7-m/nofp\libc_nano.a(libc_a-mprec.o)
                0x0800dab4                __multiply
 .text.__pow5mult
                0x0800dc04       0xb4 C:/STM32_IDE/STM32CubeIDE_1.16.1/STM32CubeIDE/plugins/com.st.stm32cube.ide.mcu.externaltools.gnu-tools-for-stm32.12.3.rel1.win32_1.0.200.202406191623/tools/bin/../lib/gcc/arm-none-eabi/12.3.1/../../../../arm-none-eabi/lib/thumb/v7-m/nofp\libc_nano.a(libc_a-mprec.o)
                0x0800dc04                __pow5mult
 .text.__lshift
                0x0800dcb8       0xd8 C:/STM32_IDE/STM32CubeIDE_1.16.1/STM32CubeIDE/plugins/com.st.stm32cube.ide.mcu.externaltools.gnu-tools-for-stm32.12.3.rel1.win32_1.0.200.202406191623/tools/bin/../lib/gcc/arm-none-eabi/12.3.1/../../../../arm-none-eabi/lib/thumb/v7-m/nofp\libc_nano.a(libc_a-mprec.o)
                0x0800dcb8                __lshift
 .text.__mcmp   0x0800dd90       0x36 C:/STM32_IDE/STM32CubeIDE_1.16.1/STM32CubeIDE/plugins/com.st.stm32cube.ide.mcu.externaltools.gnu-tools-for-stm32.12.3.rel1.win32_1.0.200.202406191623/tools/bin/../lib/gcc/arm-none-eabi/12.3.1/../../../../arm-none-eabi/lib/thumb/v7-m/nofp\libc_nano.a(libc_a-mprec.o)
                0x0800dd90                __mcmp
 *fill*         0x0800ddc6        0x2 
 .text.__mdiff  0x0800ddc8      0x128 C:/STM32_IDE/STM32CubeIDE_1.16.1/STM32CubeIDE/plugins/com.st.stm32cube.ide.mcu.externaltools.gnu-tools-for-stm32.12.3.rel1.win32_1.0.200.202406191623/tools/bin/../lib/gcc/arm-none-eabi/12.3.1/../../../../arm-none-eabi/lib/thumb/v7-m/nofp\libc_nano.a(libc_a-mprec.o)
                0x0800ddc8                __mdiff
 .text.__ulp    0x0800def0       0x40 C:/STM32_IDE/STM32CubeIDE_1.16.1/STM32CubeIDE/plugins/com.st.stm32cube.ide.mcu.externaltools.gnu-tools-for-stm32.12.3.rel1.win32_1.0.200.202406191623/tools/bin/../lib/gcc/arm-none-eabi/12.3.1/../../../../arm-none-eabi/lib/thumb/v7-m/nofp\libc_nano.a(libc_a-mprec.o)
                0x0800def0                __ulp
 .text.__b2d    0x0800df30       0x90 C:/STM32_IDE/STM32CubeIDE_1.16.1/STM32CubeIDE/plugins/com.st.stm32cube.ide.mcu.externaltools.gnu-tools-for-stm32.12.3.rel1.win32_1.0.200.202406191623/tools/bin/../lib/gcc/arm-none-eabi/12.3.1/../../../../arm-none-eabi/lib/thumb/v7-m/nofp\libc_nano.a(libc_a-mprec.o)
                0x0800df30                __b2d
 .text.__d2b    0x0800dfc0       0xb0 C:/STM32_IDE/STM32CubeIDE_1.16.1/STM32CubeIDE/plugins/com.st.stm32cube.ide.mcu.externaltools.gnu-tools-for-stm32.12.3.rel1.win32_1.0.200.202406191623/tools/bin/../lib/gcc/arm-none-eabi/12.3.1/../../../../arm-none-eabi/lib/thumb/v7-m/nofp\libc_nano.a(libc_a-mprec.o)
                0x0800dfc0                __d2b
 .text.__ratio  0x0800e070       0x60 C:/STM32_IDE/STM32CubeIDE_1.16.1/STM32CubeIDE/plugins/com.st.stm32cube.ide.mcu.externaltools.gnu-tools-for-stm32.12.3.rel1.win32_1.0.200.202406191623/tools/bin/../lib/gcc/arm-none-eabi/12.3.1/../../../../arm-none-eabi/lib/thumb/v7-m/nofp\libc_nano.a(libc_a-mprec.o)
                0x0800e070                __ratio
 .text.__copybits
                0x0800e0d0       0x46 C:/STM32_IDE/STM32CubeIDE_1.16.1/STM32CubeIDE/plugins/com.st.stm32cube.ide.mcu.externaltools.gnu-tools-for-stm32.12.3.rel1.win32_1.0.200.202406191623/tools/bin/../lib/gcc/arm-none-eabi/12.3.1/../../../../arm-none-eabi/lib/thumb/v7-m/nofp\libc_nano.a(libc_a-mprec.o)
                0x0800e0d0                __copybits
 .text.__any_on
                0x0800e116       0x42 C:/STM32_IDE/STM32CubeIDE_1.16.1/STM32CubeIDE/plugins/com.st.stm32cube.ide.mcu.externaltools.gnu-tools-for-stm32.12.3.rel1.win32_1.0.200.202406191623/tools/bin/../lib/gcc/arm-none-eabi/12.3.1/../../../../arm-none-eabi/lib/thumb/v7-m/nofp\libc_nano.a(libc_a-mprec.o)
                0x0800e116                __any_on
 .text.sulp     0x0800e158       0x42 C:/STM32_IDE/STM32CubeIDE_1.16.1/STM32CubeIDE/plugins/com.st.stm32cube.ide.mcu.externaltools.gnu-tools-for-stm32.12.3.rel1.win32_1.0.200.202406191623/tools/bin/../lib/gcc/arm-none-eabi/12.3.1/../../../../arm-none-eabi/lib/thumb/v7-m/nofp\libc_nano.a(libc_a-strtod.o)
 *fill*         0x0800e19a        0x6 
 .text._strtod_l
                0x0800e1a0      0xbb0 C:/STM32_IDE/STM32CubeIDE_1.16.1/STM32CubeIDE/plugins/com.st.stm32cube.ide.mcu.externaltools.gnu-tools-for-stm32.12.3.rel1.win32_1.0.200.202406191623/tools/bin/../lib/gcc/arm-none-eabi/12.3.1/../../../../arm-none-eabi/lib/thumb/v7-m/nofp\libc_nano.a(libc_a-strtod.o)
                0x0800e1a0                _strtod_l
 .text._strtod_r
                0x0800ed50        0xc C:/STM32_IDE/STM32CubeIDE_1.16.1/STM32CubeIDE/plugins/com.st.stm32cube.ide.mcu.externaltools.gnu-tools-for-stm32.12.3.rel1.win32_1.0.200.202406191623/tools/bin/../lib/gcc/arm-none-eabi/12.3.1/../../../../arm-none-eabi/lib/thumb/v7-m/nofp\libc_nano.a(libc_a-strtod.o)
                0x0800ed50                _strtod_r
 .text.__ssputs_r
                0x0800ed5c       0xb6 C:/STM32_IDE/STM32CubeIDE_1.16.1/STM32CubeIDE/plugins/com.st.stm32cube.ide.mcu.externaltools.gnu-tools-for-stm32.12.3.rel1.win32_1.0.200.202406191623/tools/bin/../lib/gcc/arm-none-eabi/12.3.1/../../../../arm-none-eabi/lib/thumb/v7-m/nofp\libc_nano.a(libc_a-nano-svfprintf.o)
                0x0800ed5c                __ssputs_r
 *fill*         0x0800ee12        0x2 
 .text._svfprintf_r
                0x0800ee14      0x1f8 C:/STM32_IDE/STM32CubeIDE_1.16.1/STM32CubeIDE/plugins/com.st.stm32cube.ide.mcu.externaltools.gnu-tools-for-stm32.12.3.rel1.win32_1.0.200.202406191623/tools/bin/../lib/gcc/arm-none-eabi/12.3.1/../../../../arm-none-eabi/lib/thumb/v7-m/nofp\libc_nano.a(libc_a-nano-svfprintf.o)
                0x0800ee14                _svfiprintf_r
                0x0800ee14                _svfprintf_r
 .text.__sfputc_r
                0x0800f00c       0x2a C:/STM32_IDE/STM32CubeIDE_1.16.1/STM32CubeIDE/plugins/com.st.stm32cube.ide.mcu.externaltools.gnu-tools-for-stm32.12.3.rel1.win32_1.0.200.202406191623/tools/bin/../lib/gcc/arm-none-eabi/12.3.1/../../../../arm-none-eabi/lib/thumb/v7-m/nofp\libc_nano.a(libc_a-nano-vfprintf.o)
 .text.__sfputs_r
                0x0800f036       0x24 C:/STM32_IDE/STM32CubeIDE_1.16.1/STM32CubeIDE/plugins/com.st.stm32cube.ide.mcu.externaltools.gnu-tools-for-stm32.12.3.rel1.win32_1.0.200.202406191623/tools/bin/../lib/gcc/arm-none-eabi/12.3.1/../../../../arm-none-eabi/lib/thumb/v7-m/nofp\libc_nano.a(libc_a-nano-vfprintf.o)
                0x0800f036                __sfputs_r
 *fill*         0x0800f05a        0x2 
 .text._vfprintf_r
                0x0800f05c      0x230 C:/STM32_IDE/STM32CubeIDE_1.16.1/STM32CubeIDE/plugins/com.st.stm32cube.ide.mcu.externaltools.gnu-tools-for-stm32.12.3.rel1.win32_1.0.200.202406191623/tools/bin/../lib/gcc/arm-none-eabi/12.3.1/../../../../arm-none-eabi/lib/thumb/v7-m/nofp\libc_nano.a(libc_a-nano-vfprintf.o)
                0x0800f05c                _vfprintf_r
                0x0800f05c                _vfiprintf_r
 .text.__sflush_r
                0x0800f28c      0x100 C:/STM32_IDE/STM32CubeIDE_1.16.1/STM32CubeIDE/plugins/com.st.stm32cube.ide.mcu.externaltools.gnu-tools-for-stm32.12.3.rel1.win32_1.0.200.202406191623/tools/bin/../lib/gcc/arm-none-eabi/12.3.1/../../../../arm-none-eabi/lib/thumb/v7-m/nofp\libc_nano.a(libc_a-fflush.o)
                0x0800f28c                __sflush_r
 .text._fflush_r
                0x0800f38c       0x50 C:/STM32_IDE/STM32CubeIDE_1.16.1/STM32CubeIDE/plugins/com.st.stm32cube.ide.mcu.externaltools.gnu-tools-for-stm32.12.3.rel1.win32_1.0.200.202406191623/tools/bin/../lib/gcc/arm-none-eabi/12.3.1/../../../../arm-none-eabi/lib/thumb/v7-m/nofp\libc_nano.a(libc_a-fflush.o)
                0x0800f38c                _fflush_r
 .text.__swbuf_r
                0x0800f3dc       0x7c C:/STM32_IDE/STM32CubeIDE_1.16.1/STM32CubeIDE/plugins/com.st.stm32cube.ide.mcu.externaltools.gnu-tools-for-stm32.12.3.rel1.win32_1.0.200.202406191623/tools/bin/../lib/gcc/arm-none-eabi/12.3.1/../../../../arm-none-eabi/lib/thumb/v7-m/nofp\libc_nano.a(libc_a-wbuf.o)
                0x0800f3dc                __swbuf_r
 .text.__swsetup_r
                0x0800f458       0xac C:/STM32_IDE/STM32CubeIDE_1.16.1/STM32CubeIDE/plugins/com.st.stm32cube.ide.mcu.externaltools.gnu-tools-for-stm32.12.3.rel1.win32_1.0.200.202406191623/tools/bin/../lib/gcc/arm-none-eabi/12.3.1/../../../../arm-none-eabi/lib/thumb/v7-m/nofp\libc_nano.a(libc_a-wsetup.o)
                0x0800f458                __swsetup_r
 .text.memmove  0x0800f504       0x34 C:/STM32_IDE/STM32CubeIDE_1.16.1/STM32CubeIDE/plugins/com.st.stm32cube.ide.mcu.externaltools.gnu-tools-for-stm32.12.3.rel1.win32_1.0.200.202406191623/tools/bin/../lib/gcc/arm-none-eabi/12.3.1/../../../../arm-none-eabi/lib/thumb/v7-m/nofp\libc_nano.a(libc_a-memmove.o)
                0x0800f504                memmove
 .text.strncmp  0x0800f538       0x24 C:/STM32_IDE/STM32CubeIDE_1.16.1/STM32CubeIDE/plugins/com.st.stm32cube.ide.mcu.externaltools.gnu-tools-for-stm32.12.3.rel1.win32_1.0.200.202406191623/tools/bin/../lib/gcc/arm-none-eabi/12.3.1/../../../../arm-none-eabi/lib/thumb/v7-m/nofp\libc_nano.a(libc_a-strncmp.o)
                0x0800f538                strncmp
 .text._sbrk_r  0x0800f55c       0x20 C:/STM32_IDE/STM32CubeIDE_1.16.1/STM32CubeIDE/plugins/com.st.stm32cube.ide.mcu.externaltools.gnu-tools-for-stm32.12.3.rel1.win32_1.0.200.202406191623/tools/bin/../lib/gcc/arm-none-eabi/12.3.1/../../../../arm-none-eabi/lib/thumb/v7-m/nofp\libc_nano.a(libc_a-sbrkr.o)
                0x0800f55c                _sbrk_r
 .text.nan      0x0800f57c        0xc C:/STM32_IDE/STM32CubeIDE_1.16.1/STM32CubeIDE/plugins/com.st.stm32cube.ide.mcu.externaltools.gnu-tools-for-stm32.12.3.rel1.win32_1.0.200.202406191623/tools/bin/../lib/gcc/arm-none-eabi/12.3.1/../../../../arm-none-eabi/lib/thumb/v7-m/nofp\libc_nano.a(libm_a-s_nan.o)
                0x0800f57c                nan
 .text.__assert_func
                0x0800f588       0x3c C:/STM32_IDE/STM32CubeIDE_1.16.1/STM32CubeIDE/plugins/com.st.stm32cube.ide.mcu.externaltools.gnu-tools-for-stm32.12.3.rel1.win32_1.0.200.202406191623/tools/bin/../lib/gcc/arm-none-eabi/12.3.1/../../../../arm-none-eabi/lib/thumb/v7-m/nofp\libc_nano.a(libc_a-assert.o)
                0x0800f588                __assert_func
 .text._calloc_r
                0x0800f5c4       0x28 C:/STM32_IDE/STM32CubeIDE_1.16.1/STM32CubeIDE/plugins/com.st.stm32cube.ide.mcu.externaltools.gnu-tools-for-stm32.12.3.rel1.win32_1.0.200.202406191623/tools/bin/../lib/gcc/arm-none-eabi/12.3.1/../../../../arm-none-eabi/lib/thumb/v7-m/nofp\libc_nano.a(libc_a-callocr.o)
                0x0800f5c4                _calloc_r
 .text.rshift   0x0800f5ec       0xa6 C:/STM32_IDE/STM32CubeIDE_1.16.1/STM32CubeIDE/plugins/com.st.stm32cube.ide.mcu.externaltools.gnu-tools-for-stm32.12.3.rel1.win32_1.0.200.202406191623/tools/bin/../lib/gcc/arm-none-eabi/12.3.1/../../../../arm-none-eabi/lib/thumb/v7-m/nofp\libc_nano.a(libc_a-gdtoa-gethex.o)
 .text.__hexdig_fun
                0x0800f692       0x2a C:/STM32_IDE/STM32CubeIDE_1.16.1/STM32CubeIDE/plugins/com.st.stm32cube.ide.mcu.externaltools.gnu-tools-for-stm32.12.3.rel1.win32_1.0.200.202406191623/tools/bin/../lib/gcc/arm-none-eabi/12.3.1/../../../../arm-none-eabi/lib/thumb/v7-m/nofp\libc_nano.a(libc_a-gdtoa-gethex.o)
                0x0800f692                __hexdig_fun
 .text.__gethex
                0x0800f6bc      0x420 C:/STM32_IDE/STM32CubeIDE_1.16.1/STM32CubeIDE/plugins/com.st.stm32cube.ide.mcu.externaltools.gnu-tools-for-stm32.12.3.rel1.win32_1.0.200.202406191623/tools/bin/../lib/gcc/arm-none-eabi/12.3.1/../../../../arm-none-eabi/lib/thumb/v7-m/nofp\libc_nano.a(libc_a-gdtoa-gethex.o)
                0x0800f6bc                __gethex
 .text.L_shift  0x0800fadc       0x24 C:/STM32_IDE/STM32CubeIDE_1.16.1/STM32CubeIDE/plugins/com.st.stm32cube.ide.mcu.externaltools.gnu-tools-for-stm32.12.3.rel1.win32_1.0.200.202406191623/tools/bin/../lib/gcc/arm-none-eabi/12.3.1/../../../../arm-none-eabi/lib/thumb/v7-m/nofp\libc_nano.a(libc_a-gdtoa-hexnan.o)
 .text.__match  0x0800fb00       0x28 C:/STM32_IDE/STM32CubeIDE_1.16.1/STM32CubeIDE/plugins/com.st.stm32cube.ide.mcu.externaltools.gnu-tools-for-stm32.12.3.rel1.win32_1.0.200.202406191623/tools/bin/../lib/gcc/arm-none-eabi/12.3.1/../../../../arm-none-eabi/lib/thumb/v7-m/nofp\libc_nano.a(libc_a-gdtoa-hexnan.o)
                0x0800fb00                __match
 .text.__hexnan
                0x0800fb28      0x136 C:/STM32_IDE/STM32CubeIDE_1.16.1/STM32CubeIDE/plugins/com.st.stm32cube.ide.mcu.externaltools.gnu-tools-for-stm32.12.3.rel1.win32_1.0.200.202406191623/tools/bin/../lib/gcc/arm-none-eabi/12.3.1/../../../../arm-none-eabi/lib/thumb/v7-m/nofp\libc_nano.a(libc_a-gdtoa-hexnan.o)
                0x0800fb28                __hexnan
 .text.__ascii_mbtowc
                0x0800fc5e       0x24 C:/STM32_IDE/STM32CubeIDE_1.16.1/STM32CubeIDE/plugins/com.st.stm32cube.ide.mcu.externaltools.gnu-tools-for-stm32.12.3.rel1.win32_1.0.200.202406191623/tools/bin/../lib/gcc/arm-none-eabi/12.3.1/../../../../arm-none-eabi/lib/thumb/v7-m/nofp\libc_nano.a(libc_a-mbtowc_r.o)
                0x0800fc5e                __ascii_mbtowc
 .text._realloc_r
                0x0800fc82       0x5c C:/STM32_IDE/STM32CubeIDE_1.16.1/STM32CubeIDE/plugins/com.st.stm32cube.ide.mcu.externaltools.gnu-tools-for-stm32.12.3.rel1.win32_1.0.200.202406191623/tools/bin/../lib/gcc/arm-none-eabi/12.3.1/../../../../arm-none-eabi/lib/thumb/v7-m/nofp\libc_nano.a(libc_a-reallocr.o)
                0x0800fc82                _realloc_r
 .text.__ascii_wctomb
                0x0800fcde       0x1a C:/STM32_IDE/STM32CubeIDE_1.16.1/STM32CubeIDE/plugins/com.st.stm32cube.ide.mcu.externaltools.gnu-tools-for-stm32.12.3.rel1.win32_1.0.200.202406191623/tools/bin/../lib/gcc/arm-none-eabi/12.3.1/../../../../arm-none-eabi/lib/thumb/v7-m/nofp\libc_nano.a(libc_a-wctomb_r.o)
                0x0800fcde                __ascii_wctomb
 .text.fprintf  0x0800fcf8       0x24 C:/STM32_IDE/STM32CubeIDE_1.16.1/STM32CubeIDE/plugins/com.st.stm32cube.ide.mcu.externaltools.gnu-tools-for-stm32.12.3.rel1.win32_1.0.200.202406191623/tools/bin/../lib/gcc/arm-none-eabi/12.3.1/../../../../arm-none-eabi/lib/thumb/v7-m/nofp\libc_nano.a(libc_a-fprintf.o)
                0x0800fcf8                fiprintf
                0x0800fcf8                fprintf
 .text.__swhatbuf_r
                0x0800fd1c       0x4a C:/STM32_IDE/STM32CubeIDE_1.16.1/STM32CubeIDE/plugins/com.st.stm32cube.ide.mcu.externaltools.gnu-tools-for-stm32.12.3.rel1.win32_1.0.200.202406191623/tools/bin/../lib/gcc/arm-none-eabi/12.3.1/../../../../arm-none-eabi/lib/thumb/v7-m/nofp\libc_nano.a(libc_a-makebuf.o)
                0x0800fd1c                __swhatbuf_r
 .text.__smakebuf_r
                0x0800fd66       0x78 C:/STM32_IDE/STM32CubeIDE_1.16.1/STM32CubeIDE/plugins/com.st.stm32cube.ide.mcu.externaltools.gnu-tools-for-stm32.12.3.rel1.win32_1.0.200.202406191623/tools/bin/../lib/gcc/arm-none-eabi/12.3.1/../../../../arm-none-eabi/lib/thumb/v7-m/nofp\libc_nano.a(libc_a-makebuf.o)
                0x0800fd66                __smakebuf_r
 *fill*         0x0800fdde        0x2 
 .text._fstat_r
                0x0800fde0       0x24 C:/STM32_IDE/STM32CubeIDE_1.16.1/STM32CubeIDE/plugins/com.st.stm32cube.ide.mcu.externaltools.gnu-tools-for-stm32.12.3.rel1.win32_1.0.200.202406191623/tools/bin/../lib/gcc/arm-none-eabi/12.3.1/../../../../arm-none-eabi/lib/thumb/v7-m/nofp\libc_nano.a(libc_a-fstatr.o)
                0x0800fde0                _fstat_r
 .text._isatty_r
                0x0800fe04       0x20 C:/STM32_IDE/STM32CubeIDE_1.16.1/STM32CubeIDE/plugins/com.st.stm32cube.ide.mcu.externaltools.gnu-tools-for-stm32.12.3.rel1.win32_1.0.200.202406191623/tools/bin/../lib/gcc/arm-none-eabi/12.3.1/../../../../arm-none-eabi/lib/thumb/v7-m/nofp\libc_nano.a(libc_a-isattyr.o)
                0x0800fe04                _isatty_r
 .text.abort    0x0800fe24        0xe C:/STM32_IDE/STM32CubeIDE_1.16.1/STM32CubeIDE/plugins/com.st.stm32cube.ide.mcu.externaltools.gnu-tools-for-stm32.12.3.rel1.win32_1.0.200.202406191623/tools/bin/../lib/gcc/arm-none-eabi/12.3.1/../../../../arm-none-eabi/lib/thumb/v7-m/nofp\libc_nano.a(libc_a-abort.o)
                0x0800fe24                abort
 .text._malloc_usable_size_r
                0x0800fe32       0x10 C:/STM32_IDE/STM32CubeIDE_1.16.1/STM32CubeIDE/plugins/com.st.stm32cube.ide.mcu.externaltools.gnu-tools-for-stm32.12.3.rel1.win32_1.0.200.202406191623/tools/bin/../lib/gcc/arm-none-eabi/12.3.1/../../../../arm-none-eabi/lib/thumb/v7-m/nofp\libc_nano.a(libc_a-msizer.o)
                0x0800fe32                _malloc_usable_size_r
 .text._raise_r
                0x0800fe42       0x50 C:/STM32_IDE/STM32CubeIDE_1.16.1/STM32CubeIDE/plugins/com.st.stm32cube.ide.mcu.externaltools.gnu-tools-for-stm32.12.3.rel1.win32_1.0.200.202406191623/tools/bin/../lib/gcc/arm-none-eabi/12.3.1/../../../../arm-none-eabi/lib/thumb/v7-m/nofp\libc_nano.a(libc_a-signal.o)
                0x0800fe42                _raise_r
 *fill*         0x0800fe92        0x2 
 .text.raise    0x0800fe94       0x10 C:/STM32_IDE/STM32CubeIDE_1.16.1/STM32CubeIDE/plugins/com.st.stm32cube.ide.mcu.externaltools.gnu-tools-for-stm32.12.3.rel1.win32_1.0.200.202406191623/tools/bin/../lib/gcc/arm-none-eabi/12.3.1/../../../../arm-none-eabi/lib/thumb/v7-m/nofp\libc_nano.a(libc_a-signal.o)
                0x0800fe94                raise
 .text._kill_r  0x0800fea4       0x24 C:/STM32_IDE/STM32CubeIDE_1.16.1/STM32CubeIDE/plugins/com.st.stm32cube.ide.mcu.externaltools.gnu-tools-for-stm32.12.3.rel1.win32_1.0.200.202406191623/tools/bin/../lib/gcc/arm-none-eabi/12.3.1/../../../../arm-none-eabi/lib/thumb/v7-m/nofp\libc_nano.a(libc_a-signalr.o)
                0x0800fea4                _kill_r
 .text._getpid_r
                0x0800fec8        0x4 C:/STM32_IDE/STM32CubeIDE_1.16.1/STM32CubeIDE/plugins/com.st.stm32cube.ide.mcu.externaltools.gnu-tools-for-stm32.12.3.rel1.win32_1.0.200.202406191623/tools/bin/../lib/gcc/arm-none-eabi/12.3.1/../../../../arm-none-eabi/lib/thumb/v7-m/nofp\libc_nano.a(libc_a-signalr.o)
                0x0800fec8                _getpid_r
 *(.glue_7)
 .glue_7        0x0800fecc        0x0 linker stubs
 *(.glue_7t)
 .glue_7t       0x0800fecc        0x0 linker stubs
 *(.eh_frame)
 .eh_frame      0x0800fecc        0x0 C:/STM32_IDE/STM32CubeIDE_1.16.1/STM32CubeIDE/plugins/com.st.stm32cube.ide.mcu.externaltools.gnu-tools-for-stm32.12.3.rel1.win32_1.0.200.202406191623/tools/bin/../lib/gcc/arm-none-eabi/12.3.1/thumb/v7-m/nofp/crtbegin.o
 *(.init)
 .init          0x0800fecc        0x4 C:/STM32_IDE/STM32CubeIDE_1.16.1/STM32CubeIDE/plugins/com.st.stm32cube.ide.mcu.externaltools.gnu-tools-for-stm32.12.3.rel1.win32_1.0.200.202406191623/tools/bin/../lib/gcc/arm-none-eabi/12.3.1/thumb/v7-m/nofp/crti.o
                0x0800fecc                _init
 .init          0x0800fed0        0x8 C:/STM32_IDE/STM32CubeIDE_1.16.1/STM32CubeIDE/plugins/com.st.stm32cube.ide.mcu.externaltools.gnu-tools-for-stm32.12.3.rel1.win32_1.0.200.202406191623/tools/bin/../lib/gcc/arm-none-eabi/12.3.1/thumb/v7-m/nofp/crtn.o
 *(.fini)
 .fini          0x0800fed8        0x4 C:/STM32_IDE/STM32CubeIDE_1.16.1/STM32CubeIDE/plugins/com.st.stm32cube.ide.mcu.externaltools.gnu-tools-for-stm32.12.3.rel1.win32_1.0.200.202406191623/tools/bin/../lib/gcc/arm-none-eabi/12.3.1/thumb/v7-m/nofp/crti.o
                0x0800fed8                _fini
 .fini          0x0800fedc        0x8 C:/STM32_IDE/STM32CubeIDE_1.16.1/STM32CubeIDE/plugins/com.st.stm32cube.ide.mcu.externaltools.gnu-tools-for-stm32.12.3.rel1.win32_1.0.200.202406191623/tools/bin/../lib/gcc/arm-none-eabi/12.3.1/thumb/v7-m/nofp/crtn.o
                0x0800fee4                        . = ALIGN (0x4)
                0x0800fee4                        _etext = .
